Component: ARM Compiler 6.14 Tool: armlink [5db06800]

==============================================================================

Section Cross References

    w5500.o(.text.WIZCHIP_READ) refers to wizchip_conf.o(.data.WIZCHIP) for WIZCHIP
    w5500.o(.ARM.exidx.text.WIZCHIP_READ) refers to w5500.o(.text.WIZCHIP_READ) for [Anonymous Symbol]
    w5500.o(.text.WIZCHIP_WRITE) refers to wizchip_conf.o(.data.WIZCHIP) for WIZCHIP
    w5500.o(.ARM.exidx.text.WIZCHIP_WRITE) refers to w5500.o(.text.WIZCHIP_WRITE) for [Anonymous Symbol]
    w5500.o(.text.WIZCHIP_READ_BUF) refers to wizchip_conf.o(.data.WIZCHIP) for WIZCHIP
    w5500.o(.ARM.exidx.text.WIZCHIP_READ_BUF) refers to w5500.o(.text.WIZCHIP_READ_BUF) for [Anonymous Symbol]
    w5500.o(.text.WIZCHIP_WRITE_BUF) refers to wizchip_conf.o(.data.WIZCHIP) for WIZCHIP
    w5500.o(.ARM.exidx.text.WIZCHIP_WRITE_BUF) refers to w5500.o(.text.WIZCHIP_WRITE_BUF) for [Anonymous Symbol]
    w5500.o(.text.getSn_TX_FSR) refers to w5500.o(.text.WIZCHIP_READ) for WIZCHIP_READ
    w5500.o(.ARM.exidx.text.getSn_TX_FSR) refers to w5500.o(.text.getSn_TX_FSR) for [Anonymous Symbol]
    w5500.o(.text.getSn_RX_RSR) refers to w5500.o(.text.WIZCHIP_READ) for WIZCHIP_READ
    w5500.o(.ARM.exidx.text.getSn_RX_RSR) refers to w5500.o(.text.getSn_RX_RSR) for [Anonymous Symbol]
    w5500.o(.text.wiz_send_data) refers to w5500.o(.text.WIZCHIP_READ) for WIZCHIP_READ
    w5500.o(.text.wiz_send_data) refers to w5500.o(.text.WIZCHIP_WRITE_BUF) for WIZCHIP_WRITE_BUF
    w5500.o(.text.wiz_send_data) refers to w5500.o(.text.WIZCHIP_WRITE) for WIZCHIP_WRITE
    w5500.o(.ARM.exidx.text.wiz_send_data) refers to w5500.o(.text.wiz_send_data) for [Anonymous Symbol]
    w5500.o(.text.wiz_recv_data) refers to w5500.o(.text.WIZCHIP_READ) for WIZCHIP_READ
    w5500.o(.text.wiz_recv_data) refers to w5500.o(.text.WIZCHIP_READ_BUF) for WIZCHIP_READ_BUF
    w5500.o(.text.wiz_recv_data) refers to w5500.o(.text.WIZCHIP_WRITE) for WIZCHIP_WRITE
    w5500.o(.ARM.exidx.text.wiz_recv_data) refers to w5500.o(.text.wiz_recv_data) for [Anonymous Symbol]
    w5500.o(.text.wiz_recv_ignore) refers to w5500.o(.text.WIZCHIP_READ) for WIZCHIP_READ
    w5500.o(.text.wiz_recv_ignore) refers to w5500.o(.text.WIZCHIP_WRITE) for WIZCHIP_WRITE
    w5500.o(.ARM.exidx.text.wiz_recv_ignore) refers to w5500.o(.text.wiz_recv_ignore) for [Anonymous Symbol]
    socket.o(.text.socket) refers to w5500.o(.text.WIZCHIP_READ_BUF) for WIZCHIP_READ_BUF
    socket.o(.text.socket) refers to socket.o(.text.close) for close
    socket.o(.text.socket) refers to w5500.o(.text.WIZCHIP_WRITE) for WIZCHIP_WRITE
    socket.o(.text.socket) refers to socket.o(.data.sock_any_port) for sock_any_port
    socket.o(.text.socket) refers to w5500.o(.text.WIZCHIP_READ) for WIZCHIP_READ
    socket.o(.text.socket) refers to socket.o(.bss.sock_io_mode) for sock_io_mode
    socket.o(.text.socket) refers to socket.o(.bss.sock_is_sending) for sock_is_sending
    socket.o(.text.socket) refers to socket.o(.bss.sock_remained_size) for sock_remained_size
    socket.o(.text.socket) refers to socket.o(.bss.sock_pack_info) for sock_pack_info
    socket.o(.ARM.exidx.text.socket) refers to socket.o(.text.socket) for [Anonymous Symbol]
    socket.o(.text.close) refers to w5500.o(.text.WIZCHIP_WRITE) for WIZCHIP_WRITE
    socket.o(.text.close) refers to w5500.o(.text.WIZCHIP_READ) for WIZCHIP_READ
    socket.o(.text.close) refers to socket.o(.bss.sock_io_mode) for sock_io_mode
    socket.o(.text.close) refers to socket.o(.bss.sock_is_sending) for sock_is_sending
    socket.o(.text.close) refers to socket.o(.bss.sock_remained_size) for sock_remained_size
    socket.o(.text.close) refers to socket.o(.bss.sock_pack_info) for sock_pack_info
    socket.o(.ARM.exidx.text.close) refers to socket.o(.text.close) for [Anonymous Symbol]
    socket.o(.text.listen) refers to w5500.o(.text.WIZCHIP_READ) for WIZCHIP_READ
    socket.o(.text.listen) refers to w5500.o(.text.WIZCHIP_WRITE) for WIZCHIP_WRITE
    socket.o(.text.listen) refers to socket.o(.text.close) for close
    socket.o(.ARM.exidx.text.listen) refers to socket.o(.text.listen) for [Anonymous Symbol]
    socket.o(.text.connect) refers to w5500.o(.text.WIZCHIP_READ) for WIZCHIP_READ
    socket.o(.text.connect) refers to w5500.o(.text.WIZCHIP_WRITE_BUF) for WIZCHIP_WRITE_BUF
    socket.o(.text.connect) refers to w5500.o(.text.WIZCHIP_WRITE) for WIZCHIP_WRITE
    socket.o(.text.connect) refers to socket.o(.bss.sock_io_mode) for sock_io_mode
    socket.o(.ARM.exidx.text.connect) refers to socket.o(.text.connect) for [Anonymous Symbol]
    socket.o(.text.disconnect) refers to w5500.o(.text.WIZCHIP_READ) for WIZCHIP_READ
    socket.o(.text.disconnect) refers to w5500.o(.text.WIZCHIP_WRITE) for WIZCHIP_WRITE
    socket.o(.text.disconnect) refers to socket.o(.bss.sock_is_sending) for sock_is_sending
    socket.o(.text.disconnect) refers to socket.o(.bss.sock_io_mode) for sock_io_mode
    socket.o(.text.disconnect) refers to socket.o(.text.close) for close
    socket.o(.ARM.exidx.text.disconnect) refers to socket.o(.text.disconnect) for [Anonymous Symbol]
    socket.o(.text.send) refers to w5500.o(.text.WIZCHIP_READ) for WIZCHIP_READ
    socket.o(.text.send) refers to socket.o(.bss.sock_is_sending) for sock_is_sending
    socket.o(.text.send) refers to w5500.o(.text.WIZCHIP_WRITE) for WIZCHIP_WRITE
    socket.o(.text.send) refers to socket.o(.bss.sock_io_mode) for sock_io_mode
    socket.o(.text.send) refers to w5500.o(.text.getSn_TX_FSR) for getSn_TX_FSR
    socket.o(.text.send) refers to w5500.o(.text.wiz_send_data) for wiz_send_data
    socket.o(.text.send) refers to socket.o(.text.close) for close
    socket.o(.ARM.exidx.text.send) refers to socket.o(.text.send) for [Anonymous Symbol]
    socket.o(.text.recv) refers to w5500.o(.text.WIZCHIP_READ) for WIZCHIP_READ
    socket.o(.text.recv) refers to w5500.o(.text.getSn_RX_RSR) for getSn_RX_RSR
    socket.o(.text.recv) refers to w5500.o(.text.getSn_TX_FSR) for getSn_TX_FSR
    socket.o(.text.recv) refers to socket.o(.bss.sock_io_mode) for sock_io_mode
    socket.o(.text.recv) refers to w5500.o(.text.wiz_recv_data) for wiz_recv_data
    socket.o(.text.recv) refers to w5500.o(.text.WIZCHIP_WRITE) for WIZCHIP_WRITE
    socket.o(.text.recv) refers to socket.o(.text.close) for close
    socket.o(.ARM.exidx.text.recv) refers to socket.o(.text.recv) for [Anonymous Symbol]
    socket.o(.text.sendto) refers to w5500.o(.text.WIZCHIP_READ) for WIZCHIP_READ
    socket.o(.text.sendto) refers to w5500.o(.text.WIZCHIP_WRITE_BUF) for WIZCHIP_WRITE_BUF
    socket.o(.text.sendto) refers to w5500.o(.text.WIZCHIP_WRITE) for WIZCHIP_WRITE
    socket.o(.text.sendto) refers to socket.o(.bss.sock_io_mode) for sock_io_mode
    socket.o(.text.sendto) refers to w5500.o(.text.getSn_TX_FSR) for getSn_TX_FSR
    socket.o(.text.sendto) refers to w5500.o(.text.wiz_send_data) for wiz_send_data
    socket.o(.ARM.exidx.text.sendto) refers to socket.o(.text.sendto) for [Anonymous Symbol]
    socket.o(.text.recvfrom) refers to w5500.o(.text.WIZCHIP_READ) for WIZCHIP_READ
    socket.o(.text.recvfrom) refers to socket.o(.bss.sock_remained_size) for sock_remained_size
    socket.o(.text.recvfrom) refers to socket.o(.bss.sock_pack_info) for sock_pack_info
    socket.o(.text.recvfrom) refers to w5500.o(.text.wiz_recv_data) for wiz_recv_data
    socket.o(.text.recvfrom) refers to w5500.o(.text.WIZCHIP_WRITE) for WIZCHIP_WRITE
    socket.o(.text.recvfrom) refers to w5500.o(.text.getSn_RX_RSR) for getSn_RX_RSR
    socket.o(.text.recvfrom) refers to socket.o(.bss.sock_io_mode) for sock_io_mode
    socket.o(.text.recvfrom) refers to socket.o(.text.close) for close
    socket.o(.text.recvfrom) refers to w5500.o(.text.wiz_recv_ignore) for wiz_recv_ignore
    socket.o(.ARM.exidx.text.recvfrom) refers to socket.o(.text.recvfrom) for [Anonymous Symbol]
    socket.o(.text.ctlsocket) refers to socket.o(.bss.sock_io_mode) for sock_io_mode
    socket.o(.text.ctlsocket) refers to w5500.o(.text.WIZCHIP_READ) for WIZCHIP_READ
    socket.o(.text.ctlsocket) refers to w5500.o(.text.WIZCHIP_WRITE) for WIZCHIP_WRITE
    socket.o(.ARM.exidx.text.ctlsocket) refers to socket.o(.text.ctlsocket) for [Anonymous Symbol]
    socket.o(.text.setsockopt) refers to w5500.o(.text.WIZCHIP_WRITE) for WIZCHIP_WRITE
    socket.o(.text.setsockopt) refers to w5500.o(.text.WIZCHIP_WRITE_BUF) for WIZCHIP_WRITE_BUF
    socket.o(.text.setsockopt) refers to w5500.o(.text.WIZCHIP_READ) for WIZCHIP_READ
    socket.o(.ARM.exidx.text.setsockopt) refers to socket.o(.text.setsockopt) for [Anonymous Symbol]
    socket.o(.text.getsockopt) refers to w5500.o(.text.WIZCHIP_READ) for WIZCHIP_READ
    socket.o(.text.getsockopt) refers to socket.o(.bss.sock_remained_size) for sock_remained_size
    socket.o(.text.getsockopt) refers to w5500.o(.text.getSn_RX_RSR) for getSn_RX_RSR
    socket.o(.text.getsockopt) refers to socket.o(.bss.sock_pack_info) for sock_pack_info
    socket.o(.text.getsockopt) refers to w5500.o(.text.WIZCHIP_READ_BUF) for WIZCHIP_READ_BUF
    socket.o(.text.getsockopt) refers to w5500.o(.text.getSn_TX_FSR) for getSn_TX_FSR
    socket.o(.ARM.exidx.text.getsockopt) refers to socket.o(.text.getsockopt) for [Anonymous Symbol]
    spi.o(.ARM.exidx.text.SPI_Init) refers to spi.o(.text.SPI_Init) for [Anonymous Symbol]
    spi.o(.ARM.exidx.text.SPI_Transmit) refers to spi.o(.text.SPI_Transmit) for [Anonymous Symbol]
    spi.o(.ARM.exidx.text.SPI_Receive) refers to spi.o(.text.SPI_Receive) for [Anonymous Symbol]
    spi.o(.ARM.exidx.text.EN_CS) refers to spi.o(.text.EN_CS) for [Anonymous Symbol]
    spi.o(.ARM.exidx.text.DIS_CS) refers to spi.o(.text.DIS_CS) for [Anonymous Symbol]
    spi.o(.text.W5500_Init) refers to spi.o(.text.EN_CS) for EN_CS
    spi.o(.text.W5500_Init) refers to spi.o(.text.SPI_Transmit) for SPI_Transmit
    spi.o(.text.W5500_Init) refers to spi.o(.text.DIS_CS) for DIS_CS
    spi.o(.text.W5500_Init) refers to spi.o(.text.W5500_ConfigureNetwork) for W5500_ConfigureNetwork
    spi.o(.ARM.exidx.text.W5500_Init) refers to spi.o(.text.W5500_Init) for [Anonymous Symbol]
    spi.o(.text.W5500_ConfigureNetwork) refers to spi.o(.text.EN_CS) for EN_CS
    spi.o(.text.W5500_ConfigureNetwork) refers to spi.o(.text.SPI_Transmit) for SPI_Transmit
    spi.o(.text.W5500_ConfigureNetwork) refers to spi.o(.text.DIS_CS) for DIS_CS
    spi.o(.ARM.exidx.text.W5500_ConfigureNetwork) refers to spi.o(.text.W5500_ConfigureNetwork) for [Anonymous Symbol]
    spi.o(.text.main) refers to spi.o(.text.SPI_Init) for SPI_Init
    spi.o(.text.main) refers to spi.o(.text.W5500_Init) for W5500_Init
    spi.o(.ARM.exidx.text.main) refers to spi.o(.text.main) for [Anonymous Symbol]
    wizchip_conf.o(.ARM.exidx.text.wizchip_cris_enter) refers to wizchip_conf.o(.text.wizchip_cris_enter) for [Anonymous Symbol]
    wizchip_conf.o(.ARM.exidx.text.wizchip_cris_exit) refers to wizchip_conf.o(.text.wizchip_cris_exit) for [Anonymous Symbol]
    wizchip_conf.o(.ARM.exidx.text.wizchip_cs_select) refers to wizchip_conf.o(.text.wizchip_cs_select) for [Anonymous Symbol]
    wizchip_conf.o(.ARM.exidx.text.wizchip_cs_deselect) refers to wizchip_conf.o(.text.wizchip_cs_deselect) for [Anonymous Symbol]
    wizchip_conf.o(.ARM.exidx.text.wizchip_bus_readdata) refers to wizchip_conf.o(.text.wizchip_bus_readdata) for [Anonymous Symbol]
    wizchip_conf.o(.ARM.exidx.text.wizchip_bus_writedata) refers to wizchip_conf.o(.text.wizchip_bus_writedata) for [Anonymous Symbol]
    wizchip_conf.o(.ARM.exidx.text.wizchip_spi_readbyte) refers to wizchip_conf.o(.text.wizchip_spi_readbyte) for [Anonymous Symbol]
    wizchip_conf.o(.ARM.exidx.text.wizchip_spi_writebyte) refers to wizchip_conf.o(.text.wizchip_spi_writebyte) for [Anonymous Symbol]
    wizchip_conf.o(.ARM.exidx.text.wizchip_spi_readburst) refers to wizchip_conf.o(.text.wizchip_spi_readburst) for [Anonymous Symbol]
    wizchip_conf.o(.ARM.exidx.text.wizchip_spi_writeburst) refers to wizchip_conf.o(.text.wizchip_spi_writeburst) for [Anonymous Symbol]
    wizchip_conf.o(.text.reg_wizchip_cris_cbfunc) refers to wizchip_conf.o(.text.wizchip_cris_enter) for wizchip_cris_enter
    wizchip_conf.o(.text.reg_wizchip_cris_cbfunc) refers to wizchip_conf.o(.text.wizchip_cris_exit) for wizchip_cris_exit
    wizchip_conf.o(.text.reg_wizchip_cris_cbfunc) refers to wizchip_conf.o(.data.WIZCHIP) for WIZCHIP
    wizchip_conf.o(.ARM.exidx.text.reg_wizchip_cris_cbfunc) refers to wizchip_conf.o(.text.reg_wizchip_cris_cbfunc) for [Anonymous Symbol]
    wizchip_conf.o(.text.reg_wizchip_cs_cbfunc) refers to wizchip_conf.o(.text.wizchip_cs_select) for wizchip_cs_select
    wizchip_conf.o(.text.reg_wizchip_cs_cbfunc) refers to wizchip_conf.o(.text.wizchip_cs_deselect) for wizchip_cs_deselect
    wizchip_conf.o(.text.reg_wizchip_cs_cbfunc) refers to wizchip_conf.o(.data.WIZCHIP) for WIZCHIP
    wizchip_conf.o(.ARM.exidx.text.reg_wizchip_cs_cbfunc) refers to wizchip_conf.o(.text.reg_wizchip_cs_cbfunc) for [Anonymous Symbol]
    wizchip_conf.o(.text.reg_wizchip_bus_cbfunc) refers to wizchip_conf.o(.data.WIZCHIP) for WIZCHIP
    wizchip_conf.o(.text.reg_wizchip_bus_cbfunc) refers to wizchip_conf.o(.text.wizchip_bus_readdata) for wizchip_bus_readdata
    wizchip_conf.o(.text.reg_wizchip_bus_cbfunc) refers to wizchip_conf.o(.text.wizchip_bus_writedata) for wizchip_bus_writedata
    wizchip_conf.o(.ARM.exidx.text.reg_wizchip_bus_cbfunc) refers to wizchip_conf.o(.text.reg_wizchip_bus_cbfunc) for [Anonymous Symbol]
    wizchip_conf.o(.text.reg_wizchip_spi_cbfunc) refers to wizchip_conf.o(.data.WIZCHIP) for WIZCHIP
    wizchip_conf.o(.text.reg_wizchip_spi_cbfunc) refers to wizchip_conf.o(.text.wizchip_spi_readbyte) for wizchip_spi_readbyte
    wizchip_conf.o(.text.reg_wizchip_spi_cbfunc) refers to wizchip_conf.o(.text.wizchip_spi_writebyte) for wizchip_spi_writebyte
    wizchip_conf.o(.ARM.exidx.text.reg_wizchip_spi_cbfunc) refers to wizchip_conf.o(.text.reg_wizchip_spi_cbfunc) for [Anonymous Symbol]
    wizchip_conf.o(.text.reg_wizchip_spiburst_cbfunc) refers to wizchip_conf.o(.data.WIZCHIP) for WIZCHIP
    wizchip_conf.o(.text.reg_wizchip_spiburst_cbfunc) refers to wizchip_conf.o(.text.wizchip_spi_readburst) for wizchip_spi_readburst
    wizchip_conf.o(.text.reg_wizchip_spiburst_cbfunc) refers to wizchip_conf.o(.text.wizchip_spi_writeburst) for wizchip_spi_writeburst
    wizchip_conf.o(.ARM.exidx.text.reg_wizchip_spiburst_cbfunc) refers to wizchip_conf.o(.text.reg_wizchip_spiburst_cbfunc) for [Anonymous Symbol]
    wizchip_conf.o(.text.ctlwizchip) refers to wizchip_conf.o(.text.wizchip_sw_reset) for wizchip_sw_reset
    wizchip_conf.o(.text.ctlwizchip) refers to wizchip_conf.o(.text.wizchip_init) for wizchip_init
    wizchip_conf.o(.text.ctlwizchip) refers to wizchip_conf.o(.text.wizchip_getinterrupt) for wizchip_getinterrupt
    wizchip_conf.o(.text.ctlwizchip) refers to wizchip_conf.o(.text.wizchip_clrinterrupt) for wizchip_clrinterrupt
    wizchip_conf.o(.text.ctlwizchip) refers to wizchip_conf.o(.text.wizchip_setinterruptmask) for wizchip_setinterruptmask
    wizchip_conf.o(.text.ctlwizchip) refers to wizchip_conf.o(.text.wizchip_getinterruptmask) for wizchip_getinterruptmask
    wizchip_conf.o(.text.ctlwizchip) refers to w5500.o(.text.WIZCHIP_WRITE) for WIZCHIP_WRITE
    wizchip_conf.o(.text.ctlwizchip) refers to w5500.o(.text.WIZCHIP_READ) for WIZCHIP_READ
    wizchip_conf.o(.text.ctlwizchip) refers to wizchip_conf.o(.data.WIZCHIP) for WIZCHIP
    wizchip_conf.o(.text.ctlwizchip) refers to wizchip_conf.o(.text.wizphy_reset) for wizphy_reset
    wizchip_conf.o(.text.ctlwizchip) refers to wizchip_conf.o(.text.wizphy_setphyconf) for wizphy_setphyconf
    wizchip_conf.o(.text.ctlwizchip) refers to wizchip_conf.o(.text.wizphy_getphyconf) for wizphy_getphyconf
    wizchip_conf.o(.text.ctlwizchip) refers to wizchip_conf.o(.text.wizphy_setphypmode) for wizphy_setphypmode
    wizchip_conf.o(.text.ctlwizchip) refers to wizchip_conf.o(.text.wizphy_getphypmode) for wizphy_getphypmode
    wizchip_conf.o(.text.ctlwizchip) refers to wizchip_conf.o(.text.wizphy_getphylink) for wizphy_getphylink
    wizchip_conf.o(.ARM.exidx.text.ctlwizchip) refers to wizchip_conf.o(.text.ctlwizchip) for [Anonymous Symbol]
    wizchip_conf.o(.text.wizchip_sw_reset) refers to w5500.o(.text.WIZCHIP_READ_BUF) for WIZCHIP_READ_BUF
    wizchip_conf.o(.text.wizchip_sw_reset) refers to w5500.o(.text.WIZCHIP_WRITE) for WIZCHIP_WRITE
    wizchip_conf.o(.text.wizchip_sw_reset) refers to w5500.o(.text.WIZCHIP_READ) for WIZCHIP_READ
    wizchip_conf.o(.text.wizchip_sw_reset) refers to w5500.o(.text.WIZCHIP_WRITE_BUF) for WIZCHIP_WRITE_BUF
    wizchip_conf.o(.ARM.exidx.text.wizchip_sw_reset) refers to wizchip_conf.o(.text.wizchip_sw_reset) for [Anonymous Symbol]
    wizchip_conf.o(.text.wizchip_init) refers to wizchip_conf.o(.text.wizchip_sw_reset) for wizchip_sw_reset
    wizchip_conf.o(.text.wizchip_init) refers to w5500.o(.text.WIZCHIP_WRITE) for WIZCHIP_WRITE
    wizchip_conf.o(.ARM.exidx.text.wizchip_init) refers to wizchip_conf.o(.text.wizchip_init) for [Anonymous Symbol]
    wizchip_conf.o(.text.wizchip_clrinterrupt) refers to w5500.o(.text.WIZCHIP_WRITE) for WIZCHIP_WRITE
    wizchip_conf.o(.ARM.exidx.text.wizchip_clrinterrupt) refers to wizchip_conf.o(.text.wizchip_clrinterrupt) for [Anonymous Symbol]
    wizchip_conf.o(.text.wizchip_getinterrupt) refers to w5500.o(.text.WIZCHIP_READ) for WIZCHIP_READ
    wizchip_conf.o(.ARM.exidx.text.wizchip_getinterrupt) refers to wizchip_conf.o(.text.wizchip_getinterrupt) for [Anonymous Symbol]
    wizchip_conf.o(.text.wizchip_setinterruptmask) refers to w5500.o(.text.WIZCHIP_WRITE) for WIZCHIP_WRITE
    wizchip_conf.o(.ARM.exidx.text.wizchip_setinterruptmask) refers to wizchip_conf.o(.text.wizchip_setinterruptmask) for [Anonymous Symbol]
    wizchip_conf.o(.text.wizchip_getinterruptmask) refers to w5500.o(.text.WIZCHIP_READ) for WIZCHIP_READ
    wizchip_conf.o(.ARM.exidx.text.wizchip_getinterruptmask) refers to wizchip_conf.o(.text.wizchip_getinterruptmask) for [Anonymous Symbol]
    wizchip_conf.o(.text.wizphy_reset) refers to w5500.o(.text.WIZCHIP_READ) for WIZCHIP_READ
    wizchip_conf.o(.text.wizphy_reset) refers to w5500.o(.text.WIZCHIP_WRITE) for WIZCHIP_WRITE
    wizchip_conf.o(.ARM.exidx.text.wizphy_reset) refers to wizchip_conf.o(.text.wizphy_reset) for [Anonymous Symbol]
    wizchip_conf.o(.text.wizphy_setphyconf) refers to w5500.o(.text.WIZCHIP_WRITE) for WIZCHIP_WRITE
    wizchip_conf.o(.text.wizphy_setphyconf) refers to wizchip_conf.o(.text.wizphy_reset) for wizphy_reset
    wizchip_conf.o(.ARM.exidx.text.wizphy_setphyconf) refers to wizchip_conf.o(.text.wizphy_setphyconf) for [Anonymous Symbol]
    wizchip_conf.o(.text.wizphy_getphyconf) refers to w5500.o(.text.WIZCHIP_READ) for WIZCHIP_READ
    wizchip_conf.o(.ARM.exidx.text.wizphy_getphyconf) refers to wizchip_conf.o(.text.wizphy_getphyconf) for [Anonymous Symbol]
    wizchip_conf.o(.text.wizphy_setphypmode) refers to w5500.o(.text.WIZCHIP_READ) for WIZCHIP_READ
    wizchip_conf.o(.text.wizphy_setphypmode) refers to w5500.o(.text.WIZCHIP_WRITE) for WIZCHIP_WRITE
    wizchip_conf.o(.text.wizphy_setphypmode) refers to wizchip_conf.o(.text.wizphy_reset) for wizphy_reset
    wizchip_conf.o(.ARM.exidx.text.wizphy_setphypmode) refers to wizchip_conf.o(.text.wizphy_setphypmode) for [Anonymous Symbol]
    wizchip_conf.o(.text.wizphy_getphypmode) refers to w5500.o(.text.WIZCHIP_READ) for WIZCHIP_READ
    wizchip_conf.o(.ARM.exidx.text.wizphy_getphypmode) refers to wizchip_conf.o(.text.wizphy_getphypmode) for [Anonymous Symbol]
    wizchip_conf.o(.text.wizphy_getphylink) refers to w5500.o(.text.WIZCHIP_READ) for WIZCHIP_READ
    wizchip_conf.o(.ARM.exidx.text.wizphy_getphylink) refers to wizchip_conf.o(.text.wizphy_getphylink) for [Anonymous Symbol]
    wizchip_conf.o(.text.ctlnetwork) refers to wizchip_conf.o(.text.wizchip_setnetinfo) for wizchip_setnetinfo
    wizchip_conf.o(.text.ctlnetwork) refers to wizchip_conf.o(.text.wizchip_getnetinfo) for wizchip_getnetinfo
    wizchip_conf.o(.text.ctlnetwork) refers to wizchip_conf.o(.text.wizchip_setnetmode) for wizchip_setnetmode
    wizchip_conf.o(.text.ctlnetwork) refers to wizchip_conf.o(.text.wizchip_getnetmode) for wizchip_getnetmode
    wizchip_conf.o(.text.ctlnetwork) refers to wizchip_conf.o(.text.wizchip_settimeout) for wizchip_settimeout
    wizchip_conf.o(.text.ctlnetwork) refers to wizchip_conf.o(.text.wizchip_gettimeout) for wizchip_gettimeout
    wizchip_conf.o(.ARM.exidx.text.ctlnetwork) refers to wizchip_conf.o(.text.ctlnetwork) for [Anonymous Symbol]
    wizchip_conf.o(.text.wizchip_setnetinfo) refers to w5500.o(.text.WIZCHIP_WRITE_BUF) for WIZCHIP_WRITE_BUF
    wizchip_conf.o(.text.wizchip_setnetinfo) refers to wizchip_conf.o(.bss._DNS_.0) for _DNS_.0
    wizchip_conf.o(.text.wizchip_setnetinfo) refers to wizchip_conf.o(.bss._DNS_.1) for _DNS_.1
    wizchip_conf.o(.text.wizchip_setnetinfo) refers to wizchip_conf.o(.bss._DNS_.2) for _DNS_.2
    wizchip_conf.o(.text.wizchip_setnetinfo) refers to wizchip_conf.o(.bss._DNS_.3) for _DNS_.3
    wizchip_conf.o(.text.wizchip_setnetinfo) refers to wizchip_conf.o(.bss._DHCP_) for _DHCP_
    wizchip_conf.o(.ARM.exidx.text.wizchip_setnetinfo) refers to wizchip_conf.o(.text.wizchip_setnetinfo) for [Anonymous Symbol]
    wizchip_conf.o(.text.wizchip_getnetinfo) refers to w5500.o(.text.WIZCHIP_READ_BUF) for WIZCHIP_READ_BUF
    wizchip_conf.o(.text.wizchip_getnetinfo) refers to wizchip_conf.o(.bss._DNS_.0) for _DNS_.0
    wizchip_conf.o(.text.wizchip_getnetinfo) refers to wizchip_conf.o(.bss._DNS_.2) for _DNS_.2
    wizchip_conf.o(.text.wizchip_getnetinfo) refers to wizchip_conf.o(.bss._DNS_.1) for _DNS_.1
    wizchip_conf.o(.text.wizchip_getnetinfo) refers to wizchip_conf.o(.bss._DNS_.3) for _DNS_.3
    wizchip_conf.o(.text.wizchip_getnetinfo) refers to wizchip_conf.o(.bss._DHCP_) for _DHCP_
    wizchip_conf.o(.ARM.exidx.text.wizchip_getnetinfo) refers to wizchip_conf.o(.text.wizchip_getnetinfo) for [Anonymous Symbol]
    wizchip_conf.o(.text.wizchip_setnetmode) refers to w5500.o(.text.WIZCHIP_READ) for WIZCHIP_READ
    wizchip_conf.o(.text.wizchip_setnetmode) refers to w5500.o(.text.WIZCHIP_WRITE) for WIZCHIP_WRITE
    wizchip_conf.o(.ARM.exidx.text.wizchip_setnetmode) refers to wizchip_conf.o(.text.wizchip_setnetmode) for [Anonymous Symbol]
    wizchip_conf.o(.text.wizchip_getnetmode) refers to w5500.o(.text.WIZCHIP_READ) for WIZCHIP_READ
    wizchip_conf.o(.ARM.exidx.text.wizchip_getnetmode) refers to wizchip_conf.o(.text.wizchip_getnetmode) for [Anonymous Symbol]
    wizchip_conf.o(.text.wizchip_settimeout) refers to w5500.o(.text.WIZCHIP_WRITE) for WIZCHIP_WRITE
    wizchip_conf.o(.ARM.exidx.text.wizchip_settimeout) refers to wizchip_conf.o(.text.wizchip_settimeout) for [Anonymous Symbol]
    wizchip_conf.o(.text.wizchip_gettimeout) refers to w5500.o(.text.WIZCHIP_READ) for WIZCHIP_READ
    wizchip_conf.o(.ARM.exidx.text.wizchip_gettimeout) refers to wizchip_conf.o(.text.wizchip_gettimeout) for [Anonymous Symbol]
    wizchip_conf.o(.text.wizphy_getphystat) refers to w5500.o(.text.WIZCHIP_READ) for WIZCHIP_READ
    wizchip_conf.o(.ARM.exidx.text.wizphy_getphystat) refers to wizchip_conf.o(.text.wizphy_getphystat) for [Anonymous Symbol]
    wizchip_conf.o(.data.WIZCHIP) refers to wizchip_conf.o(.text.wizchip_cris_enter) for wizchip_cris_enter
    wizchip_conf.o(.data.WIZCHIP) refers to wizchip_conf.o(.text.wizchip_cris_exit) for wizchip_cris_exit
    wizchip_conf.o(.data.WIZCHIP) refers to wizchip_conf.o(.text.wizchip_cs_select) for wizchip_cs_select
    wizchip_conf.o(.data.WIZCHIP) refers to wizchip_conf.o(.text.wizchip_cs_deselect) for wizchip_cs_deselect
    wizchip_conf.o(.data.WIZCHIP) refers to wizchip_conf.o(.text.wizchip_bus_readdata) for wizchip_bus_readdata
    wizchip_conf.o(.data.WIZCHIP) refers to wizchip_conf.o(.text.wizchip_bus_writedata) for wizchip_bus_writedata
    startup_stm32f411xe.o(STACK) refers (Special) to heapauxi.o(.text) for __use_two_region_memory
    startup_stm32f411xe.o(HEAP) refers (Special) to heapauxi.o(.text) for __use_two_region_memory
    startup_stm32f411xe.o(RESET) refers (Special) to heapauxi.o(.text) for __use_two_region_memory
    startup_stm32f411xe.o(RESET) refers to startup_stm32f411xe.o(STACK) for __initial_sp
    startup_stm32f411xe.o(RESET) refers to startup_stm32f411xe.o(.text) for Reset_Handler
    startup_stm32f411xe.o(.text) refers (Special) to heapauxi.o(.text) for __use_two_region_memory
    startup_stm32f411xe.o(.text) refers to system_stm32f4xx.o(.text.SystemInit) for SystemInit
    startup_stm32f411xe.o(.text) refers to __main.o(!!!main) for __main
    startup_stm32f411xe.o(.text) refers to startup_stm32f411xe.o(HEAP) for Heap_Mem
    startup_stm32f411xe.o(.text) refers to startup_stm32f411xe.o(STACK) for Stack_Mem
    system_stm32f4xx.o(.ARM.exidx.text.SystemInit) refers to system_stm32f4xx.o(.text.SystemInit) for [Anonymous Symbol]
    system_stm32f4xx.o(.text.SystemCoreClockUpdate) refers to system_stm32f4xx.o(.data.SystemCoreClock) for SystemCoreClock
    system_stm32f4xx.o(.text.SystemCoreClockUpdate) refers to system_stm32f4xx.o(.rodata.AHBPrescTable) for AHBPrescTable
    system_stm32f4xx.o(.ARM.exidx.text.SystemCoreClockUpdate) refers to system_stm32f4xx.o(.text.SystemCoreClockUpdate) for [Anonymous Symbol]
    __main.o(!!!main) refers to __rtentry.o(.ARM.Collect$$rtentry$$00000000) for __rt_entry
    __rtentry.o(.ARM.Collect$$rtentry$$00000000) refers (Special) to __rtentry2.o(.ARM.Collect$$rtentry$$0000000A) for __rt_entry_li
    __rtentry.o(.ARM.Collect$$rtentry$$00000000) refers (Special) to __rtentry2.o(.ARM.Collect$$rtentry$$0000000D) for __rt_entry_main
    __rtentry.o(.ARM.Collect$$rtentry$$00000000) refers (Special) to __rtentry2.o(.ARM.Collect$$rtentry$$0000000C) for __rt_entry_postli_1
    __rtentry.o(.ARM.Collect$$rtentry$$00000000) refers (Special) to __rtentry2.o(.ARM.Collect$$rtentry$$00000009) for __rt_entry_postsh_1
    __rtentry.o(.ARM.Collect$$rtentry$$00000000) refers (Special) to __rtentry2.o(.ARM.Collect$$rtentry$$00000002) for __rt_entry_presh_1
    __rtentry.o(.ARM.Collect$$rtentry$$00000000) refers (Special) to __rtentry4.o(.ARM.Collect$$rtentry$$00000004) for __rt_entry_sh
    __rtentry2.o(.ARM.Collect$$rtentry$$00000008) refers to boardinit2.o(.text) for _platform_post_stackheap_init
    __rtentry2.o(.ARM.Collect$$rtentry$$0000000A) refers to libinit.o(.ARM.Collect$$libinit$$00000000) for __rt_lib_init
    __rtentry2.o(.ARM.Collect$$rtentry$$0000000B) refers to boardinit3.o(.text) for _platform_post_lib_init
    __rtentry2.o(.ARM.Collect$$rtentry$$0000000D) refers to spi.o(.text.main) for main
    __rtentry2.o(.ARM.Collect$$rtentry$$0000000D) refers to exit.o(.text) for exit
    __rtentry2.o(.ARM.exidx) refers to __rtentry2.o(.ARM.Collect$$rtentry$$00000001) for .ARM.Collect$$rtentry$$00000001
    __rtentry2.o(.ARM.exidx) refers to __rtentry2.o(.ARM.Collect$$rtentry$$00000008) for .ARM.Collect$$rtentry$$00000008
    __rtentry2.o(.ARM.exidx) refers to __rtentry2.o(.ARM.Collect$$rtentry$$0000000A) for .ARM.Collect$$rtentry$$0000000A
    __rtentry2.o(.ARM.exidx) refers to __rtentry2.o(.ARM.Collect$$rtentry$$0000000B) for .ARM.Collect$$rtentry$$0000000B
    __rtentry2.o(.ARM.exidx) refers to __rtentry2.o(.ARM.Collect$$rtentry$$0000000D) for .ARM.Collect$$rtentry$$0000000D
    __rtentry4.o(.ARM.Collect$$rtentry$$00000004) refers to sys_stackheap_outer.o(.text) for __user_setup_stackheap
    __rtentry4.o(.ARM.exidx) refers to __rtentry4.o(.ARM.Collect$$rtentry$$00000004) for .ARM.Collect$$rtentry$$00000004
    sys_stackheap_outer.o(.text) refers to libspace.o(.text) for __user_perproc_libspace
    sys_stackheap_outer.o(.text) refers to startup_stm32f411xe.o(.text) for __user_initial_stackheap
    exit.o(.text) refers to rtexit.o(.ARM.Collect$$rtexit$$00000000) for __rt_exit
    libinit.o(.ARM.Collect$$libinit$$00000000) refers (Special) to libinit2.o(.ARM.Collect$$libinit$$0000002E) for __rt_lib_init_alloca_1
    libinit.o(.ARM.Collect$$libinit$$00000000) refers (Special) to libinit2.o(.ARM.Collect$$libinit$$0000002C) for __rt_lib_init_argv_1
    libinit.o(.ARM.Collect$$libinit$$00000000) refers (Special) to libinit2.o(.ARM.Collect$$libinit$$0000001B) for __rt_lib_init_atexit_1
    libinit.o(.ARM.Collect$$libinit$$00000000) refers (Special) to libinit2.o(.ARM.Collect$$libinit$$00000021) for __rt_lib_init_clock_1
    libinit.o(.ARM.Collect$$libinit$$00000000) refers (Special) to libinit2.o(.ARM.Collect$$libinit$$00000032) for __rt_lib_init_cpp_1
    libinit.o(.ARM.Collect$$libinit$$00000000) refers (Special) to libinit2.o(.ARM.Collect$$libinit$$00000030) for __rt_lib_init_exceptions_1
    libinit.o(.ARM.Collect$$libinit$$00000000) refers (Special) to libinit2.o(.ARM.Collect$$libinit$$00000001) for __rt_lib_init_fp_1
    libinit.o(.ARM.Collect$$libinit$$00000000) refers (Special) to libinit2.o(.ARM.Collect$$libinit$$0000001F) for __rt_lib_init_fp_trap_1
    libinit.o(.ARM.Collect$$libinit$$00000000) refers (Special) to libinit2.o(.ARM.Collect$$libinit$$00000023) for __rt_lib_init_getenv_1
    libinit.o(.ARM.Collect$$libinit$$00000000) refers (Special) to libinit2.o(.ARM.Collect$$libinit$$0000000A) for __rt_lib_init_heap_1
    libinit.o(.ARM.Collect$$libinit$$00000000) refers (Special) to libinit2.o(.ARM.Collect$$libinit$$00000011) for __rt_lib_init_lc_collate_1
    libinit.o(.ARM.Collect$$libinit$$00000000) refers (Special) to libinit2.o(.ARM.Collect$$libinit$$00000013) for __rt_lib_init_lc_ctype_1
    libinit.o(.ARM.Collect$$libinit$$00000000) refers (Special) to libinit2.o(.ARM.Collect$$libinit$$00000015) for __rt_lib_init_lc_monetary_1
    libinit.o(.ARM.Collect$$libinit$$00000000) refers (Special) to libinit2.o(.ARM.Collect$$libinit$$00000017) for __rt_lib_init_lc_numeric_1
    libinit.o(.ARM.Collect$$libinit$$00000000) refers (Special) to libinit2.o(.ARM.Collect$$libinit$$00000019) for __rt_lib_init_lc_time_1
    libinit.o(.ARM.Collect$$libinit$$00000000) refers (Special) to libinit2.o(.ARM.Collect$$libinit$$00000004) for __rt_lib_init_preinit_1
    libinit.o(.ARM.Collect$$libinit$$00000000) refers (Special) to libinit2.o(.ARM.Collect$$libinit$$0000000E) for __rt_lib_init_rand_1
    libinit.o(.ARM.Collect$$libinit$$00000000) refers (Special) to libinit2.o(.ARM.Collect$$libinit$$00000033) for __rt_lib_init_return
    libinit.o(.ARM.Collect$$libinit$$00000000) refers (Special) to libinit2.o(.ARM.Collect$$libinit$$0000001D) for __rt_lib_init_signal_1
    libinit.o(.ARM.Collect$$libinit$$00000000) refers (Special) to libinit2.o(.ARM.Collect$$libinit$$00000025) for __rt_lib_init_stdio_1
    libinit.o(.ARM.Collect$$libinit$$00000000) refers (Special) to libinit2.o(.ARM.Collect$$libinit$$0000000C) for __rt_lib_init_user_alloc_1
    libspace.o(.text) refers to libspace.o(.bss) for __libspace_start
    rtexit.o(.ARM.Collect$$rtexit$$00000000) refers (Special) to rtexit2.o(.ARM.Collect$$rtexit$$00000004) for __rt_exit_exit
    rtexit.o(.ARM.Collect$$rtexit$$00000000) refers (Special) to rtexit2.o(.ARM.Collect$$rtexit$$00000003) for __rt_exit_ls
    rtexit.o(.ARM.Collect$$rtexit$$00000000) refers (Special) to rtexit2.o(.ARM.Collect$$rtexit$$00000002) for __rt_exit_prels_1
    rtexit.o(.ARM.exidx) refers (Special) to rtexit2.o(.ARM.Collect$$rtexit$$00000004) for __rt_exit_exit
    rtexit.o(.ARM.exidx) refers (Special) to rtexit2.o(.ARM.Collect$$rtexit$$00000003) for __rt_exit_ls
    rtexit.o(.ARM.exidx) refers (Special) to rtexit2.o(.ARM.Collect$$rtexit$$00000002) for __rt_exit_prels_1
    rtexit.o(.ARM.exidx) refers to rtexit.o(.ARM.Collect$$rtexit$$00000000) for .ARM.Collect$$rtexit$$00000000
    libinit2.o(.ARM.Collect$$libinit$$00000001) refers to fpinit.o(x$fpl$fpinit) for _fp_init
    libinit2.o(.ARM.Collect$$libinit$$00000010) refers to libinit2.o(.ARM.Collect$$libinit$$0000000F) for .ARM.Collect$$libinit$$0000000F
    libinit2.o(.ARM.Collect$$libinit$$00000012) refers to libinit2.o(.ARM.Collect$$libinit$$0000000F) for .ARM.Collect$$libinit$$0000000F
    libinit2.o(.ARM.Collect$$libinit$$00000014) refers to libinit2.o(.ARM.Collect$$libinit$$0000000F) for .ARM.Collect$$libinit$$0000000F
    libinit2.o(.ARM.Collect$$libinit$$00000016) refers to libinit2.o(.ARM.Collect$$libinit$$0000000F) for .ARM.Collect$$libinit$$0000000F
    libinit2.o(.ARM.Collect$$libinit$$00000018) refers to libinit2.o(.ARM.Collect$$libinit$$0000000F) for .ARM.Collect$$libinit$$0000000F
    libinit2.o(.ARM.Collect$$libinit$$00000026) refers to argv_veneer.o(.emb_text) for __ARM_argv_veneer
    libinit2.o(.ARM.Collect$$libinit$$00000027) refers to argv_veneer.o(.emb_text) for __ARM_argv_veneer
    rtexit2.o(.ARM.Collect$$rtexit$$00000003) refers to libshutdown.o(.ARM.Collect$$libshutdown$$00000000) for __rt_lib_shutdown
    rtexit2.o(.ARM.Collect$$rtexit$$00000004) refers to sys_exit.o(.text) for _sys_exit
    rtexit2.o(.ARM.exidx) refers to rtexit2.o(.ARM.Collect$$rtexit$$00000001) for .ARM.Collect$$rtexit$$00000001
    rtexit2.o(.ARM.exidx) refers to rtexit2.o(.ARM.Collect$$rtexit$$00000003) for .ARM.Collect$$rtexit$$00000003
    rtexit2.o(.ARM.exidx) refers to rtexit2.o(.ARM.Collect$$rtexit$$00000004) for .ARM.Collect$$rtexit$$00000004
    argv_veneer.o(.emb_text) refers to no_argv.o(.text) for __ARM_get_argv
    sys_exit.o(.text) refers (Special) to use_no_semi.o(.text) for __I$use$semihosting
    sys_exit.o(.text) refers (Special) to indicate_semi.o(.text) for __semihosting_library_function
    sys_exit_hlt.o(.text) refers (Special) to use_no_semi.o(.text) for __I$use$semihosting
    sys_exit_hlt.o(.text) refers (Special) to indicate_semi.o(.text) for __semihosting_library_function
    _get_argv_nomalloc.o(.text) refers (Special) to hrguard.o(.text) for __heap_region$guard
    _get_argv_nomalloc.o(.text) refers to defsig_rtmem_outer.o(.text) for __rt_SIGRTMEM
    _get_argv_nomalloc.o(.text) refers to sys_command.o(.text) for _sys_command_string
    libshutdown.o(.ARM.Collect$$libshutdown$$00000000) refers (Special) to libshutdown2.o(.ARM.Collect$$libshutdown$$00000002) for __rt_lib_shutdown_cpp_1
    libshutdown.o(.ARM.Collect$$libshutdown$$00000000) refers (Special) to libshutdown2.o(.ARM.Collect$$libshutdown$$00000007) for __rt_lib_shutdown_fp_trap_1
    libshutdown.o(.ARM.Collect$$libshutdown$$00000000) refers (Special) to libshutdown2.o(.ARM.Collect$$libshutdown$$0000000F) for __rt_lib_shutdown_heap_1
    libshutdown.o(.ARM.Collect$$libshutdown$$00000000) refers (Special) to libshutdown2.o(.ARM.Collect$$libshutdown$$00000010) for __rt_lib_shutdown_return
    libshutdown.o(.ARM.Collect$$libshutdown$$00000000) refers (Special) to libshutdown2.o(.ARM.Collect$$libshutdown$$0000000A) for __rt_lib_shutdown_signal_1
    libshutdown.o(.ARM.Collect$$libshutdown$$00000000) refers (Special) to libshutdown2.o(.ARM.Collect$$libshutdown$$00000004) for __rt_lib_shutdown_stdio_1
    libshutdown.o(.ARM.Collect$$libshutdown$$00000000) refers (Special) to libshutdown2.o(.ARM.Collect$$libshutdown$$0000000C) for __rt_lib_shutdown_user_alloc_1
    sys_command.o(.text) refers (Special) to use_no_semi.o(.text) for __I$use$semihosting
    sys_command.o(.text) refers (Special) to indicate_semi.o(.text) for __semihosting_library_function
    sys_command_hlt.o(.text) refers (Special) to use_no_semi.o(.text) for __I$use$semihosting
    sys_command_hlt.o(.text) refers (Special) to indicate_semi.o(.text) for __semihosting_library_function
    defsig_rtmem_outer.o(.text) refers to defsig_rtmem_inner.o(.text) for __rt_SIGRTMEM_inner
    defsig_rtmem_outer.o(.text) refers to defsig_exit.o(.text) for __sig_exit
    defsig_rtmem_formal.o(.text) refers to rt_raise.o(.text) for __rt_raise
    rt_raise.o(.text) refers to __raise.o(.text) for __raise
    rt_raise.o(.text) refers to sys_exit.o(.text) for _sys_exit
    defsig_exit.o(.text) refers to sys_exit.o(.text) for _sys_exit
    defsig_rtmem_inner.o(.text) refers to defsig_general.o(.text) for __default_signal_display
    __raise.o(.text) refers to defsig.o(CL$$defsig) for __default_signal_handler
    defsig_general.o(.text) refers to sys_wrch.o(.text) for _ttywrch
    sys_wrch.o(.text) refers (Special) to use_no_semi.o(.text) for __I$use$semihosting
    sys_wrch.o(.text) refers (Special) to indicate_semi.o(.text) for __semihosting_library_function
    sys_wrch_hlt.o(.text) refers (Special) to use_no_semi.o(.text) for __I$use$semihosting
    sys_wrch_hlt.o(.text) refers (Special) to indicate_semi.o(.text) for __semihosting_library_function
    defsig.o(CL$$defsig) refers to defsig_rtmem_inner.o(.text) for __rt_SIGRTMEM_inner
    defsig_abrt_inner.o(.text) refers to defsig_general.o(.text) for __default_signal_display
    defsig_fpe_inner.o(.text) refers to defsig_general.o(.text) for __default_signal_display
    defsig_rtred_inner.o(.text) refers to defsig_general.o(.text) for __default_signal_display
    defsig_stak_inner.o(.text) refers to defsig_general.o(.text) for __default_signal_display
    defsig_pvfn_inner.o(.text) refers to defsig_general.o(.text) for __default_signal_display
    defsig_cppl_inner.o(.text) refers to defsig_general.o(.text) for __default_signal_display
    defsig_segv_inner.o(.text) refers to defsig_general.o(.text) for __default_signal_display
    defsig_other.o(.text) refers to defsig_general.o(.text) for __default_signal_display


==============================================================================

Removing Unused input sections from the image.

    Removing w5500.o(.text), (0 bytes).
    Removing w5500.o(.text.WIZCHIP_READ), (98 bytes).
    Removing w5500.o(.ARM.exidx.text.WIZCHIP_READ), (8 bytes).
    Removing w5500.o(.text.WIZCHIP_WRITE), (100 bytes).
    Removing w5500.o(.ARM.exidx.text.WIZCHIP_WRITE), (8 bytes).
    Removing w5500.o(.text.WIZCHIP_READ_BUF), (120 bytes).
    Removing w5500.o(.ARM.exidx.text.WIZCHIP_READ_BUF), (8 bytes).
    Removing w5500.o(.text.WIZCHIP_WRITE_BUF), (126 bytes).
    Removing w5500.o(.ARM.exidx.text.WIZCHIP_WRITE_BUF), (8 bytes).
    Removing w5500.o(.text.getSn_TX_FSR), (72 bytes).
    Removing w5500.o(.ARM.exidx.text.getSn_TX_FSR), (8 bytes).
    Removing w5500.o(.text.getSn_RX_RSR), (72 bytes).
    Removing w5500.o(.ARM.exidx.text.getSn_RX_RSR), (8 bytes).
    Removing w5500.o(.text.wiz_send_data), (88 bytes).
    Removing w5500.o(.ARM.exidx.text.wiz_send_data), (8 bytes).
    Removing w5500.o(.text.wiz_recv_data), (88 bytes).
    Removing w5500.o(.ARM.exidx.text.wiz_recv_data), (8 bytes).
    Removing w5500.o(.text.wiz_recv_ignore), (62 bytes).
    Removing w5500.o(.ARM.exidx.text.wiz_recv_ignore), (8 bytes).
    Removing socket.o(.text), (0 bytes).
    Removing socket.o(.text.socket), (304 bytes).
    Removing socket.o(.ARM.exidx.text.socket), (8 bytes).
    Removing socket.o(.text.close), (136 bytes).
    Removing socket.o(.ARM.exidx.text.close), (8 bytes).
    Removing socket.o(.text.listen), (110 bytes).
    Removing socket.o(.ARM.exidx.text.listen), (8 bytes).
    Removing socket.o(.text.connect), (246 bytes).
    Removing socket.o(.ARM.exidx.text.connect), (8 bytes).
    Removing socket.o(.text.disconnect), (148 bytes).
    Removing socket.o(.ARM.exidx.text.disconnect), (8 bytes).
    Removing socket.o(.text.send), (310 bytes).
    Removing socket.o(.ARM.exidx.text.send), (8 bytes).
    Removing socket.o(.text.recv), (250 bytes).
    Removing socket.o(.ARM.exidx.text.recv), (8 bytes).
    Removing socket.o(.text.sendto), (344 bytes).
    Removing socket.o(.ARM.exidx.text.sendto), (8 bytes).
    Removing socket.o(.text.recvfrom), (496 bytes).
    Removing socket.o(.ARM.exidx.text.recvfrom), (8 bytes).
    Removing socket.o(.text.ctlsocket), (214 bytes).
    Removing socket.o(.ARM.exidx.text.ctlsocket), (8 bytes).
    Removing socket.o(.text.setsockopt), (256 bytes).
    Removing socket.o(.ARM.exidx.text.setsockopt), (8 bytes).
    Removing socket.o(.text.getsockopt), (276 bytes).
    Removing socket.o(.ARM.exidx.text.getsockopt), (8 bytes).
    Removing socket.o(.bss.sock_pack_info), (8 bytes).
    Removing socket.o(.data.sock_any_port), (2 bytes).
    Removing socket.o(.bss.sock_io_mode), (2 bytes).
    Removing socket.o(.bss.sock_is_sending), (2 bytes).
    Removing socket.o(.bss.sock_remained_size), (16 bytes).
    Removing spi.o(.text), (0 bytes).
    Removing spi.o(.ARM.exidx.text.SPI_Init), (8 bytes).
    Removing spi.o(.ARM.exidx.text.SPI_Transmit), (8 bytes).
    Removing spi.o(.text.SPI_Receive), (44 bytes).
    Removing spi.o(.ARM.exidx.text.SPI_Receive), (8 bytes).
    Removing spi.o(.ARM.exidx.text.EN_CS), (8 bytes).
    Removing spi.o(.ARM.exidx.text.DIS_CS), (8 bytes).
    Removing spi.o(.ARM.exidx.text.W5500_Init), (8 bytes).
    Removing spi.o(.ARM.exidx.text.W5500_ConfigureNetwork), (8 bytes).
    Removing spi.o(.ARM.exidx.text.main), (8 bytes).
    Removing spi.o(.ARM.use_no_argv), (4 bytes).
    Removing wizchip_conf.o(.text), (0 bytes).
    Removing wizchip_conf.o(.text.wizchip_cris_enter), (2 bytes).
    Removing wizchip_conf.o(.ARM.exidx.text.wizchip_cris_enter), (8 bytes).
    Removing wizchip_conf.o(.text.wizchip_cris_exit), (2 bytes).
    Removing wizchip_conf.o(.ARM.exidx.text.wizchip_cris_exit), (8 bytes).
    Removing wizchip_conf.o(.text.wizchip_cs_select), (2 bytes).
    Removing wizchip_conf.o(.ARM.exidx.text.wizchip_cs_select), (8 bytes).
    Removing wizchip_conf.o(.text.wizchip_cs_deselect), (2 bytes).
    Removing wizchip_conf.o(.ARM.exidx.text.wizchip_cs_deselect), (8 bytes).
    Removing wizchip_conf.o(.text.wizchip_bus_readdata), (4 bytes).
    Removing wizchip_conf.o(.ARM.exidx.text.wizchip_bus_readdata), (8 bytes).
    Removing wizchip_conf.o(.text.wizchip_bus_writedata), (4 bytes).
    Removing wizchip_conf.o(.ARM.exidx.text.wizchip_bus_writedata), (8 bytes).
    Removing wizchip_conf.o(.text.wizchip_spi_readbyte), (4 bytes).
    Removing wizchip_conf.o(.ARM.exidx.text.wizchip_spi_readbyte), (8 bytes).
    Removing wizchip_conf.o(.text.wizchip_spi_writebyte), (2 bytes).
    Removing wizchip_conf.o(.ARM.exidx.text.wizchip_spi_writebyte), (8 bytes).
    Removing wizchip_conf.o(.text.wizchip_spi_readburst), (2 bytes).
    Removing wizchip_conf.o(.ARM.exidx.text.wizchip_spi_readburst), (8 bytes).
    Removing wizchip_conf.o(.text.wizchip_spi_writeburst), (2 bytes).
    Removing wizchip_conf.o(.ARM.exidx.text.wizchip_spi_writeburst), (8 bytes).
    Removing wizchip_conf.o(.text.reg_wizchip_cris_cbfunc), (56 bytes).
    Removing wizchip_conf.o(.ARM.exidx.text.reg_wizchip_cris_cbfunc), (8 bytes).
    Removing wizchip_conf.o(.text.reg_wizchip_cs_cbfunc), (56 bytes).
    Removing wizchip_conf.o(.ARM.exidx.text.reg_wizchip_cs_cbfunc), (8 bytes).
    Removing wizchip_conf.o(.text.reg_wizchip_bus_cbfunc), (66 bytes).
    Removing wizchip_conf.o(.ARM.exidx.text.reg_wizchip_bus_cbfunc), (8 bytes).
    Removing wizchip_conf.o(.text.reg_wizchip_spi_cbfunc), (66 bytes).
    Removing wizchip_conf.o(.ARM.exidx.text.reg_wizchip_spi_cbfunc), (8 bytes).
    Removing wizchip_conf.o(.text.reg_wizchip_spiburst_cbfunc), (66 bytes).
    Removing wizchip_conf.o(.ARM.exidx.text.reg_wizchip_spiburst_cbfunc), (8 bytes).
    Removing wizchip_conf.o(.text.ctlwizchip), (234 bytes).
    Removing wizchip_conf.o(.ARM.exidx.text.ctlwizchip), (8 bytes).
    Removing wizchip_conf.o(.text.wizchip_sw_reset), (128 bytes).
    Removing wizchip_conf.o(.ARM.exidx.text.wizchip_sw_reset), (8 bytes).
    Removing wizchip_conf.o(.text.wizchip_init), (142 bytes).
    Removing wizchip_conf.o(.ARM.exidx.text.wizchip_init), (8 bytes).
    Removing wizchip_conf.o(.text.wizchip_clrinterrupt), (54 bytes).
    Removing wizchip_conf.o(.ARM.exidx.text.wizchip_clrinterrupt), (8 bytes).
    Removing wizchip_conf.o(.text.wizchip_getinterrupt), (30 bytes).
    Removing wizchip_conf.o(.ARM.exidx.text.wizchip_getinterrupt), (8 bytes).
    Removing wizchip_conf.o(.text.wizchip_setinterruptmask), (26 bytes).
    Removing wizchip_conf.o(.ARM.exidx.text.wizchip_setinterruptmask), (8 bytes).
    Removing wizchip_conf.o(.text.wizchip_getinterruptmask), (26 bytes).
    Removing wizchip_conf.o(.ARM.exidx.text.wizchip_getinterruptmask), (8 bytes).
    Removing wizchip_conf.o(.text.wizphy_reset), (44 bytes).
    Removing wizchip_conf.o(.ARM.exidx.text.wizphy_reset), (8 bytes).
    Removing wizchip_conf.o(.text.wizphy_setphyconf), (72 bytes).
    Removing wizchip_conf.o(.ARM.exidx.text.wizphy_setphyconf), (8 bytes).
    Removing wizchip_conf.o(.text.wizphy_getphyconf), (108 bytes).
    Removing wizchip_conf.o(.ARM.exidx.text.wizphy_getphyconf), (8 bytes).
    Removing wizchip_conf.o(.text.wizphy_setphypmode), (82 bytes).
    Removing wizchip_conf.o(.ARM.exidx.text.wizphy_setphypmode), (8 bytes).
    Removing wizchip_conf.o(.text.wizphy_getphypmode), (24 bytes).
    Removing wizchip_conf.o(.ARM.exidx.text.wizphy_getphypmode), (8 bytes).
    Removing wizchip_conf.o(.text.wizphy_getphylink), (16 bytes).
    Removing wizchip_conf.o(.ARM.exidx.text.wizphy_getphylink), (8 bytes).
    Removing wizchip_conf.o(.text.ctlnetwork), (78 bytes).
    Removing wizchip_conf.o(.ARM.exidx.text.ctlnetwork), (8 bytes).
    Removing wizchip_conf.o(.text.wizchip_setnetinfo), (120 bytes).
    Removing wizchip_conf.o(.ARM.exidx.text.wizchip_setnetinfo), (8 bytes).
    Removing wizchip_conf.o(.text.wizchip_getnetinfo), (118 bytes).
    Removing wizchip_conf.o(.ARM.exidx.text.wizchip_getnetinfo), (8 bytes).
    Removing wizchip_conf.o(.text.wizchip_setnetmode), (38 bytes).
    Removing wizchip_conf.o(.ARM.exidx.text.wizchip_setnetmode), (8 bytes).
    Removing wizchip_conf.o(.text.wizchip_getnetmode), (10 bytes).
    Removing wizchip_conf.o(.ARM.exidx.text.wizchip_getnetmode), (8 bytes).
    Removing wizchip_conf.o(.text.wizchip_settimeout), (36 bytes).
    Removing wizchip_conf.o(.ARM.exidx.text.wizchip_settimeout), (8 bytes).
    Removing wizchip_conf.o(.text.wizchip_gettimeout), (40 bytes).
    Removing wizchip_conf.o(.ARM.exidx.text.wizchip_gettimeout), (8 bytes).
    Removing wizchip_conf.o(.text.wizphy_getphystat), (26 bytes).
    Removing wizchip_conf.o(.ARM.exidx.text.wizphy_getphystat), (8 bytes).
    Removing wizchip_conf.o(.data.WIZCHIP), (44 bytes).
    Removing wizchip_conf.o(.bss._DHCP_), (1 bytes).
    Removing wizchip_conf.o(.bss._DNS_.0), (1 bytes).
    Removing wizchip_conf.o(.bss._DNS_.1), (1 bytes).
    Removing wizchip_conf.o(.bss._DNS_.2), (1 bytes).
    Removing wizchip_conf.o(.bss._DNS_.3), (1 bytes).
    Removing system_stm32f4xx.o(.text), (0 bytes).
    Removing system_stm32f4xx.o(.ARM.exidx.text.SystemInit), (8 bytes).
    Removing system_stm32f4xx.o(.text.SystemCoreClockUpdate), (126 bytes).
    Removing system_stm32f4xx.o(.ARM.exidx.text.SystemCoreClockUpdate), (8 bytes).
    Removing system_stm32f4xx.o(.data.SystemCoreClock), (4 bytes).
    Removing system_stm32f4xx.o(.rodata.AHBPrescTable), (16 bytes).
    Removing system_stm32f4xx.o(.rodata.APBPrescTable), (8 bytes).

146 unused section(s) (total 6521 bytes) removed from the image.

==============================================================================

Image Symbol Table

    Local Symbols

    Symbol Name                              Value     Ov Type        Size  Object(Section)

    ../clib/angel/boardlib.s                 0x00000000   Number         0  boardinit1.o ABSOLUTE
    ../clib/angel/boardlib.s                 0x00000000   Number         0  boardinit2.o ABSOLUTE
    ../clib/angel/boardlib.s                 0x00000000   Number         0  boardinit3.o ABSOLUTE
    ../clib/angel/boardlib.s                 0x00000000   Number         0  boardshut.o ABSOLUTE
    ../clib/angel/handlers.s                 0x00000000   Number         0  __scatter_zi.o ABSOLUTE
    ../clib/angel/kernel.s                   0x00000000   Number         0  __rtentry.o ABSOLUTE
    ../clib/angel/kernel.s                   0x00000000   Number         0  __rtentry2.o ABSOLUTE
    ../clib/angel/kernel.s                   0x00000000   Number         0  __rtentry4.o ABSOLUTE
    ../clib/angel/kernel.s                   0x00000000   Number         0  rtexit.o ABSOLUTE
    ../clib/angel/kernel.s                   0x00000000   Number         0  rtexit2.o ABSOLUTE
    ../clib/angel/rt.s                       0x00000000   Number         0  rt_raise.o ABSOLUTE
    ../clib/angel/scatter.s                  0x00000000   Number         0  __scatter.o ABSOLUTE
    ../clib/angel/startup.s                  0x00000000   Number         0  __main.o ABSOLUTE
    ../clib/angel/sys.s                      0x00000000   Number         0  sys_stackheap_outer.o ABSOLUTE
    ../clib/angel/sys.s                      0x00000000   Number         0  libspace.o ABSOLUTE
    ../clib/angel/sys.s                      0x00000000   Number         0  use_no_semi.o ABSOLUTE
    ../clib/angel/sys.s                      0x00000000   Number         0  indicate_semi.o ABSOLUTE
    ../clib/angel/sysapp.c                   0x00000000   Number         0  sys_exit.o ABSOLUTE
    ../clib/angel/sysapp.c                   0x00000000   Number         0  sys_exit_hlt.o ABSOLUTE
    ../clib/angel/sysapp.c                   0x00000000   Number         0  sys_command.o ABSOLUTE
    ../clib/angel/sysapp.c                   0x00000000   Number         0  sys_command_hlt.o ABSOLUTE
    ../clib/angel/sysapp.c                   0x00000000   Number         0  sys_wrch.o ABSOLUTE
    ../clib/angel/sysapp.c                   0x00000000   Number         0  sys_wrch_hlt.o ABSOLUTE
    ../clib/armsys.c                         0x00000000   Number         0  argv_veneer.o ABSOLUTE
    ../clib/armsys.c                         0x00000000   Number         0  argv_veneer.o ABSOLUTE
    ../clib/armsys.c                         0x00000000   Number         0  _get_argv_nomalloc.o ABSOLUTE
    ../clib/armsys.c                         0x00000000   Number         0  no_argv.o ABSOLUTE
    ../clib/heapalloc.c                      0x00000000   Number         0  hrguard.o ABSOLUTE
    ../clib/heapaux.c                        0x00000000   Number         0  heapauxi.o ABSOLUTE
    ../clib/libinit.s                        0x00000000   Number         0  libinit.o ABSOLUTE
    ../clib/libinit.s                        0x00000000   Number         0  libinit2.o ABSOLUTE
    ../clib/libinit.s                        0x00000000   Number         0  libshutdown.o ABSOLUTE
    ../clib/libinit.s                        0x00000000   Number         0  libshutdown2.o ABSOLUTE
    ../clib/signal.c                         0x00000000   Number         0  defsig_rtmem_outer.o ABSOLUTE
    ../clib/signal.c                         0x00000000   Number         0  defsig_rtmem_formal.o ABSOLUTE
    ../clib/signal.c                         0x00000000   Number         0  defsig_exit.o ABSOLUTE
    ../clib/signal.c                         0x00000000   Number         0  defsig_rtmem_inner.o ABSOLUTE
    ../clib/signal.c                         0x00000000   Number         0  __raise.o ABSOLUTE
    ../clib/signal.c                         0x00000000   Number         0  defsig_general.o ABSOLUTE
    ../clib/signal.c                         0x00000000   Number         0  defsig_abrt_inner.o ABSOLUTE
    ../clib/signal.c                         0x00000000   Number         0  defsig_fpe_inner.o ABSOLUTE
    ../clib/signal.c                         0x00000000   Number         0  defsig_rtred_inner.o ABSOLUTE
    ../clib/signal.c                         0x00000000   Number         0  defsig_stak_inner.o ABSOLUTE
    ../clib/signal.c                         0x00000000   Number         0  defsig_pvfn_inner.o ABSOLUTE
    ../clib/signal.c                         0x00000000   Number         0  defsig_cppl_inner.o ABSOLUTE
    ../clib/signal.c                         0x00000000   Number         0  defsig_segv_inner.o ABSOLUTE
    ../clib/signal.c                         0x00000000   Number         0  defsig_other.o ABSOLUTE
    ../clib/signal.s                         0x00000000   Number         0  defsig.o ABSOLUTE
    ../clib/stdlib.c                         0x00000000   Number         0  exit.o ABSOLUTE
    ../fplib/fpinit.s                        0x00000000   Number         0  fpinit.o ABSOLUTE
    RTE/Device/STM32F411VETx/startup_stm32f411xe.s 0x00000000   Number         0  startup_stm32f411xe.o ABSOLUTE
    Spi.c                                    0x00000000   Number         0  spi.o ABSOLUTE
    dc.s                                     0x00000000   Number         0  dc.o ABSOLUTE
    socket.c                                 0x00000000   Number         0  socket.o ABSOLUTE
    system_stm32f4xx.c                       0x00000000   Number         0  system_stm32f4xx.o ABSOLUTE
    w5500.c                                  0x00000000   Number         0  w5500.o ABSOLUTE
    wizchip_conf.c                           0x00000000   Number         0  wizchip_conf.o ABSOLUTE
    RESET                                    0x08000000   Section      408  startup_stm32f411xe.o(RESET)
    !!!main                                  0x08000198   Section        8  __main.o(!!!main)
    !!!scatter                               0x080001a0   Section       52  __scatter.o(!!!scatter)
    !!handler_zi                             0x080001d4   Section       28  __scatter_zi.o(!!handler_zi)
    .ARM.Collect$$libinit$$00000000          0x080001f0   Section        2  libinit.o(.ARM.Collect$$libinit$$00000000)
    .ARM.Collect$$libinit$$00000001          0x080001f2   Section        4  libinit2.o(.ARM.Collect$$libinit$$00000001)
    .ARM.Collect$$libinit$$00000004          0x080001f6   Section        0  libinit2.o(.ARM.Collect$$libinit$$00000004)
    .ARM.Collect$$libinit$$0000000A          0x080001f6   Section        0  libinit2.o(.ARM.Collect$$libinit$$0000000A)
    .ARM.Collect$$libinit$$0000000C          0x080001f6   Section        0  libinit2.o(.ARM.Collect$$libinit$$0000000C)
    .ARM.Collect$$libinit$$0000000E          0x080001f6   Section        0  libinit2.o(.ARM.Collect$$libinit$$0000000E)
    .ARM.Collect$$libinit$$00000011          0x080001f6   Section        0  libinit2.o(.ARM.Collect$$libinit$$00000011)
    .ARM.Collect$$libinit$$00000013          0x080001f6   Section        0  libinit2.o(.ARM.Collect$$libinit$$00000013)
    .ARM.Collect$$libinit$$00000015          0x080001f6   Section        0  libinit2.o(.ARM.Collect$$libinit$$00000015)
    .ARM.Collect$$libinit$$00000017          0x080001f6   Section        0  libinit2.o(.ARM.Collect$$libinit$$00000017)
    .ARM.Collect$$libinit$$00000019          0x080001f6   Section        0  libinit2.o(.ARM.Collect$$libinit$$00000019)
    .ARM.Collect$$libinit$$0000001B          0x080001f6   Section        0  libinit2.o(.ARM.Collect$$libinit$$0000001B)
    .ARM.Collect$$libinit$$0000001D          0x080001f6   Section        0  libinit2.o(.ARM.Collect$$libinit$$0000001D)
    .ARM.Collect$$libinit$$0000001F          0x080001f6   Section        0  libinit2.o(.ARM.Collect$$libinit$$0000001F)
    .ARM.Collect$$libinit$$00000021          0x080001f6   Section        0  libinit2.o(.ARM.Collect$$libinit$$00000021)
    .ARM.Collect$$libinit$$00000023          0x080001f6   Section        0  libinit2.o(.ARM.Collect$$libinit$$00000023)
    .ARM.Collect$$libinit$$00000025          0x080001f6   Section        0  libinit2.o(.ARM.Collect$$libinit$$00000025)
    .ARM.Collect$$libinit$$0000002C          0x080001f6   Section        0  libinit2.o(.ARM.Collect$$libinit$$0000002C)
    .ARM.Collect$$libinit$$0000002E          0x080001f6   Section        0  libinit2.o(.ARM.Collect$$libinit$$0000002E)
    .ARM.Collect$$libinit$$00000030          0x080001f6   Section        0  libinit2.o(.ARM.Collect$$libinit$$00000030)
    .ARM.Collect$$libinit$$00000032          0x080001f6   Section        0  libinit2.o(.ARM.Collect$$libinit$$00000032)
    .ARM.Collect$$libinit$$00000033          0x080001f6   Section        2  libinit2.o(.ARM.Collect$$libinit$$00000033)
    .ARM.Collect$$libshutdown$$00000000      0x080001f8   Section        2  libshutdown.o(.ARM.Collect$$libshutdown$$00000000)
    .ARM.Collect$$libshutdown$$00000002      0x080001fa   Section        0  libshutdown2.o(.ARM.Collect$$libshutdown$$00000002)
    .ARM.Collect$$libshutdown$$00000004      0x080001fa   Section        0  libshutdown2.o(.ARM.Collect$$libshutdown$$00000004)
    .ARM.Collect$$libshutdown$$00000007      0x080001fa   Section        0  libshutdown2.o(.ARM.Collect$$libshutdown$$00000007)
    .ARM.Collect$$libshutdown$$0000000A      0x080001fa   Section        0  libshutdown2.o(.ARM.Collect$$libshutdown$$0000000A)
    .ARM.Collect$$libshutdown$$0000000C      0x080001fa   Section        0  libshutdown2.o(.ARM.Collect$$libshutdown$$0000000C)
    .ARM.Collect$$libshutdown$$0000000F      0x080001fa   Section        0  libshutdown2.o(.ARM.Collect$$libshutdown$$0000000F)
    .ARM.Collect$$libshutdown$$00000010      0x080001fa   Section        2  libshutdown2.o(.ARM.Collect$$libshutdown$$00000010)
    .ARM.Collect$$rtentry$$00000000          0x080001fc   Section        0  __rtentry.o(.ARM.Collect$$rtentry$$00000000)
    .ARM.Collect$$rtentry$$00000002          0x080001fc   Section        0  __rtentry2.o(.ARM.Collect$$rtentry$$00000002)
    .ARM.Collect$$rtentry$$00000004          0x080001fc   Section        6  __rtentry4.o(.ARM.Collect$$rtentry$$00000004)
    .ARM.Collect$$rtentry$$00000009          0x08000202   Section        0  __rtentry2.o(.ARM.Collect$$rtentry$$00000009)
    .ARM.Collect$$rtentry$$0000000A          0x08000202   Section        4  __rtentry2.o(.ARM.Collect$$rtentry$$0000000A)
    .ARM.Collect$$rtentry$$0000000C          0x08000206   Section        0  __rtentry2.o(.ARM.Collect$$rtentry$$0000000C)
    .ARM.Collect$$rtentry$$0000000D          0x08000206   Section        8  __rtentry2.o(.ARM.Collect$$rtentry$$0000000D)
    .ARM.Collect$$rtexit$$00000000           0x0800020e   Section        2  rtexit.o(.ARM.Collect$$rtexit$$00000000)
    .ARM.Collect$$rtexit$$00000002           0x08000210   Section        0  rtexit2.o(.ARM.Collect$$rtexit$$00000002)
    .ARM.Collect$$rtexit$$00000003           0x08000210   Section        4  rtexit2.o(.ARM.Collect$$rtexit$$00000003)
    .ARM.Collect$$rtexit$$00000004           0x08000214   Section        6  rtexit2.o(.ARM.Collect$$rtexit$$00000004)
    $v0                                      0x0800021c   Number         0  startup_stm32f411xe.o(.text)
    .text                                    0x0800021c   Section       64  startup_stm32f411xe.o(.text)
    .text                                    0x0800025c   Section        0  heapauxi.o(.text)
    .text                                    0x08000262   Section       74  sys_stackheap_outer.o(.text)
    .text                                    0x080002ac   Section        0  exit.o(.text)
    .text                                    0x080002c0   Section        8  libspace.o(.text)
    .text                                    0x080002c8   Section        0  sys_exit.o(.text)
    .text                                    0x080002d4   Section        2  use_no_semi.o(.text)
    .text                                    0x080002d6   Section        0  indicate_semi.o(.text)
    [Anonymous Symbol]                       0x080002d8   Section        0  spi.o(.text.DIS_CS)
    [Anonymous Symbol]                       0x080002e8   Section        0  spi.o(.text.EN_CS)
    [Anonymous Symbol]                       0x080002f8   Section        0  spi.o(.text.SPI_Init)
    [Anonymous Symbol]                       0x080003a8   Section        0  spi.o(.text.SPI_Transmit)
    [Anonymous Symbol]                       0x080003d4   Section        0  system_stm32f4xx.o(.text.SystemInit)
    [Anonymous Symbol]                       0x080003e8   Section        0  spi.o(.text.W5500_ConfigureNetwork)
    [Anonymous Symbol]                       0x08000438   Section        0  spi.o(.text.W5500_Init)
    [Anonymous Symbol]                       0x0800045c   Section        0  spi.o(.text.main)
    $v0                                      0x08000466   Number         0  fpinit.o(x$fpl$fpinit)
    x$fpl$fpinit                             0x08000466   Section       26  fpinit.o(x$fpl$fpinit)
    .bss                                     0x20000000   Section       96  libspace.o(.bss)
    Heap_Mem                                 0x20000060   Data         512  startup_stm32f411xe.o(HEAP)
    HEAP                                     0x20000060   Section      512  startup_stm32f411xe.o(HEAP)
    Stack_Mem                                0x20000260   Data        1024  startup_stm32f411xe.o(STACK)
    STACK                                    0x20000260   Section     1024  startup_stm32f411xe.o(STACK)
    __initial_sp                             0x20000660   Data           0  startup_stm32f411xe.o(STACK)

    Global Symbols

    Symbol Name                              Value     Ov Type        Size  Object(Section)

    BuildAttributes$$THM_ISAv4$E$P$D$K$B$S$7EM$VFPi3$EXTD16$VFPS$VFMA$PE$A:L22UL41UL21$X:L11$S22US41US21$IEEE1$IW$~IW$USESV6$~STKCKD$USESV7$~SHL$OTIME$ROPI$EBA8$UX$STANDARDLIB$REQ8$PRES8$EABIv2 0x00000000   Number         0  anon$$obj.o ABSOLUTE
    __ARM_exceptions_init                     - Undefined Weak Reference
    __alloca_initialize                       - Undefined Weak Reference
    __arm_preinit_                            - Undefined Weak Reference
    __cpp_initialize__aeabi_                  - Undefined Weak Reference
    __cxa_finalize                            - Undefined Weak Reference
    __rt_locale                               - Undefined Weak Reference
    __sigvec_lookup                           - Undefined Weak Reference
    _atexit_init                              - Undefined Weak Reference
    _call_atexit_fns                          - Undefined Weak Reference
    _clock_init                               - Undefined Weak Reference
    _fp_trap_init                             - Undefined Weak Reference
    _fp_trap_shutdown                         - Undefined Weak Reference
    _get_lc_collate                           - Undefined Weak Reference
    _get_lc_ctype                             - Undefined Weak Reference
    _get_lc_monetary                          - Undefined Weak Reference
    _get_lc_numeric                           - Undefined Weak Reference
    _get_lc_time                              - Undefined Weak Reference
    _getenv_init                              - Undefined Weak Reference
    _handle_redirection                       - Undefined Weak Reference
    _init_alloc                               - Undefined Weak Reference
    _init_user_alloc                          - Undefined Weak Reference
    _initio                                   - Undefined Weak Reference
    _rand_init                                - Undefined Weak Reference
    _signal_finish                            - Undefined Weak Reference
    _signal_init                              - Undefined Weak Reference
    _terminate_alloc                          - Undefined Weak Reference
    _terminate_user_alloc                     - Undefined Weak Reference
    _terminateio                              - Undefined Weak Reference
    __Vectors_Size                           0x00000198   Number         0  startup_stm32f411xe.o ABSOLUTE
    __Vectors                                0x08000000   Data           4  startup_stm32f411xe.o(RESET)
    __Vectors_End                            0x08000198   Data           0  startup_stm32f411xe.o(RESET)
    __main                                   0x08000199   Thumb Code     8  __main.o(!!!main)
    __scatterload                            0x080001a1   Thumb Code     0  __scatter.o(!!!scatter)
    __scatterload_rt2                        0x080001a1   Thumb Code    44  __scatter.o(!!!scatter)
    __scatterload_rt2_thumb_only             0x080001a1   Thumb Code     0  __scatter.o(!!!scatter)
    __scatterload_null                       0x080001af   Thumb Code     0  __scatter.o(!!!scatter)
    __scatterload_zeroinit                   0x080001d5   Thumb Code    28  __scatter_zi.o(!!handler_zi)
    __rt_lib_init                            0x080001f1   Thumb Code     0  libinit.o(.ARM.Collect$$libinit$$00000000)
    __rt_lib_init_fp_1                       0x080001f3   Thumb Code     0  libinit2.o(.ARM.Collect$$libinit$$00000001)
    __rt_lib_init_alloca_1                   0x080001f7   Thumb Code     0  libinit2.o(.ARM.Collect$$libinit$$0000002E)
    __rt_lib_init_argv_1                     0x080001f7   Thumb Code     0  libinit2.o(.ARM.Collect$$libinit$$0000002C)
    __rt_lib_init_atexit_1                   0x080001f7   Thumb Code     0  libinit2.o(.ARM.Collect$$libinit$$0000001B)
    __rt_lib_init_clock_1                    0x080001f7   Thumb Code     0  libinit2.o(.ARM.Collect$$libinit$$00000021)
    __rt_lib_init_cpp_1                      0x080001f7   Thumb Code     0  libinit2.o(.ARM.Collect$$libinit$$00000032)
    __rt_lib_init_exceptions_1               0x080001f7   Thumb Code     0  libinit2.o(.ARM.Collect$$libinit$$00000030)
    __rt_lib_init_fp_trap_1                  0x080001f7   Thumb Code     0  libinit2.o(.ARM.Collect$$libinit$$0000001F)
    __rt_lib_init_getenv_1                   0x080001f7   Thumb Code     0  libinit2.o(.ARM.Collect$$libinit$$00000023)
    __rt_lib_init_heap_1                     0x080001f7   Thumb Code     0  libinit2.o(.ARM.Collect$$libinit$$0000000A)
    __rt_lib_init_lc_collate_1               0x080001f7   Thumb Code     0  libinit2.o(.ARM.Collect$$libinit$$00000011)
    __rt_lib_init_lc_ctype_1                 0x080001f7   Thumb Code     0  libinit2.o(.ARM.Collect$$libinit$$00000013)
    __rt_lib_init_lc_monetary_1              0x080001f7   Thumb Code     0  libinit2.o(.ARM.Collect$$libinit$$00000015)
    __rt_lib_init_lc_numeric_1               0x080001f7   Thumb Code     0  libinit2.o(.ARM.Collect$$libinit$$00000017)
    __rt_lib_init_lc_time_1                  0x080001f7   Thumb Code     0  libinit2.o(.ARM.Collect$$libinit$$00000019)
    __rt_lib_init_preinit_1                  0x080001f7   Thumb Code     0  libinit2.o(.ARM.Collect$$libinit$$00000004)
    __rt_lib_init_rand_1                     0x080001f7   Thumb Code     0  libinit2.o(.ARM.Collect$$libinit$$0000000E)
    __rt_lib_init_return                     0x080001f7   Thumb Code     0  libinit2.o(.ARM.Collect$$libinit$$00000033)
    __rt_lib_init_signal_1                   0x080001f7   Thumb Code     0  libinit2.o(.ARM.Collect$$libinit$$0000001D)
    __rt_lib_init_stdio_1                    0x080001f7   Thumb Code     0  libinit2.o(.ARM.Collect$$libinit$$00000025)
    __rt_lib_init_user_alloc_1               0x080001f7   Thumb Code     0  libinit2.o(.ARM.Collect$$libinit$$0000000C)
    __rt_lib_shutdown                        0x080001f9   Thumb Code     0  libshutdown.o(.ARM.Collect$$libshutdown$$00000000)
    __rt_lib_shutdown_cpp_1                  0x080001fb   Thumb Code     0  libshutdown2.o(.ARM.Collect$$libshutdown$$00000002)
    __rt_lib_shutdown_fp_trap_1              0x080001fb   Thumb Code     0  libshutdown2.o(.ARM.Collect$$libshutdown$$00000007)
    __rt_lib_shutdown_heap_1                 0x080001fb   Thumb Code     0  libshutdown2.o(.ARM.Collect$$libshutdown$$0000000F)
    __rt_lib_shutdown_return                 0x080001fb   Thumb Code     0  libshutdown2.o(.ARM.Collect$$libshutdown$$00000010)
    __rt_lib_shutdown_signal_1               0x080001fb   Thumb Code     0  libshutdown2.o(.ARM.Collect$$libshutdown$$0000000A)
    __rt_lib_shutdown_stdio_1                0x080001fb   Thumb Code     0  libshutdown2.o(.ARM.Collect$$libshutdown$$00000004)
    __rt_lib_shutdown_user_alloc_1           0x080001fb   Thumb Code     0  libshutdown2.o(.ARM.Collect$$libshutdown$$0000000C)
    __rt_entry                               0x080001fd   Thumb Code     0  __rtentry.o(.ARM.Collect$$rtentry$$00000000)
    __rt_entry_presh_1                       0x080001fd   Thumb Code     0  __rtentry2.o(.ARM.Collect$$rtentry$$00000002)
    __rt_entry_sh                            0x080001fd   Thumb Code     0  __rtentry4.o(.ARM.Collect$$rtentry$$00000004)
    __rt_entry_li                            0x08000203   Thumb Code     0  __rtentry2.o(.ARM.Collect$$rtentry$$0000000A)
    __rt_entry_postsh_1                      0x08000203   Thumb Code     0  __rtentry2.o(.ARM.Collect$$rtentry$$00000009)
    __rt_entry_main                          0x08000207   Thumb Code     0  __rtentry2.o(.ARM.Collect$$rtentry$$0000000D)
    __rt_entry_postli_1                      0x08000207   Thumb Code     0  __rtentry2.o(.ARM.Collect$$rtentry$$0000000C)
    __rt_exit                                0x0800020f   Thumb Code     0  rtexit.o(.ARM.Collect$$rtexit$$00000000)
    __rt_exit_ls                             0x08000211   Thumb Code     0  rtexit2.o(.ARM.Collect$$rtexit$$00000003)
    __rt_exit_prels_1                        0x08000211   Thumb Code     0  rtexit2.o(.ARM.Collect$$rtexit$$00000002)
    __rt_exit_exit                           0x08000215   Thumb Code     0  rtexit2.o(.ARM.Collect$$rtexit$$00000004)
    Reset_Handler                            0x0800021d   Thumb Code     8  startup_stm32f411xe.o(.text)
    NMI_Handler                              0x08000225   Thumb Code     2  startup_stm32f411xe.o(.text)
    HardFault_Handler                        0x08000227   Thumb Code     2  startup_stm32f411xe.o(.text)
    MemManage_Handler                        0x08000229   Thumb Code     2  startup_stm32f411xe.o(.text)
    BusFault_Handler                         0x0800022b   Thumb Code     2  startup_stm32f411xe.o(.text)
    UsageFault_Handler                       0x0800022d   Thumb Code     2  startup_stm32f411xe.o(.text)
    SVC_Handler                              0x0800022f   Thumb Code     2  startup_stm32f411xe.o(.text)
    DebugMon_Handler                         0x08000231   Thumb Code     2  startup_stm32f411xe.o(.text)
    PendSV_Handler                           0x08000233   Thumb Code     2  startup_stm32f411xe.o(.text)
    SysTick_Handler                          0x08000235   Thumb Code     2  startup_stm32f411xe.o(.text)
    ADC_IRQHandler                           0x08000237   Thumb Code     0  startup_stm32f411xe.o(.text)
    DMA1_Stream0_IRQHandler                  0x08000237   Thumb Code     0  startup_stm32f411xe.o(.text)
    DMA1_Stream1_IRQHandler                  0x08000237   Thumb Code     0  startup_stm32f411xe.o(.text)
    DMA1_Stream2_IRQHandler                  0x08000237   Thumb Code     0  startup_stm32f411xe.o(.text)
    DMA1_Stream3_IRQHandler                  0x08000237   Thumb Code     0  startup_stm32f411xe.o(.text)
    DMA1_Stream4_IRQHandler                  0x08000237   Thumb Code     0  startup_stm32f411xe.o(.text)
    DMA1_Stream5_IRQHandler                  0x08000237   Thumb Code     0  startup_stm32f411xe.o(.text)
    DMA1_Stream6_IRQHandler                  0x08000237   Thumb Code     0  startup_stm32f411xe.o(.text)
    DMA1_Stream7_IRQHandler                  0x08000237   Thumb Code     0  startup_stm32f411xe.o(.text)
    DMA2_Stream0_IRQHandler                  0x08000237   Thumb Code     0  startup_stm32f411xe.o(.text)
    DMA2_Stream1_IRQHandler                  0x08000237   Thumb Code     0  startup_stm32f411xe.o(.text)
    DMA2_Stream2_IRQHandler                  0x08000237   Thumb Code     0  startup_stm32f411xe.o(.text)
    DMA2_Stream3_IRQHandler                  0x08000237   Thumb Code     0  startup_stm32f411xe.o(.text)
    DMA2_Stream4_IRQHandler                  0x08000237   Thumb Code     0  startup_stm32f411xe.o(.text)
    DMA2_Stream5_IRQHandler                  0x08000237   Thumb Code     0  startup_stm32f411xe.o(.text)
    DMA2_Stream6_IRQHandler                  0x08000237   Thumb Code     0  startup_stm32f411xe.o(.text)
    DMA2_Stream7_IRQHandler                  0x08000237   Thumb Code     0  startup_stm32f411xe.o(.text)
    EXTI0_IRQHandler                         0x08000237   Thumb Code     0  startup_stm32f411xe.o(.text)
    EXTI15_10_IRQHandler                     0x08000237   Thumb Code     0  startup_stm32f411xe.o(.text)
    EXTI1_IRQHandler                         0x08000237   Thumb Code     0  startup_stm32f411xe.o(.text)
    EXTI2_IRQHandler                         0x08000237   Thumb Code     0  startup_stm32f411xe.o(.text)
    EXTI3_IRQHandler                         0x08000237   Thumb Code     0  startup_stm32f411xe.o(.text)
    EXTI4_IRQHandler                         0x08000237   Thumb Code     0  startup_stm32f411xe.o(.text)
    EXTI9_5_IRQHandler                       0x08000237   Thumb Code     0  startup_stm32f411xe.o(.text)
    FLASH_IRQHandler                         0x08000237   Thumb Code     0  startup_stm32f411xe.o(.text)
    FPU_IRQHandler                           0x08000237   Thumb Code     0  startup_stm32f411xe.o(.text)
    I2C1_ER_IRQHandler                       0x08000237   Thumb Code     0  startup_stm32f411xe.o(.text)
    I2C1_EV_IRQHandler                       0x08000237   Thumb Code     0  startup_stm32f411xe.o(.text)
    I2C2_ER_IRQHandler                       0x08000237   Thumb Code     0  startup_stm32f411xe.o(.text)
    I2C2_EV_IRQHandler                       0x08000237   Thumb Code     0  startup_stm32f411xe.o(.text)
    I2C3_ER_IRQHandler                       0x08000237   Thumb Code     0  startup_stm32f411xe.o(.text)
    I2C3_EV_IRQHandler                       0x08000237   Thumb Code     0  startup_stm32f411xe.o(.text)
    OTG_FS_IRQHandler                        0x08000237   Thumb Code     0  startup_stm32f411xe.o(.text)
    OTG_FS_WKUP_IRQHandler                   0x08000237   Thumb Code     0  startup_stm32f411xe.o(.text)
    PVD_IRQHandler                           0x08000237   Thumb Code     0  startup_stm32f411xe.o(.text)
    RCC_IRQHandler                           0x08000237   Thumb Code     0  startup_stm32f411xe.o(.text)
    RTC_Alarm_IRQHandler                     0x08000237   Thumb Code     0  startup_stm32f411xe.o(.text)
    RTC_WKUP_IRQHandler                      0x08000237   Thumb Code     0  startup_stm32f411xe.o(.text)
    SDIO_IRQHandler                          0x08000237   Thumb Code     0  startup_stm32f411xe.o(.text)
    SPI1_IRQHandler                          0x08000237   Thumb Code     0  startup_stm32f411xe.o(.text)
    SPI2_IRQHandler                          0x08000237   Thumb Code     0  startup_stm32f411xe.o(.text)
    SPI3_IRQHandler                          0x08000237   Thumb Code     0  startup_stm32f411xe.o(.text)
    SPI4_IRQHandler                          0x08000237   Thumb Code     0  startup_stm32f411xe.o(.text)
    SPI5_IRQHandler                          0x08000237   Thumb Code     0  startup_stm32f411xe.o(.text)
    TAMP_STAMP_IRQHandler                    0x08000237   Thumb Code     0  startup_stm32f411xe.o(.text)
    TIM1_BRK_TIM9_IRQHandler                 0x08000237   Thumb Code     0  startup_stm32f411xe.o(.text)
    TIM1_CC_IRQHandler                       0x08000237   Thumb Code     0  startup_stm32f411xe.o(.text)
    TIM1_TRG_COM_TIM11_IRQHandler            0x08000237   Thumb Code     0  startup_stm32f411xe.o(.text)
    TIM1_UP_TIM10_IRQHandler                 0x08000237   Thumb Code     0  startup_stm32f411xe.o(.text)
    TIM2_IRQHandler                          0x08000237   Thumb Code     0  startup_stm32f411xe.o(.text)
    TIM3_IRQHandler                          0x08000237   Thumb Code     0  startup_stm32f411xe.o(.text)
    TIM4_IRQHandler                          0x08000237   Thumb Code     0  startup_stm32f411xe.o(.text)
    TIM5_IRQHandler                          0x08000237   Thumb Code     0  startup_stm32f411xe.o(.text)
    USART1_IRQHandler                        0x08000237   Thumb Code     0  startup_stm32f411xe.o(.text)
    USART2_IRQHandler                        0x08000237   Thumb Code     0  startup_stm32f411xe.o(.text)
    USART6_IRQHandler                        0x08000237   Thumb Code     0  startup_stm32f411xe.o(.text)
    WWDG_IRQHandler                          0x08000237   Thumb Code     0  startup_stm32f411xe.o(.text)
    __user_initial_stackheap                 0x08000239   Thumb Code     0  startup_stm32f411xe.o(.text)
    __use_two_region_memory                  0x0800025d   Thumb Code     2  heapauxi.o(.text)
    __rt_heap_escrow$2region                 0x0800025f   Thumb Code     2  heapauxi.o(.text)
    __rt_heap_expand$2region                 0x08000261   Thumb Code     2  heapauxi.o(.text)
    __user_setup_stackheap                   0x08000263   Thumb Code    74  sys_stackheap_outer.o(.text)
    exit                                     0x080002ad   Thumb Code    18  exit.o(.text)
    __user_libspace                          0x080002c1   Thumb Code     8  libspace.o(.text)
    __user_perproc_libspace                  0x080002c1   Thumb Code     0  libspace.o(.text)
    __user_perthread_libspace                0x080002c1   Thumb Code     0  libspace.o(.text)
    _sys_exit                                0x080002c9   Thumb Code     8  sys_exit.o(.text)
    __I$use$semihosting                      0x080002d5   Thumb Code     0  use_no_semi.o(.text)
    __use_no_semihosting_swi                 0x080002d5   Thumb Code     2  use_no_semi.o(.text)
    __semihosting_library_function           0x080002d7   Thumb Code     0  indicate_semi.o(.text)
    DIS_CS                                   0x080002d9   Thumb Code    16  spi.o(.text.DIS_CS)
    EN_CS                                    0x080002e9   Thumb Code    16  spi.o(.text.EN_CS)
    SPI_Init                                 0x080002f9   Thumb Code   176  spi.o(.text.SPI_Init)
    SPI_Transmit                             0x080003a9   Thumb Code    42  spi.o(.text.SPI_Transmit)
    SystemInit                               0x080003d5   Thumb Code    18  system_stm32f4xx.o(.text.SystemInit)
    W5500_ConfigureNetwork                   0x080003e9   Thumb Code    78  spi.o(.text.W5500_ConfigureNetwork)
    W5500_Init                               0x08000439   Thumb Code    36  spi.o(.text.W5500_Init)
    main                                     0x0800045d   Thumb Code    10  spi.o(.text.main)
    _fp_init                                 0x08000467   Thumb Code    26  fpinit.o(x$fpl$fpinit)
    __fplib_config_fpu_vfp                   0x0800047f   Thumb Code     0  fpinit.o(x$fpl$fpinit)
    __fplib_config_pureend_doubles           0x0800047f   Thumb Code     0  fpinit.o(x$fpl$fpinit)
    Region$$Table$$Base                      0x08000480   Number         0  anon$$obj.o(Region$$Table)
    Region$$Table$$Limit                     0x08000490   Number         0  anon$$obj.o(Region$$Table)
    __libspace_start                         0x20000000   Data          96  libspace.o(.bss)
    __temporary_stack_top$libspace           0x20000060   Data           0  libspace.o(.bss)



==============================================================================

Memory Map of the image

  Image Entry point : 0x0800021d

  Load Region LR_1 (Base: 0x08000000, Size: 0x00000490, Max: 0xffffffff, ABSOLUTE)

    Execution Region ER_RO (Exec base: 0x08000000, Load base: 0x08000000, Size: 0x00000490, Max: 0xffffffff, ABSOLUTE)

    Exec Addr    Load Addr    Size         Type   Attr      Idx    E Section Name        Object

    0x08000000   0x08000000   0x00000198   Data   RO          177    RESET               startup_stm32f411xe.o
    0x08000198   0x08000198   0x00000008   Code   RO          203  * !!!main             c_w.l(__main.o)
    0x080001a0   0x080001a0   0x00000034   Code   RO          366    !!!scatter          c_w.l(__scatter.o)
    0x080001d4   0x080001d4   0x0000001c   Code   RO          368    !!handler_zi        c_w.l(__scatter_zi.o)
    0x080001f0   0x080001f0   0x00000002   Code   RO          230    .ARM.Collect$$libinit$$00000000  c_w.l(libinit.o)
    0x080001f2   0x080001f2   0x00000004   Code   RO          236    .ARM.Collect$$libinit$$00000001  c_w.l(libinit2.o)
    0x080001f6   0x080001f6   0x00000000   Code   RO          239    .ARM.Collect$$libinit$$00000004  c_w.l(libinit2.o)
    0x080001f6   0x080001f6   0x00000000   Code   RO          242    .ARM.Collect$$libinit$$0000000A  c_w.l(libinit2.o)
    0x080001f6   0x080001f6   0x00000000   Code   RO          244    .ARM.Collect$$libinit$$0000000C  c_w.l(libinit2.o)
    0x080001f6   0x080001f6   0x00000000   Code   RO          246    .ARM.Collect$$libinit$$0000000E  c_w.l(libinit2.o)
    0x080001f6   0x080001f6   0x00000000   Code   RO          249    .ARM.Collect$$libinit$$00000011  c_w.l(libinit2.o)
    0x080001f6   0x080001f6   0x00000000   Code   RO          251    .ARM.Collect$$libinit$$00000013  c_w.l(libinit2.o)
    0x080001f6   0x080001f6   0x00000000   Code   RO          253    .ARM.Collect$$libinit$$00000015  c_w.l(libinit2.o)
    0x080001f6   0x080001f6   0x00000000   Code   RO          255    .ARM.Collect$$libinit$$00000017  c_w.l(libinit2.o)
    0x080001f6   0x080001f6   0x00000000   Code   RO          257    .ARM.Collect$$libinit$$00000019  c_w.l(libinit2.o)
    0x080001f6   0x080001f6   0x00000000   Code   RO          259    .ARM.Collect$$libinit$$0000001B  c_w.l(libinit2.o)
    0x080001f6   0x080001f6   0x00000000   Code   RO          261    .ARM.Collect$$libinit$$0000001D  c_w.l(libinit2.o)
    0x080001f6   0x080001f6   0x00000000   Code   RO          263    .ARM.Collect$$libinit$$0000001F  c_w.l(libinit2.o)
    0x080001f6   0x080001f6   0x00000000   Code   RO          265    .ARM.Collect$$libinit$$00000021  c_w.l(libinit2.o)
    0x080001f6   0x080001f6   0x00000000   Code   RO          267    .ARM.Collect$$libinit$$00000023  c_w.l(libinit2.o)
    0x080001f6   0x080001f6   0x00000000   Code   RO          269    .ARM.Collect$$libinit$$00000025  c_w.l(libinit2.o)
    0x080001f6   0x080001f6   0x00000000   Code   RO          273    .ARM.Collect$$libinit$$0000002C  c_w.l(libinit2.o)
    0x080001f6   0x080001f6   0x00000000   Code   RO          275    .ARM.Collect$$libinit$$0000002E  c_w.l(libinit2.o)
    0x080001f6   0x080001f6   0x00000000   Code   RO          277    .ARM.Collect$$libinit$$00000030  c_w.l(libinit2.o)
    0x080001f6   0x080001f6   0x00000000   Code   RO          279    .ARM.Collect$$libinit$$00000032  c_w.l(libinit2.o)
    0x080001f6   0x080001f6   0x00000002   Code   RO          280    .ARM.Collect$$libinit$$00000033  c_w.l(libinit2.o)
    0x080001f8   0x080001f8   0x00000002   Code   RO          302    .ARM.Collect$$libshutdown$$00000000  c_w.l(libshutdown.o)
    0x080001fa   0x080001fa   0x00000000   Code   RO          317    .ARM.Collect$$libshutdown$$00000002  c_w.l(libshutdown2.o)
    0x080001fa   0x080001fa   0x00000000   Code   RO          319    .ARM.Collect$$libshutdown$$00000004  c_w.l(libshutdown2.o)
    0x080001fa   0x080001fa   0x00000000   Code   RO          322    .ARM.Collect$$libshutdown$$00000007  c_w.l(libshutdown2.o)
    0x080001fa   0x080001fa   0x00000000   Code   RO          325    .ARM.Collect$$libshutdown$$0000000A  c_w.l(libshutdown2.o)
    0x080001fa   0x080001fa   0x00000000   Code   RO          327    .ARM.Collect$$libshutdown$$0000000C  c_w.l(libshutdown2.o)
    0x080001fa   0x080001fa   0x00000000   Code   RO          330    .ARM.Collect$$libshutdown$$0000000F  c_w.l(libshutdown2.o)
    0x080001fa   0x080001fa   0x00000002   Code   RO          331    .ARM.Collect$$libshutdown$$00000010  c_w.l(libshutdown2.o)
    0x080001fc   0x080001fc   0x00000000   Code   RO          205    .ARM.Collect$$rtentry$$00000000  c_w.l(__rtentry.o)
    0x080001fc   0x080001fc   0x00000000   Code   RO          207    .ARM.Collect$$rtentry$$00000002  c_w.l(__rtentry2.o)
    0x080001fc   0x080001fc   0x00000006   Code   RO          219    .ARM.Collect$$rtentry$$00000004  c_w.l(__rtentry4.o)
    0x08000202   0x08000202   0x00000000   Code   RO          209    .ARM.Collect$$rtentry$$00000009  c_w.l(__rtentry2.o)
    0x08000202   0x08000202   0x00000004   Code   RO          210    .ARM.Collect$$rtentry$$0000000A  c_w.l(__rtentry2.o)
    0x08000206   0x08000206   0x00000000   Code   RO          212    .ARM.Collect$$rtentry$$0000000C  c_w.l(__rtentry2.o)
    0x08000206   0x08000206   0x00000008   Code   RO          213    .ARM.Collect$$rtentry$$0000000D  c_w.l(__rtentry2.o)
    0x0800020e   0x0800020e   0x00000002   Code   RO          234    .ARM.Collect$$rtexit$$00000000  c_w.l(rtexit.o)
    0x08000210   0x08000210   0x00000000   Code   RO          282    .ARM.Collect$$rtexit$$00000002  c_w.l(rtexit2.o)
    0x08000210   0x08000210   0x00000004   Code   RO          283    .ARM.Collect$$rtexit$$00000003  c_w.l(rtexit2.o)
    0x08000214   0x08000214   0x00000006   Code   RO          284    .ARM.Collect$$rtexit$$00000004  c_w.l(rtexit2.o)
    0x0800021a   0x0800021a   0x00000002   PAD
    0x0800021c   0x0800021c   0x00000040   Code   RO          178  * .text               startup_stm32f411xe.o
    0x0800025c   0x0800025c   0x00000006   Code   RO          201    .text               c_w.l(heapauxi.o)
    0x08000262   0x08000262   0x0000004a   Code   RO          221    .text               c_w.l(sys_stackheap_outer.o)
    0x080002ac   0x080002ac   0x00000012   Code   RO          223    .text               c_w.l(exit.o)
    0x080002be   0x080002be   0x00000002   PAD
    0x080002c0   0x080002c0   0x00000008   Code   RO          231    .text               c_w.l(libspace.o)
    0x080002c8   0x080002c8   0x0000000c   Code   RO          292    .text               c_w.l(sys_exit.o)
    0x080002d4   0x080002d4   0x00000002   Code   RO          307    .text               c_w.l(use_no_semi.o)
    0x080002d6   0x080002d6   0x00000000   Code   RO          309    .text               c_w.l(indicate_semi.o)
    0x080002d6   0x080002d6   0x00000002   PAD
    0x080002d8   0x080002d8   0x00000010   Code   RO           73    .text.DIS_CS        spi.o
    0x080002e8   0x080002e8   0x00000010   Code   RO           71    .text.EN_CS         spi.o
    0x080002f8   0x080002f8   0x000000b0   Code   RO           65    .text.SPI_Init      spi.o
    0x080003a8   0x080003a8   0x0000002a   Code   RO           67    .text.SPI_Transmit  spi.o
    0x080003d2   0x080003d2   0x00000002   PAD
    0x080003d4   0x080003d4   0x00000012   Code   RO          185    .text.SystemInit    system_stm32f4xx.o
    0x080003e6   0x080003e6   0x00000002   PAD
    0x080003e8   0x080003e8   0x0000004e   Code   RO           77    .text.W5500_ConfigureNetwork  spi.o
    0x08000436   0x08000436   0x00000002   PAD
    0x08000438   0x08000438   0x00000024   Code   RO           75    .text.W5500_Init    spi.o
    0x0800045c   0x0800045c   0x0000000a   Code   RO           79    .text.main          spi.o
    0x08000466   0x08000466   0x0000001a   Code   RO          290    x$fpl$fpinit        fz_wm.l(fpinit.o)
    0x08000480   0x08000480   0x00000010   Data   RO          365    Region$$Table       anon$$obj.o


    Execution Region ER_RW (Exec base: 0x20000000, Load base: 0x08000490, Size: 0x00000000, Max: 0xffffffff, ABSOLUTE)

    **** No section assigned to this execution region ****


    Execution Region ER_ZI (Exec base: 0x20000000, Load base: 0x08000490, Size: 0x00000660, Max: 0xffffffff, ABSOLUTE)

    Exec Addr    Load Addr    Size         Type   Attr      Idx    E Section Name        Object

    0x20000000        -       0x00000060   Zero   RW          232    .bss                c_w.l(libspace.o)
    0x20000060        -       0x00000200   Zero   RW          176    HEAP                startup_stm32f411xe.o
    0x20000260        -       0x00000400   Zero   RW          175    STACK               startup_stm32f411xe.o


==============================================================================

Image component sizes


      Code (inc. data)   RO Data    RW Data    ZI Data      Debug   Object Name

       374          0          0          0          0       3114   spi.o
        64         26        408          0       1536        860   startup_stm32f411xe.o
        18          0          0          0          0       2729   system_stm32f4xx.o

    ----------------------------------------------------------------------
       462         26        424          0       1536       6703   Object Totals
         0          0         16          0          0          0   (incl. Generated)
         6          0          0          0          0          0   (incl. Padding)

    ----------------------------------------------------------------------

      Code (inc. data)   RO Data    RW Data    ZI Data      Debug   Library Member Name

         8          0          0          0          0         68   __main.o
         0          0          0          0          0          0   __rtentry.o
        12          0          0          0          0          0   __rtentry2.o
         6          0          0          0          0          0   __rtentry4.o
        52          8          0          0          0          0   __scatter.o
        28          0          0          0          0          0   __scatter_zi.o
        18          0          0          0          0         80   exit.o
         6          0          0          0          0        152   heapauxi.o
         0          0          0          0          0          0   indicate_semi.o
         2          0          0          0          0          0   libinit.o
         6          0          0          0          0          0   libinit2.o
         2          0          0          0          0          0   libshutdown.o
         2          0          0          0          0          0   libshutdown2.o
         8          4          0          0         96         68   libspace.o
         2          0          0          0          0          0   rtexit.o
        10          0          0          0          0          0   rtexit2.o
        12          4          0          0          0         68   sys_exit.o
        74          0          0          0          0         80   sys_stackheap_outer.o
         2          0          0          0          0         68   use_no_semi.o
        26          0          0          0          0        116   fpinit.o

    ----------------------------------------------------------------------
       282         16          0          0         96        700   Library Totals
         6          0          0          0          0          0   (incl. Padding)

    ----------------------------------------------------------------------

      Code (inc. data)   RO Data    RW Data    ZI Data      Debug   Library Name

       250         16          0          0         96        584   c_w.l
        26          0          0          0          0        116   fz_wm.l

    ----------------------------------------------------------------------
       282         16          0          0         96        700   Library Totals

    ----------------------------------------------------------------------

==============================================================================


      Code (inc. data)   RO Data    RW Data    ZI Data      Debug   

       744         42        424          0       1632       7163   Grand Totals
       744         42        424          0       1632       7163   ELF Image Totals
       744         42        424          0          0          0   ROM Totals

==============================================================================

    Total RO  Size (Code + RO Data)                 1168 (   1.14kB)
    Total RW  Size (RW Data + ZI Data)              1632 (   1.59kB)
    Total ROM Size (Code + RO Data + RW Data)       1168 (   1.14kB)

==============================================================================

