Component: ARM Compiler 6.14 Tool: armlink [5db06800]

==============================================================================

Section Cross References

    main.o(.text.task0) refers to main.o(.bss.semaphore1) for semaphore1
    main.o(.text.task0) refers to kernel.o(.text.osCooperative_Wait) for osCooperative_Wait
    main.o(.text.task0) refers to main.o(.bss.i1) for i1
    main.o(.text.task0) refers to main.o(.bss.semaphore2) for semaphore2
    main.o(.text.task0) refers to kernel.o(.text.osSemaphore_Give) for osSemaphore_Give
    main.o(.ARM.exidx.text.task0) refers to main.o(.text.task0) for [Anonymous Symbol]
    main.o(.text.task1) refers to main.o(.bss.semaphore2) for semaphore2
    main.o(.text.task1) refers to kernel.o(.text.osCooperative_Wait) for osCooperative_Wait
    main.o(.text.task1) refers to main.o(.bss.i2) for i2
    main.o(.text.task1) refers to main.o(.bss.semaphore1) for semaphore1
    main.o(.text.task1) refers to kernel.o(.text.osSemaphore_Give) for osSemaphore_Give
    main.o(.ARM.exidx.text.task1) refers to main.o(.text.task1) for [Anonymous Symbol]
    main.o(.text.task2) refers to main.o(.bss.i3) for i3
    main.o(.ARM.exidx.text.task2) refers to main.o(.text.task2) for [Anonymous Symbol]
    main.o(.text.periodicTask0) refers to main.o(.bss.cnt0) for cnt0
    main.o(.ARM.exidx.text.periodicTask0) refers to main.o(.text.periodicTask0) for [Anonymous Symbol]
    main.o(.text.periodicTask1) refers to main.o(.bss.cnt1) for cnt1
    main.o(.ARM.exidx.text.periodicTask1) refers to main.o(.text.periodicTask1) for [Anonymous Symbol]
    main.o(.text.sporadictask) refers to main.o(.bss.sporadicSemaphore) for sporadicSemaphore
    main.o(.text.sporadictask) refers to kernel.o(.text.osCooperative_Wait) for osCooperative_Wait
    main.o(.text.sporadictask) refers to main.o(.bss.cnt2) for cnt2
    main.o(.ARM.exidx.text.sporadictask) refers to main.o(.text.sporadictask) for [Anonymous Symbol]
    main.o(.text.main) refers to kernel.o(.text.osKernelInit) for osKernelInit
    main.o(.text.main) refers to main.o(.text.task0) for task0
    main.o(.text.main) refers to main.o(.text.task1) for task1
    main.o(.text.main) refers to main.o(.text.task2) for task2
    main.o(.text.main) refers to kernel.o(.text.osKernelAddThread) for osKernelAddThread
    main.o(.text.main) refers to main.o(.text.periodicTask0) for periodicTask0
    main.o(.text.main) refers to kernel.o(.text.osKernelAddPeriodicThreads) for osKernelAddPeriodicThreads
    main.o(.text.main) refers to main.o(.bss.semaphore1) for semaphore1
    main.o(.text.main) refers to kernel.o(.text.osSemaphore_Init) for osSemaphore_Init
    main.o(.text.main) refers to main.o(.bss.semaphore2) for semaphore2
    main.o(.text.main) refers to main.o(.bss.sporadicSemaphore) for sporadicSemaphore
    main.o(.text.main) refers to kernel.o(.text.osEdgeTriggerInit) for osEdgeTriggerInit
    main.o(.text.main) refers to kernel.o(.text.osKernelLaunch) for osKernelLaunch
    main.o(.ARM.exidx.text.main) refers to main.o(.text.main) for [Anonymous Symbol]
    main.o(.ARM.exidx.text.SysTick_Handler) refers to main.o(.text.SysTick_Handler) for [Anonymous Symbol]
    kernel.o(.ARM.exidx.text.osThreadYield) refers to kernel.o(.text.osThreadYield) for [Anonymous Symbol]
    kernel.o(.text.osKernelInit) refers to kernel.o(.bss.MILLIS_PRESCALER) for MILLIS_PRESCALER
    kernel.o(.text.osKernelInit) refers to kernel.o(.text.periodic_events_exe) for periodic_events_exe
    kernel.o(.text.osKernelInit) refers to kernel.o(.text.osPeriodicTask_Init) for osPeriodicTask_Init
    kernel.o(.ARM.exidx.text.osKernelInit) refers to kernel.o(.text.osKernelInit) for [Anonymous Symbol]
    kernel.o(.text.osPeriodicTask_Init) refers to kernel.o(.bss.PeriodicTask) for PeriodicTask
    kernel.o(.text.osPeriodicTask_Init) refers to kernel.o(.text.__NVIC_SetPriority) for __NVIC_SetPriority
    kernel.o(.text.osPeriodicTask_Init) refers to kernel.o(.text.__NVIC_EnableIRQ) for __NVIC_EnableIRQ
    kernel.o(.ARM.exidx.text.osPeriodicTask_Init) refers to kernel.o(.text.osPeriodicTask_Init) for [Anonymous Symbol]
    kernel.o(.text.TIM2_IRQHandler) refers to kernel.o(.bss.PeriodicTask) for PeriodicTask
    kernel.o(.ARM.exidx.text.TIM2_IRQHandler) refers to kernel.o(.text.TIM2_IRQHandler) for [Anonymous Symbol]
    kernel.o(.text.osKernelLaunch) refers to kernel.o(.bss.MILLIS_PRESCALER) for MILLIS_PRESCALER
    kernel.o(.text.osKernelLaunch) refers to kernel.o(.text.__NVIC_SetPriority) for __NVIC_SetPriority
    kernel.o(.text.osKernelLaunch) refers to kernel_1.o(.TEXT) for osSchedulerLaunch
    kernel.o(.ARM.exidx.text.osKernelLaunch) refers to kernel.o(.text.osKernelLaunch) for [Anonymous Symbol]
    kernel.o(.ARM.exidx.text.__NVIC_SetPriority) refers to kernel.o(.text.__NVIC_SetPriority) for [Anonymous Symbol]
    kernel.o(.text.osKernelStackInit) refers to kernel.o(.bss.TCB_STACK) for TCB_STACK
    kernel.o(.text.osKernelStackInit) refers to kernel.o(.bss.tcbs) for tcbs
    kernel.o(.ARM.exidx.text.osKernelStackInit) refers to kernel.o(.text.osKernelStackInit) for [Anonymous Symbol]
    kernel.o(.text.osKernelAddThread) refers to kernel.o(.bss.tcbs) for tcbs
    kernel.o(.text.osKernelAddThread) refers to kernel.o(.text.osKernelStackInit) for osKernelStackInit
    kernel.o(.text.osKernelAddThread) refers to kernel.o(.bss.TCB_STACK) for TCB_STACK
    kernel.o(.text.osKernelAddThread) refers to kernel.o(.bss.currentPt) for currentPt
    kernel.o(.ARM.exidx.text.osKernelAddThread) refers to kernel.o(.text.osKernelAddThread) for [Anonymous Symbol]
    kernel.o(.text.osKernelAdd1Thread) refers to kernel.o(.bss.current_num_of_thread) for current_num_of_thread
    kernel.o(.text.osKernelAdd1Thread) refers to kernel.o(.text.osKernelStackInit) for osKernelStackInit
    kernel.o(.text.osKernelAdd1Thread) refers to kernel.o(.bss.TCB_STACK) for TCB_STACK
    kernel.o(.text.osKernelAdd1Thread) refers to kernel.o(.bss.tcbs) for tcbs
    kernel.o(.text.osKernelAdd1Thread) refers to kernel.o(.bss.currentPt) for currentPt
    kernel.o(.ARM.exidx.text.osKernelAdd1Thread) refers to kernel.o(.text.osKernelAdd1Thread) for [Anonymous Symbol]
    kernel.o(.text.osKernelAddPeriodicThreads) refers to kernel.o(.bss.numberofPeriodicThreads) for numberofPeriodicThreads
    kernel.o(.text.osKernelAddPeriodicThreads) refers to kernel.o(.bss.PeriodicTasks) for PeriodicTasks
    kernel.o(.ARM.exidx.text.osKernelAddPeriodicThreads) refers to kernel.o(.text.osKernelAddPeriodicThreads) for [Anonymous Symbol]
    kernel.o(.text.osSchedulerRoundRobin) refers to kernel.o(.bss.periodTick) for periodTick
    kernel.o(.text.osSchedulerRoundRobin) refers to main.o(.text.periodicTask0) for periodicTask0
    kernel.o(.text.osSchedulerRoundRobin) refers to main.o(.text.periodicTask1) for periodicTask1
    kernel.o(.text.osSchedulerRoundRobin) refers to kernel.o(.bss.currentPt) for currentPt
    kernel.o(.ARM.exidx.text.osSchedulerRoundRobin) refers to kernel.o(.text.osSchedulerRoundRobin) for [Anonymous Symbol]
    kernel.o(.ARM.exidx.text.osSemaphore_Init) refers to kernel.o(.text.osSemaphore_Init) for [Anonymous Symbol]
    kernel.o(.ARM.exidx.text.osSemaphore_Give) refers to kernel.o(.text.osSemaphore_Give) for [Anonymous Symbol]
    kernel.o(.ARM.exidx.text.osSpinLock_Wait) refers to kernel.o(.text.osSpinLock_Wait) for [Anonymous Symbol]
    kernel.o(.text.osCooperative_Wait) refers to kernel.o(.text.osThreadYield) for osThreadYield
    kernel.o(.ARM.exidx.text.osCooperative_Wait) refers to kernel.o(.text.osCooperative_Wait) for [Anonymous Symbol]
    kernel.o(.text.osSchedulerPeriodicRoundRobin) refers to kernel.o(.bss.TimeMSec) for TimeMSec
    kernel.o(.text.osSchedulerPeriodicRoundRobin) refers to kernel.o(.bss.MaxPeriod) for MaxPeriod
    kernel.o(.text.osSchedulerPeriodicRoundRobin) refers to kernel.o(.bss.PeriodicTasks) for PeriodicTasks
    kernel.o(.text.osSchedulerPeriodicRoundRobin) refers to kernel.o(.bss.currentPt) for currentPt
    kernel.o(.ARM.exidx.text.osSchedulerPeriodicRoundRobin) refers to kernel.o(.text.osSchedulerPeriodicRoundRobin) for [Anonymous Symbol]
    kernel.o(.text.periodic_events_exe) refers to kernel.o(.bss.numberofPeriodicThreads) for numberofPeriodicThreads
    kernel.o(.text.periodic_events_exe) refers to kernel.o(.bss.PeriodicTasks) for PeriodicTasks
    kernel.o(.text.periodic_events_exe) refers to kernel.o(.bss.tcbs) for tcbs
    kernel.o(.ARM.exidx.text.periodic_events_exe) refers to kernel.o(.text.periodic_events_exe) for [Anonymous Symbol]
    kernel.o(.text.osThreadsSleep) refers to kernel.o(.bss.currentPt) for currentPt
    kernel.o(.text.osThreadsSleep) refers to kernel.o(.text.osThreadYield) for osThreadYield
    kernel.o(.ARM.exidx.text.osThreadsSleep) refers to kernel.o(.text.osThreadsSleep) for [Anonymous Symbol]
    kernel.o(.ARM.exidx.text.__NVIC_EnableIRQ) refers to kernel.o(.text.__NVIC_EnableIRQ) for [Anonymous Symbol]
    kernel.o(.text.EdgeTrigger_Init) refers to kernel.o(.text.__NVIC_SetPriority) for __NVIC_SetPriority
    kernel.o(.text.EdgeTrigger_Init) refers to kernel.o(.text.__NVIC_EnableIRQ) for __NVIC_EnableIRQ
    kernel.o(.ARM.exidx.text.EdgeTrigger_Init) refers to kernel.o(.text.EdgeTrigger_Init) for [Anonymous Symbol]
    kernel.o(.text.osEdgeTriggerInit) refers to kernel.o(.bss.edge_semaphore) for edge_semaphore
    kernel.o(.text.osEdgeTriggerInit) refers to kernel.o(.text.EdgeTrigger_Init) for EdgeTrigger_Init
    kernel.o(.ARM.exidx.text.osEdgeTriggerInit) refers to kernel.o(.text.osEdgeTriggerInit) for [Anonymous Symbol]
    kernel.o(.text.EXTI0_IRQHandler) refers to kernel.o(.bss.edge_semaphore) for edge_semaphore
    kernel.o(.text.EXTI0_IRQHandler) refers to kernel.o(.text.osSemaphore_Give) for osSemaphore_Give
    kernel.o(.ARM.exidx.text.EXTI0_IRQHandler) refers to kernel.o(.text.EXTI0_IRQHandler) for [Anonymous Symbol]
    kernel.o(.text.MailBox_Init) refers to kernel.o(.bss.MailBox_hasdata) for MailBox_hasdata
    kernel.o(.text.MailBox_Init) refers to kernel.o(.bss.MailBox_Data) for MailBox_Data
    kernel.o(.text.MailBox_Init) refers to kernel.o(.bss.MailBox_Semaph) for MailBox_Semaph
    kernel.o(.text.MailBox_Init) refers to kernel.o(.text.osSemaphore_Init) for osSemaphore_Init
    kernel.o(.ARM.exidx.text.MailBox_Init) refers to kernel.o(.text.MailBox_Init) for [Anonymous Symbol]
    kernel.o(.text.osMailBoxSend) refers to kernel.o(.bss.MailBox_hasdata) for MailBox_hasdata
    kernel.o(.text.osMailBoxSend) refers to kernel.o(.bss.MailBox_Data) for MailBox_Data
    kernel.o(.text.osMailBoxSend) refers to kernel.o(.bss.MailBox_Semaph) for MailBox_Semaph
    kernel.o(.text.osMailBoxSend) refers to kernel.o(.text.osSemaphore_Give) for osSemaphore_Give
    kernel.o(.ARM.exidx.text.osMailBoxSend) refers to kernel.o(.text.osMailBoxSend) for [Anonymous Symbol]
    kernel.o(.text.osMailBoxReceive) refers to kernel.o(.bss.MailBox_Semaph) for MailBox_Semaph
    kernel.o(.text.osMailBoxReceive) refers to kernel.o(.text.osCooperative_Wait) for osCooperative_Wait
    kernel.o(.text.osMailBoxReceive) refers to kernel.o(.bss.MailBox_Data) for MailBox_Data
    kernel.o(.text.osMailBoxReceive) refers to kernel.o(.bss.MailBox_hasdata) for MailBox_hasdata
    kernel.o(.ARM.exidx.text.osMailBoxReceive) refers to kernel.o(.text.osMailBoxReceive) for [Anonymous Symbol]
    kernel.o(.text.FIFO_Init) refers to kernel.o(.bss.PutIndex) for PutIndex
    kernel.o(.text.FIFO_Init) refers to kernel.o(.bss.GetIndex) for GetIndex
    kernel.o(.text.FIFO_Init) refers to kernel.o(.bss.currentFFSize) for currentFFSize
    kernel.o(.text.FIFO_Init) refers to kernel.o(.text.osSemaphore_Init) for osSemaphore_Init
    kernel.o(.text.FIFO_Init) refers to kernel.o(.bss.lostdata) for lostdata
    kernel.o(.ARM.exidx.text.FIFO_Init) refers to kernel.o(.text.FIFO_Init) for [Anonymous Symbol]
    kernel.o(.text.osFIFOPut) refers to kernel.o(.bss.currentFFSize) for currentFFSize
    kernel.o(.text.osFIFOPut) refers to kernel.o(.bss.lostdata) for lostdata
    kernel.o(.text.osFIFOPut) refers to kernel.o(.bss.PutIndex) for PutIndex
    kernel.o(.text.osFIFOPut) refers to kernel.o(.bss.Os_Fifo) for Os_Fifo
    kernel.o(.text.osFIFOPut) refers to kernel.o(.text.osSemaphore_Give) for osSemaphore_Give
    kernel.o(.ARM.exidx.text.osFIFOPut) refers to kernel.o(.text.osFIFOPut) for [Anonymous Symbol]
    kernel.o(.text.osFIFOGet) refers to kernel.o(.bss.currentFFSize) for currentFFSize
    kernel.o(.text.osFIFOGet) refers to kernel.o(.text.osCooperative_Wait) for osCooperative_Wait
    kernel.o(.text.osFIFOGet) refers to kernel.o(.bss.GetIndex) for GetIndex
    kernel.o(.text.osFIFOGet) refers to kernel.o(.bss.Os_Fifo) for Os_Fifo
    kernel.o(.ARM.exidx.text.osFIFOGet) refers to kernel.o(.text.osFIFOGet) for [Anonymous Symbol]
    kernel_1.o(.TEXT) refers to kernel.o(.text.osSchedulerPeriodicRoundRobin) for osSchedulerPeriodicRoundRobin
    kernel_1.o(.TEXT) refers to kernel.o(.bss.currentPt) for currentPt
    uart.o(.ARM.exidx.text.Uart_Init) refers to uart.o(.text.Uart_Init) for [Anonymous Symbol]
    uart.o(.ARM.exidx.text.Uart_Send) refers to uart.o(.text.Uart_Send) for [Anonymous Symbol]
    startup_stm32f10x_md.o(STACK) refers (Special) to heapauxi.o(.text) for __use_two_region_memory
    startup_stm32f10x_md.o(HEAP) refers (Special) to heapauxi.o(.text) for __use_two_region_memory
    startup_stm32f10x_md.o(RESET) refers (Special) to heapauxi.o(.text) for __use_two_region_memory
    startup_stm32f10x_md.o(RESET) refers to startup_stm32f10x_md.o(STACK) for __initial_sp
    startup_stm32f10x_md.o(RESET) refers to startup_stm32f10x_md.o(.text) for Reset_Handler
    startup_stm32f10x_md.o(RESET) refers to kernel_1.o(.TEXT) for PendSV_Handler
    startup_stm32f10x_md.o(RESET) refers to main.o(.text.SysTick_Handler) for SysTick_Handler
    startup_stm32f10x_md.o(RESET) refers to kernel.o(.text.EXTI0_IRQHandler) for EXTI0_IRQHandler
    startup_stm32f10x_md.o(RESET) refers to kernel.o(.text.TIM2_IRQHandler) for TIM2_IRQHandler
    startup_stm32f10x_md.o(.text) refers (Special) to heapauxi.o(.text) for __use_two_region_memory
    startup_stm32f10x_md.o(.text) refers to system_stm32f10x.o(.text.SystemInit) for SystemInit
    startup_stm32f10x_md.o(.text) refers to __main.o(!!!main) for __main
    startup_stm32f10x_md.o(.text) refers to startup_stm32f10x_md.o(HEAP) for Heap_Mem
    startup_stm32f10x_md.o(.text) refers to startup_stm32f10x_md.o(STACK) for Stack_Mem
    system_stm32f10x.o(.text.SystemInit) refers to system_stm32f10x.o(.text.SetSysClock) for SetSysClock
    system_stm32f10x.o(.ARM.exidx.text.SystemInit) refers to system_stm32f10x.o(.text.SystemInit) for [Anonymous Symbol]
    system_stm32f10x.o(.text.SetSysClock) refers to system_stm32f10x.o(.text.SetSysClockTo72) for SetSysClockTo72
    system_stm32f10x.o(.ARM.exidx.text.SetSysClock) refers to system_stm32f10x.o(.text.SetSysClock) for [Anonymous Symbol]
    system_stm32f10x.o(.text.SystemCoreClockUpdate) refers to system_stm32f10x.o(.data.SystemCoreClock) for SystemCoreClock
    system_stm32f10x.o(.text.SystemCoreClockUpdate) refers to system_stm32f10x.o(.rodata.AHBPrescTable) for AHBPrescTable
    system_stm32f10x.o(.ARM.exidx.text.SystemCoreClockUpdate) refers to system_stm32f10x.o(.text.SystemCoreClockUpdate) for [Anonymous Symbol]
    system_stm32f10x.o(.ARM.exidx.text.SetSysClockTo72) refers to system_stm32f10x.o(.text.SetSysClockTo72) for [Anonymous Symbol]
    __main.o(!!!main) refers to __rtentry.o(.ARM.Collect$$rtentry$$00000000) for __rt_entry
    __rtentry.o(.ARM.Collect$$rtentry$$00000000) refers (Special) to __rtentry2.o(.ARM.Collect$$rtentry$$0000000A) for __rt_entry_li
    __rtentry.o(.ARM.Collect$$rtentry$$00000000) refers (Special) to __rtentry2.o(.ARM.Collect$$rtentry$$0000000D) for __rt_entry_main
    __rtentry.o(.ARM.Collect$$rtentry$$00000000) refers (Special) to __rtentry2.o(.ARM.Collect$$rtentry$$0000000C) for __rt_entry_postli_1
    __rtentry.o(.ARM.Collect$$rtentry$$00000000) refers (Special) to __rtentry2.o(.ARM.Collect$$rtentry$$00000009) for __rt_entry_postsh_1
    __rtentry.o(.ARM.Collect$$rtentry$$00000000) refers (Special) to __rtentry2.o(.ARM.Collect$$rtentry$$00000002) for __rt_entry_presh_1
    __rtentry.o(.ARM.Collect$$rtentry$$00000000) refers (Special) to __rtentry4.o(.ARM.Collect$$rtentry$$00000004) for __rt_entry_sh
    __rtentry2.o(.ARM.Collect$$rtentry$$00000008) refers to boardinit2.o(.text) for _platform_post_stackheap_init
    __rtentry2.o(.ARM.Collect$$rtentry$$0000000A) refers to libinit.o(.ARM.Collect$$libinit$$00000000) for __rt_lib_init
    __rtentry2.o(.ARM.Collect$$rtentry$$0000000B) refers to boardinit3.o(.text) for _platform_post_lib_init
    __rtentry2.o(.ARM.Collect$$rtentry$$0000000D) refers to main.o(.text.main) for main
    __rtentry2.o(.ARM.Collect$$rtentry$$0000000D) refers to exit.o(.text) for exit
    __rtentry2.o(.ARM.exidx) refers to __rtentry2.o(.ARM.Collect$$rtentry$$00000001) for .ARM.Collect$$rtentry$$00000001
    __rtentry2.o(.ARM.exidx) refers to __rtentry2.o(.ARM.Collect$$rtentry$$00000008) for .ARM.Collect$$rtentry$$00000008
    __rtentry2.o(.ARM.exidx) refers to __rtentry2.o(.ARM.Collect$$rtentry$$0000000A) for .ARM.Collect$$rtentry$$0000000A
    __rtentry2.o(.ARM.exidx) refers to __rtentry2.o(.ARM.Collect$$rtentry$$0000000B) for .ARM.Collect$$rtentry$$0000000B
    __rtentry2.o(.ARM.exidx) refers to __rtentry2.o(.ARM.Collect$$rtentry$$0000000D) for .ARM.Collect$$rtentry$$0000000D
    __rtentry4.o(.ARM.Collect$$rtentry$$00000004) refers to sys_stackheap_outer.o(.text) for __user_setup_stackheap
    __rtentry4.o(.ARM.exidx) refers to __rtentry4.o(.ARM.Collect$$rtentry$$00000004) for .ARM.Collect$$rtentry$$00000004
    sys_stackheap_outer.o(.text) refers to libspace.o(.text) for __user_perproc_libspace
    sys_stackheap_outer.o(.text) refers to startup_stm32f10x_md.o(.text) for __user_initial_stackheap
    exit.o(.text) refers to rtexit.o(.ARM.Collect$$rtexit$$00000000) for __rt_exit
    libinit.o(.ARM.Collect$$libinit$$00000000) refers (Special) to libinit2.o(.ARM.Collect$$libinit$$0000002E) for __rt_lib_init_alloca_1
    libinit.o(.ARM.Collect$$libinit$$00000000) refers (Special) to libinit2.o(.ARM.Collect$$libinit$$00000027) for __rt_lib_init_argv_1
    libinit.o(.ARM.Collect$$libinit$$00000000) refers (Special) to libinit2.o(.ARM.Collect$$libinit$$0000001B) for __rt_lib_init_atexit_1
    libinit.o(.ARM.Collect$$libinit$$00000000) refers (Special) to libinit2.o(.ARM.Collect$$libinit$$00000021) for __rt_lib_init_clock_1
    libinit.o(.ARM.Collect$$libinit$$00000000) refers (Special) to libinit2.o(.ARM.Collect$$libinit$$00000032) for __rt_lib_init_cpp_1
    libinit.o(.ARM.Collect$$libinit$$00000000) refers (Special) to libinit2.o(.ARM.Collect$$libinit$$00000030) for __rt_lib_init_exceptions_1
    libinit.o(.ARM.Collect$$libinit$$00000000) refers (Special) to libinit2.o(.ARM.Collect$$libinit$$00000002) for __rt_lib_init_fp_1
    libinit.o(.ARM.Collect$$libinit$$00000000) refers (Special) to libinit2.o(.ARM.Collect$$libinit$$0000001F) for __rt_lib_init_fp_trap_1
    libinit.o(.ARM.Collect$$libinit$$00000000) refers (Special) to libinit2.o(.ARM.Collect$$libinit$$00000023) for __rt_lib_init_getenv_1
    libinit.o(.ARM.Collect$$libinit$$00000000) refers (Special) to libinit2.o(.ARM.Collect$$libinit$$0000000A) for __rt_lib_init_heap_1
    libinit.o(.ARM.Collect$$libinit$$00000000) refers (Special) to libinit2.o(.ARM.Collect$$libinit$$00000011) for __rt_lib_init_lc_collate_1
    libinit.o(.ARM.Collect$$libinit$$00000000) refers (Special) to libinit2.o(.ARM.Collect$$libinit$$00000013) for __rt_lib_init_lc_ctype_1
    libinit.o(.ARM.Collect$$libinit$$00000000) refers (Special) to libinit2.o(.ARM.Collect$$libinit$$00000015) for __rt_lib_init_lc_monetary_1
    libinit.o(.ARM.Collect$$libinit$$00000000) refers (Special) to libinit2.o(.ARM.Collect$$libinit$$00000017) for __rt_lib_init_lc_numeric_1
    libinit.o(.ARM.Collect$$libinit$$00000000) refers (Special) to libinit2.o(.ARM.Collect$$libinit$$00000019) for __rt_lib_init_lc_time_1
    libinit.o(.ARM.Collect$$libinit$$00000000) refers (Special) to libinit2.o(.ARM.Collect$$libinit$$00000004) for __rt_lib_init_preinit_1
    libinit.o(.ARM.Collect$$libinit$$00000000) refers (Special) to libinit2.o(.ARM.Collect$$libinit$$0000000E) for __rt_lib_init_rand_1
    libinit.o(.ARM.Collect$$libinit$$00000000) refers (Special) to libinit2.o(.ARM.Collect$$libinit$$00000033) for __rt_lib_init_return
    libinit.o(.ARM.Collect$$libinit$$00000000) refers (Special) to libinit2.o(.ARM.Collect$$libinit$$0000001D) for __rt_lib_init_signal_1
    libinit.o(.ARM.Collect$$libinit$$00000000) refers (Special) to libinit2.o(.ARM.Collect$$libinit$$00000025) for __rt_lib_init_stdio_1
    libinit.o(.ARM.Collect$$libinit$$00000000) refers (Special) to libinit2.o(.ARM.Collect$$libinit$$0000000C) for __rt_lib_init_user_alloc_1
    libspace.o(.text) refers to libspace.o(.bss) for __libspace_start
    rtexit.o(.ARM.Collect$$rtexit$$00000000) refers (Special) to rtexit2.o(.ARM.Collect$$rtexit$$00000004) for __rt_exit_exit
    rtexit.o(.ARM.Collect$$rtexit$$00000000) refers (Special) to rtexit2.o(.ARM.Collect$$rtexit$$00000003) for __rt_exit_ls
    rtexit.o(.ARM.Collect$$rtexit$$00000000) refers (Special) to rtexit2.o(.ARM.Collect$$rtexit$$00000002) for __rt_exit_prels_1
    rtexit.o(.ARM.exidx) refers (Special) to rtexit2.o(.ARM.Collect$$rtexit$$00000004) for __rt_exit_exit
    rtexit.o(.ARM.exidx) refers (Special) to rtexit2.o(.ARM.Collect$$rtexit$$00000003) for __rt_exit_ls
    rtexit.o(.ARM.exidx) refers (Special) to rtexit2.o(.ARM.Collect$$rtexit$$00000002) for __rt_exit_prels_1
    rtexit.o(.ARM.exidx) refers to rtexit.o(.ARM.Collect$$rtexit$$00000000) for .ARM.Collect$$rtexit$$00000000
    libinit2.o(.ARM.Collect$$libinit$$00000010) refers to libinit2.o(.ARM.Collect$$libinit$$0000000F) for .ARM.Collect$$libinit$$0000000F
    libinit2.o(.ARM.Collect$$libinit$$00000012) refers to libinit2.o(.ARM.Collect$$libinit$$0000000F) for .ARM.Collect$$libinit$$0000000F
    libinit2.o(.ARM.Collect$$libinit$$00000014) refers to libinit2.o(.ARM.Collect$$libinit$$0000000F) for .ARM.Collect$$libinit$$0000000F
    libinit2.o(.ARM.Collect$$libinit$$00000016) refers to libinit2.o(.ARM.Collect$$libinit$$0000000F) for .ARM.Collect$$libinit$$0000000F
    libinit2.o(.ARM.Collect$$libinit$$00000018) refers to libinit2.o(.ARM.Collect$$libinit$$0000000F) for .ARM.Collect$$libinit$$0000000F
    libinit2.o(.ARM.Collect$$libinit$$00000026) refers to argv_veneer.o(.emb_text) for __ARM_argv_veneer
    libinit2.o(.ARM.Collect$$libinit$$00000027) refers to argv_veneer.o(.emb_text) for __ARM_argv_veneer
    rtexit2.o(.ARM.Collect$$rtexit$$00000003) refers to libshutdown.o(.ARM.Collect$$libshutdown$$00000000) for __rt_lib_shutdown
    rtexit2.o(.ARM.Collect$$rtexit$$00000004) refers to sys_exit.o(.text) for _sys_exit
    rtexit2.o(.ARM.exidx) refers to rtexit2.o(.ARM.Collect$$rtexit$$00000001) for .ARM.Collect$$rtexit$$00000001
    rtexit2.o(.ARM.exidx) refers to rtexit2.o(.ARM.Collect$$rtexit$$00000003) for .ARM.Collect$$rtexit$$00000003
    rtexit2.o(.ARM.exidx) refers to rtexit2.o(.ARM.Collect$$rtexit$$00000004) for .ARM.Collect$$rtexit$$00000004
    argv_veneer.o(.emb_text) refers to _get_argv_nomalloc.o(.text) for __ARM_get_argv
    sys_exit.o(.text) refers (Special) to use_no_semi.o(.text) for __I$use$semihosting
    sys_exit.o(.text) refers (Special) to indicate_semi.o(.text) for __semihosting_library_function
    sys_exit_hlt.o(.text) refers (Special) to use_no_semi.o(.text) for __I$use$semihosting
    sys_exit_hlt.o(.text) refers (Special) to indicate_semi.o(.text) for __semihosting_library_function
    _get_argv_nomalloc.o(.text) refers (Special) to hrguard.o(.text) for __heap_region$guard
    _get_argv_nomalloc.o(.text) refers to defsig_rtmem_outer.o(.text) for __rt_SIGRTMEM
    _get_argv_nomalloc.o(.text) refers to sys_command.o(.text) for _sys_command_string
    libshutdown.o(.ARM.Collect$$libshutdown$$00000000) refers (Special) to libshutdown2.o(.ARM.Collect$$libshutdown$$00000002) for __rt_lib_shutdown_cpp_1
    libshutdown.o(.ARM.Collect$$libshutdown$$00000000) refers (Special) to libshutdown2.o(.ARM.Collect$$libshutdown$$00000007) for __rt_lib_shutdown_fp_trap_1
    libshutdown.o(.ARM.Collect$$libshutdown$$00000000) refers (Special) to libshutdown2.o(.ARM.Collect$$libshutdown$$0000000F) for __rt_lib_shutdown_heap_1
    libshutdown.o(.ARM.Collect$$libshutdown$$00000000) refers (Special) to libshutdown2.o(.ARM.Collect$$libshutdown$$00000010) for __rt_lib_shutdown_return
    libshutdown.o(.ARM.Collect$$libshutdown$$00000000) refers (Special) to libshutdown2.o(.ARM.Collect$$libshutdown$$0000000A) for __rt_lib_shutdown_signal_1
    libshutdown.o(.ARM.Collect$$libshutdown$$00000000) refers (Special) to libshutdown2.o(.ARM.Collect$$libshutdown$$00000004) for __rt_lib_shutdown_stdio_1
    libshutdown.o(.ARM.Collect$$libshutdown$$00000000) refers (Special) to libshutdown2.o(.ARM.Collect$$libshutdown$$0000000C) for __rt_lib_shutdown_user_alloc_1
    sys_command.o(.text) refers (Special) to use_no_semi.o(.text) for __I$use$semihosting
    sys_command.o(.text) refers (Special) to indicate_semi.o(.text) for __semihosting_library_function
    sys_command_hlt.o(.text) refers (Special) to use_no_semi.o(.text) for __I$use$semihosting
    sys_command_hlt.o(.text) refers (Special) to indicate_semi.o(.text) for __semihosting_library_function
    defsig_rtmem_outer.o(.text) refers to defsig_rtmem_inner.o(.text) for __rt_SIGRTMEM_inner
    defsig_rtmem_outer.o(.text) refers to defsig_exit.o(.text) for __sig_exit
    defsig_rtmem_formal.o(.text) refers to rt_raise.o(.text) for __rt_raise
    rt_raise.o(.text) refers to __raise.o(.text) for __raise
    rt_raise.o(.text) refers to sys_exit.o(.text) for _sys_exit
    defsig_exit.o(.text) refers to sys_exit.o(.text) for _sys_exit
    defsig_rtmem_inner.o(.text) refers to defsig_general.o(.text) for __default_signal_display
    __raise.o(.text) refers to defsig.o(CL$$defsig) for __default_signal_handler
    defsig_general.o(.text) refers to sys_wrch.o(.text) for _ttywrch
    sys_wrch.o(.text) refers (Special) to use_no_semi.o(.text) for __I$use$semihosting
    sys_wrch.o(.text) refers (Special) to indicate_semi.o(.text) for __semihosting_library_function
    sys_wrch_hlt.o(.text) refers (Special) to use_no_semi.o(.text) for __I$use$semihosting
    sys_wrch_hlt.o(.text) refers (Special) to indicate_semi.o(.text) for __semihosting_library_function
    defsig.o(CL$$defsig) refers to defsig_rtmem_inner.o(.text) for __rt_SIGRTMEM_inner
    defsig_abrt_inner.o(.text) refers to defsig_general.o(.text) for __default_signal_display
    defsig_fpe_inner.o(.text) refers to defsig_general.o(.text) for __default_signal_display
    defsig_rtred_inner.o(.text) refers to defsig_general.o(.text) for __default_signal_display
    defsig_stak_inner.o(.text) refers to defsig_general.o(.text) for __default_signal_display
    defsig_pvfn_inner.o(.text) refers to defsig_general.o(.text) for __default_signal_display
    defsig_cppl_inner.o(.text) refers to defsig_general.o(.text) for __default_signal_display
    defsig_segv_inner.o(.text) refers to defsig_general.o(.text) for __default_signal_display
    defsig_other.o(.text) refers to defsig_general.o(.text) for __default_signal_display


==============================================================================

Removing Unused input sections from the image.

    Removing main.o(.text), (0 bytes).
    Removing main.o(.ARM.exidx.text.task0), (8 bytes).
    Removing main.o(.ARM.exidx.text.task1), (8 bytes).
    Removing main.o(.ARM.exidx.text.task2), (8 bytes).
    Removing main.o(.ARM.exidx.text.periodicTask0), (8 bytes).
    Removing main.o(.text.periodicTask1), (16 bytes).
    Removing main.o(.ARM.exidx.text.periodicTask1), (8 bytes).
    Removing main.o(.text.sporadictask), (32 bytes).
    Removing main.o(.ARM.exidx.text.sporadictask), (8 bytes).
    Removing main.o(.ARM.exidx.text.main), (8 bytes).
    Removing main.o(.ARM.exidx.text.SysTick_Handler), (8 bytes).
    Removing main.o(.bss.cnt1), (4 bytes).
    Removing main.o(.bss.cnt2), (4 bytes).
    Removing kernel.o(.text), (0 bytes).
    Removing kernel.o(.ARM.exidx.text.osThreadYield), (8 bytes).
    Removing kernel.o(.ARM.exidx.text.osKernelInit), (8 bytes).
    Removing kernel.o(.ARM.exidx.text.osPeriodicTask_Init), (8 bytes).
    Removing kernel.o(.ARM.exidx.text.TIM2_IRQHandler), (8 bytes).
    Removing kernel.o(.ARM.exidx.text.osKernelLaunch), (8 bytes).
    Removing kernel.o(.ARM.exidx.text.__NVIC_SetPriority), (8 bytes).
    Removing kernel.o(.ARM.exidx.text.osKernelStackInit), (8 bytes).
    Removing kernel.o(.ARM.exidx.text.osKernelAddThread), (8 bytes).
    Removing kernel.o(.text.osKernelAdd1Thread), (196 bytes).
    Removing kernel.o(.ARM.exidx.text.osKernelAdd1Thread), (8 bytes).
    Removing kernel.o(.ARM.exidx.text.osKernelAddPeriodicThreads), (8 bytes).
    Removing kernel.o(.text.osSchedulerRoundRobin), (168 bytes).
    Removing kernel.o(.ARM.exidx.text.osSchedulerRoundRobin), (8 bytes).
    Removing kernel.o(.ARM.exidx.text.osSemaphore_Init), (8 bytes).
    Removing kernel.o(.ARM.exidx.text.osSemaphore_Give), (8 bytes).
    Removing kernel.o(.text.osSpinLock_Wait), (50 bytes).
    Removing kernel.o(.ARM.exidx.text.osSpinLock_Wait), (8 bytes).
    Removing kernel.o(.ARM.exidx.text.osCooperative_Wait), (8 bytes).
    Removing kernel.o(.ARM.exidx.text.osSchedulerPeriodicRoundRobin), (8 bytes).
    Removing kernel.o(.ARM.exidx.text.periodic_events_exe), (8 bytes).
    Removing kernel.o(.text.osThreadsSleep), (38 bytes).
    Removing kernel.o(.ARM.exidx.text.osThreadsSleep), (8 bytes).
    Removing kernel.o(.ARM.exidx.text.__NVIC_EnableIRQ), (8 bytes).
    Removing kernel.o(.ARM.exidx.text.EdgeTrigger_Init), (8 bytes).
    Removing kernel.o(.ARM.exidx.text.osEdgeTriggerInit), (8 bytes).
    Removing kernel.o(.ARM.exidx.text.EXTI0_IRQHandler), (8 bytes).
    Removing kernel.o(.text.MailBox_Init), (38 bytes).
    Removing kernel.o(.ARM.exidx.text.MailBox_Init), (8 bytes).
    Removing kernel.o(.text.osMailBoxSend), (78 bytes).
    Removing kernel.o(.ARM.exidx.text.osMailBoxSend), (8 bytes).
    Removing kernel.o(.text.osMailBoxReceive), (56 bytes).
    Removing kernel.o(.ARM.exidx.text.osMailBoxReceive), (8 bytes).
    Removing kernel.o(.text.FIFO_Init), (56 bytes).
    Removing kernel.o(.ARM.exidx.text.FIFO_Init), (8 bytes).
    Removing kernel.o(.text.osFIFOPut), (124 bytes).
    Removing kernel.o(.ARM.exidx.text.osFIFOPut), (8 bytes).
    Removing kernel.o(.text.osFIFOGet), (88 bytes).
    Removing kernel.o(.ARM.exidx.text.osFIFOGet), (8 bytes).
    Removing kernel.o(.bss.periodTick), (4 bytes).
    Removing kernel.o(.bss.current_num_of_thread), (2 bytes).
    Removing kernel.o(.bss.MailBox_hasdata), (4 bytes).
    Removing kernel.o(.bss.MailBox_Data), (4 bytes).
    Removing kernel.o(.bss.MailBox_Semaph), (4 bytes).
    Removing kernel.o(.bss.PutIndex), (4 bytes).
    Removing kernel.o(.bss.GetIndex), (4 bytes).
    Removing kernel.o(.bss.currentFFSize), (4 bytes).
    Removing kernel.o(.bss.lostdata), (4 bytes).
    Removing kernel.o(.bss.Os_Fifo), (60 bytes).
    Removing uart.o(.text), (0 bytes).
    Removing uart.o(.text.Uart_Init), (134 bytes).
    Removing uart.o(.ARM.exidx.text.Uart_Init), (8 bytes).
    Removing uart.o(.text.Uart_Send), (58 bytes).
    Removing uart.o(.ARM.exidx.text.Uart_Send), (8 bytes).
    Removing system_stm32f10x.o(.text), (0 bytes).
    Removing system_stm32f10x.o(.ARM.exidx.text.SystemInit), (8 bytes).
    Removing system_stm32f10x.o(.ARM.exidx.text.SetSysClock), (8 bytes).
    Removing system_stm32f10x.o(.text.SystemCoreClockUpdate), (296 bytes).
    Removing system_stm32f10x.o(.ARM.exidx.text.SystemCoreClockUpdate), (8 bytes).
    Removing system_stm32f10x.o(.ARM.exidx.text.SetSysClockTo72), (8 bytes).
    Removing system_stm32f10x.o(.data.SystemCoreClock), (4 bytes).
    Removing system_stm32f10x.o(.rodata.AHBPrescTable), (16 bytes).

75 unused section(s) (total 1886 bytes) removed from the image.

==============================================================================

Image Symbol Table

    Local Symbols

    Symbol Name                              Value     Ov Type        Size  Object(Section)

    ../clib/angel/boardlib.s                 0x00000000   Number         0  boardinit1.o ABSOLUTE
    ../clib/angel/boardlib.s                 0x00000000   Number         0  boardinit2.o ABSOLUTE
    ../clib/angel/boardlib.s                 0x00000000   Number         0  boardinit3.o ABSOLUTE
    ../clib/angel/boardlib.s                 0x00000000   Number         0  boardshut.o ABSOLUTE
    ../clib/angel/handlers.s                 0x00000000   Number         0  __scatter_zi.o ABSOLUTE
    ../clib/angel/kernel.s                   0x00000000   Number         0  __rtentry.o ABSOLUTE
    ../clib/angel/kernel.s                   0x00000000   Number         0  __rtentry2.o ABSOLUTE
    ../clib/angel/kernel.s                   0x00000000   Number         0  __rtentry4.o ABSOLUTE
    ../clib/angel/kernel.s                   0x00000000   Number         0  rtexit.o ABSOLUTE
    ../clib/angel/kernel.s                   0x00000000   Number         0  rtexit2.o ABSOLUTE
    ../clib/angel/rt.s                       0x00000000   Number         0  rt_raise.o ABSOLUTE
    ../clib/angel/scatter.s                  0x00000000   Number         0  __scatter.o ABSOLUTE
    ../clib/angel/startup.s                  0x00000000   Number         0  __main.o ABSOLUTE
    ../clib/angel/sys.s                      0x00000000   Number         0  sys_stackheap_outer.o ABSOLUTE
    ../clib/angel/sys.s                      0x00000000   Number         0  libspace.o ABSOLUTE
    ../clib/angel/sys.s                      0x00000000   Number         0  use_no_semi.o ABSOLUTE
    ../clib/angel/sys.s                      0x00000000   Number         0  indicate_semi.o ABSOLUTE
    ../clib/angel/sysapp.c                   0x00000000   Number         0  sys_exit.o ABSOLUTE
    ../clib/angel/sysapp.c                   0x00000000   Number         0  sys_exit_hlt.o ABSOLUTE
    ../clib/angel/sysapp.c                   0x00000000   Number         0  sys_command.o ABSOLUTE
    ../clib/angel/sysapp.c                   0x00000000   Number         0  sys_command_hlt.o ABSOLUTE
    ../clib/angel/sysapp.c                   0x00000000   Number         0  sys_wrch.o ABSOLUTE
    ../clib/angel/sysapp.c                   0x00000000   Number         0  sys_wrch_hlt.o ABSOLUTE
    ../clib/armsys.c                         0x00000000   Number         0  argv_veneer.o ABSOLUTE
    ../clib/armsys.c                         0x00000000   Number         0  argv_veneer.o ABSOLUTE
    ../clib/armsys.c                         0x00000000   Number         0  _get_argv_nomalloc.o ABSOLUTE
    ../clib/armsys.c                         0x00000000   Number         0  no_argv.o ABSOLUTE
    ../clib/heapalloc.c                      0x00000000   Number         0  hrguard.o ABSOLUTE
    ../clib/heapaux.c                        0x00000000   Number         0  heapauxi.o ABSOLUTE
    ../clib/libinit.s                        0x00000000   Number         0  libinit.o ABSOLUTE
    ../clib/libinit.s                        0x00000000   Number         0  libinit2.o ABSOLUTE
    ../clib/libinit.s                        0x00000000   Number         0  libshutdown.o ABSOLUTE
    ../clib/libinit.s                        0x00000000   Number         0  libshutdown2.o ABSOLUTE
    ../clib/signal.c                         0x00000000   Number         0  defsig_rtmem_outer.o ABSOLUTE
    ../clib/signal.c                         0x00000000   Number         0  defsig_rtmem_formal.o ABSOLUTE
    ../clib/signal.c                         0x00000000   Number         0  defsig_exit.o ABSOLUTE
    ../clib/signal.c                         0x00000000   Number         0  defsig_rtmem_inner.o ABSOLUTE
    ../clib/signal.c                         0x00000000   Number         0  __raise.o ABSOLUTE
    ../clib/signal.c                         0x00000000   Number         0  defsig_general.o ABSOLUTE
    ../clib/signal.c                         0x00000000   Number         0  defsig_abrt_inner.o ABSOLUTE
    ../clib/signal.c                         0x00000000   Number         0  defsig_fpe_inner.o ABSOLUTE
    ../clib/signal.c                         0x00000000   Number         0  defsig_rtred_inner.o ABSOLUTE
    ../clib/signal.c                         0x00000000   Number         0  defsig_stak_inner.o ABSOLUTE
    ../clib/signal.c                         0x00000000   Number         0  defsig_pvfn_inner.o ABSOLUTE
    ../clib/signal.c                         0x00000000   Number         0  defsig_cppl_inner.o ABSOLUTE
    ../clib/signal.c                         0x00000000   Number         0  defsig_segv_inner.o ABSOLUTE
    ../clib/signal.c                         0x00000000   Number         0  defsig_other.o ABSOLUTE
    ../clib/signal.s                         0x00000000   Number         0  defsig.o ABSOLUTE
    ../clib/stdlib.c                         0x00000000   Number         0  exit.o ABSOLUTE
    ../fplib/fpinit.s                        0x00000000   Number         0  fpinit.o ABSOLUTE
    ../fplib/fpinit_empty.s                  0x00000000   Number         0  fpinit_empty.o ABSOLUTE
    RTE/Device/STM32F103C8/startup_stm32f10x_md.s 0x00000000   Number         0  startup_stm32f10x_md.o ABSOLUTE
    dc.s                                     0x00000000   Number         0  dc.o ABSOLUTE
    kernel.S                                 0x00000000   Number         0  kernel_1.o ABSOLUTE
    kernel.c                                 0x00000000   Number         0  kernel.o ABSOLUTE
    main.c                                   0x00000000   Number         0  main.o ABSOLUTE
    system_stm32f10x.c                       0x00000000   Number         0  system_stm32f10x.o ABSOLUTE
    uart.c                                   0x00000000   Number         0  uart.o ABSOLUTE
    RESET                                    0x08000000   Section      236  startup_stm32f10x_md.o(RESET)
    !!!main                                  0x080000ec   Section        8  __main.o(!!!main)
    !!!scatter                               0x080000f4   Section       52  __scatter.o(!!!scatter)
    !!handler_zi                             0x08000128   Section       28  __scatter_zi.o(!!handler_zi)
    .ARM.Collect$$libinit$$00000000          0x08000144   Section        2  libinit.o(.ARM.Collect$$libinit$$00000000)
    .ARM.Collect$$libinit$$00000002          0x08000146   Section        0  libinit2.o(.ARM.Collect$$libinit$$00000002)
    .ARM.Collect$$libinit$$00000004          0x08000146   Section        0  libinit2.o(.ARM.Collect$$libinit$$00000004)
    .ARM.Collect$$libinit$$0000000A          0x08000146   Section        0  libinit2.o(.ARM.Collect$$libinit$$0000000A)
    .ARM.Collect$$libinit$$0000000C          0x08000146   Section        0  libinit2.o(.ARM.Collect$$libinit$$0000000C)
    .ARM.Collect$$libinit$$0000000E          0x08000146   Section        0  libinit2.o(.ARM.Collect$$libinit$$0000000E)
    .ARM.Collect$$libinit$$00000011          0x08000146   Section        0  libinit2.o(.ARM.Collect$$libinit$$00000011)
    .ARM.Collect$$libinit$$00000013          0x08000146   Section        0  libinit2.o(.ARM.Collect$$libinit$$00000013)
    .ARM.Collect$$libinit$$00000015          0x08000146   Section        0  libinit2.o(.ARM.Collect$$libinit$$00000015)
    .ARM.Collect$$libinit$$00000017          0x08000146   Section        0  libinit2.o(.ARM.Collect$$libinit$$00000017)
    .ARM.Collect$$libinit$$00000019          0x08000146   Section        0  libinit2.o(.ARM.Collect$$libinit$$00000019)
    .ARM.Collect$$libinit$$0000001B          0x08000146   Section        0  libinit2.o(.ARM.Collect$$libinit$$0000001B)
    .ARM.Collect$$libinit$$0000001D          0x08000146   Section        0  libinit2.o(.ARM.Collect$$libinit$$0000001D)
    .ARM.Collect$$libinit$$0000001F          0x08000146   Section        0  libinit2.o(.ARM.Collect$$libinit$$0000001F)
    .ARM.Collect$$libinit$$00000021          0x08000146   Section        0  libinit2.o(.ARM.Collect$$libinit$$00000021)
    .ARM.Collect$$libinit$$00000023          0x08000146   Section        0  libinit2.o(.ARM.Collect$$libinit$$00000023)
    .ARM.Collect$$libinit$$00000025          0x08000146   Section        0  libinit2.o(.ARM.Collect$$libinit$$00000025)
    .ARM.Collect$$libinit$$00000027          0x08000146   Section        8  libinit2.o(.ARM.Collect$$libinit$$00000027)
    .ARM.Collect$$libinit$$0000002E          0x0800014e   Section        0  libinit2.o(.ARM.Collect$$libinit$$0000002E)
    .ARM.Collect$$libinit$$00000030          0x0800014e   Section        0  libinit2.o(.ARM.Collect$$libinit$$00000030)
    .ARM.Collect$$libinit$$00000032          0x0800014e   Section        0  libinit2.o(.ARM.Collect$$libinit$$00000032)
    .ARM.Collect$$libinit$$00000033          0x0800014e   Section        2  libinit2.o(.ARM.Collect$$libinit$$00000033)
    .ARM.Collect$$libshutdown$$00000000      0x08000150   Section        2  libshutdown.o(.ARM.Collect$$libshutdown$$00000000)
    .ARM.Collect$$libshutdown$$00000002      0x08000152   Section        0  libshutdown2.o(.ARM.Collect$$libshutdown$$00000002)
    .ARM.Collect$$libshutdown$$00000004      0x08000152   Section        0  libshutdown2.o(.ARM.Collect$$libshutdown$$00000004)
    .ARM.Collect$$libshutdown$$00000007      0x08000152   Section        0  libshutdown2.o(.ARM.Collect$$libshutdown$$00000007)
    .ARM.Collect$$libshutdown$$0000000A      0x08000152   Section        0  libshutdown2.o(.ARM.Collect$$libshutdown$$0000000A)
    .ARM.Collect$$libshutdown$$0000000C      0x08000152   Section        0  libshutdown2.o(.ARM.Collect$$libshutdown$$0000000C)
    .ARM.Collect$$libshutdown$$0000000F      0x08000152   Section        0  libshutdown2.o(.ARM.Collect$$libshutdown$$0000000F)
    .ARM.Collect$$libshutdown$$00000010      0x08000152   Section        2  libshutdown2.o(.ARM.Collect$$libshutdown$$00000010)
    .ARM.Collect$$rtentry$$00000000          0x08000154   Section        0  __rtentry.o(.ARM.Collect$$rtentry$$00000000)
    .ARM.Collect$$rtentry$$00000002          0x08000154   Section        0  __rtentry2.o(.ARM.Collect$$rtentry$$00000002)
    .ARM.Collect$$rtentry$$00000004          0x08000154   Section        6  __rtentry4.o(.ARM.Collect$$rtentry$$00000004)
    .ARM.Collect$$rtentry$$00000009          0x0800015a   Section        0  __rtentry2.o(.ARM.Collect$$rtentry$$00000009)
    .ARM.Collect$$rtentry$$0000000A          0x0800015a   Section        4  __rtentry2.o(.ARM.Collect$$rtentry$$0000000A)
    .ARM.Collect$$rtentry$$0000000C          0x0800015e   Section        0  __rtentry2.o(.ARM.Collect$$rtentry$$0000000C)
    .ARM.Collect$$rtentry$$0000000D          0x0800015e   Section        8  __rtentry2.o(.ARM.Collect$$rtentry$$0000000D)
    .ARM.Collect$$rtexit$$00000000           0x08000166   Section        2  rtexit.o(.ARM.Collect$$rtexit$$00000000)
    .ARM.Collect$$rtexit$$00000002           0x08000168   Section        0  rtexit2.o(.ARM.Collect$$rtexit$$00000002)
    .ARM.Collect$$rtexit$$00000003           0x08000168   Section        4  rtexit2.o(.ARM.Collect$$rtexit$$00000003)
    .ARM.Collect$$rtexit$$00000004           0x0800016c   Section        6  rtexit2.o(.ARM.Collect$$rtexit$$00000004)
    .TEXT                                    0x08000174   Section       72  kernel_1.o(.TEXT)
    .emb_text                                0x080001bc   Section        4  argv_veneer.o(.emb_text)
    .text                                    0x080001c0   Section       64  startup_stm32f10x_md.o(.text)
    .text                                    0x08000200   Section        0  heapauxi.o(.text)
    .text                                    0x08000206   Section       74  sys_stackheap_outer.o(.text)
    .text                                    0x08000250   Section        0  exit.o(.text)
    .text                                    0x08000264   Section        8  libspace.o(.text)
    .text                                    0x0800026c   Section        0  sys_exit.o(.text)
    .text                                    0x08000278   Section        0  _get_argv_nomalloc.o(.text)
    .text                                    0x080003a6   Section        0  sys_command.o(.text)
    .text                                    0x080003be   Section        2  use_no_semi.o(.text)
    .text                                    0x080003c0   Section        0  indicate_semi.o(.text)
    .text                                    0x080003c0   Section        0  hrguard.o(.text)
    .text                                    0x080003c4   Section        0  defsig_rtmem_outer.o(.text)
    .text                                    0x080003d2   Section        0  defsig_exit.o(.text)
    .text                                    0x080003dc   Section        0  defsig_rtmem_inner.o(.text)
    .text                                    0x0800042c   Section        0  defsig_general.o(.text)
    .text                                    0x0800045e   Section        0  sys_wrch.o(.text)
    [Anonymous Symbol]                       0x0800046c   Section        0  kernel.o(.text.EXTI0_IRQHandler)
    [Anonymous Symbol]                       0x08000490   Section        0  kernel.o(.text.EdgeTrigger_Init)
    SetSysClock                              0x08000539   Thumb Code     8  system_stm32f10x.o(.text.SetSysClock)
    [Anonymous Symbol]                       0x08000538   Section        0  system_stm32f10x.o(.text.SetSysClock)
    SetSysClockTo72                          0x08000541   Thumb Code   290  system_stm32f10x.o(.text.SetSysClockTo72)
    [Anonymous Symbol]                       0x08000540   Section        0  system_stm32f10x.o(.text.SetSysClockTo72)
    [Anonymous Symbol]                       0x08000664   Section        0  main.o(.text.SysTick_Handler)
    [Anonymous Symbol]                       0x08000678   Section        0  system_stm32f10x.o(.text.SystemInit)
    [Anonymous Symbol]                       0x080006e0   Section        0  kernel.o(.text.TIM2_IRQHandler)
    __NVIC_EnableIRQ                         0x080006fd   Thumb Code    52  kernel.o(.text.__NVIC_EnableIRQ)
    [Anonymous Symbol]                       0x080006fc   Section        0  kernel.o(.text.__NVIC_EnableIRQ)
    __NVIC_SetPriority                       0x08000731   Thumb Code    68  kernel.o(.text.__NVIC_SetPriority)
    [Anonymous Symbol]                       0x08000730   Section        0  kernel.o(.text.__NVIC_SetPriority)
    [Anonymous Symbol]                       0x08000774   Section        0  main.o(.text.main)
    [Anonymous Symbol]                       0x080007ec   Section        0  kernel.o(.text.osCooperative_Wait)
    [Anonymous Symbol]                       0x08000824   Section        0  kernel.o(.text.osEdgeTriggerInit)
    [Anonymous Symbol]                       0x08000840   Section        0  kernel.o(.text.osKernelAddPeriodicThreads)
    [Anonymous Symbol]                       0x080008b8   Section        0  kernel.o(.text.osKernelAddThread)
    [Anonymous Symbol]                       0x0800095c   Section        0  kernel.o(.text.osKernelInit)
    [Anonymous Symbol]                       0x08000984   Section        0  kernel.o(.text.osKernelLaunch)
    [Anonymous Symbol]                       0x080009e0   Section        0  kernel.o(.text.osKernelStackInit)
    [Anonymous Symbol]                       0x08000aac   Section        0  kernel.o(.text.osPeriodicTask_Init)
    [Anonymous Symbol]                       0x08000b30   Section        0  kernel.o(.text.osSchedulerPeriodicRoundRobin)
    [Anonymous Symbol]                       0x08000c14   Section        0  kernel.o(.text.osSemaphore_Give)
    [Anonymous Symbol]                       0x08000c30   Section        0  kernel.o(.text.osSemaphore_Init)
    [Anonymous Symbol]                       0x08000c40   Section        0  kernel.o(.text.osThreadYield)
    [Anonymous Symbol]                       0x08000c60   Section        0  main.o(.text.periodicTask0)
    [Anonymous Symbol]                       0x08000c70   Section        0  kernel.o(.text.periodic_events_exe)
    [Anonymous Symbol]                       0x08000d44   Section        0  main.o(.text.task0)
    [Anonymous Symbol]                       0x08000d70   Section        0  main.o(.text.task1)
    [Anonymous Symbol]                       0x08000d9c   Section        0  main.o(.text.task2)
    .bss                                     0x20000000   Section       96  libspace.o(.bss)
    MaxPeriod                                0x20000064   Data           4  kernel.o(.bss.MaxPeriod)
    [Anonymous Symbol]                       0x20000064   Section        0  kernel.o(.bss.MaxPeriod)
    PeriodicTasks                            0x2000006c   Data         120  kernel.o(.bss.PeriodicTasks)
    [Anonymous Symbol]                       0x2000006c   Section        0  kernel.o(.bss.PeriodicTasks)
    TimeMSec                                 0x200008b4   Data           4  kernel.o(.bss.TimeMSec)
    [Anonymous Symbol]                       0x200008b4   Section        0  kernel.o(.bss.TimeMSec)
    numberofPeriodicThreads                  0x200008d0   Data           4  kernel.o(.bss.numberofPeriodicThreads)
    [Anonymous Symbol]                       0x200008d0   Section        0  kernel.o(.bss.numberofPeriodicThreads)
    Heap_Mem                                 0x20000920   Data         512  startup_stm32f10x_md.o(HEAP)
    HEAP                                     0x20000920   Section      512  startup_stm32f10x_md.o(HEAP)
    Stack_Mem                                0x20000b20   Data        1024  startup_stm32f10x_md.o(STACK)
    STACK                                    0x20000b20   Section     1024  startup_stm32f10x_md.o(STACK)
    __initial_sp                             0x20000f20   Data           0  startup_stm32f10x_md.o(STACK)

    Global Symbols

    Symbol Name                              Value     Ov Type        Size  Object(Section)

    BuildAttributes$$THM_ISAv4$P$D$K$B$S$PE$A:L22UL41UL21$X:L11$S22US41US21$IEEE1$IW$~IW$USESV6$~STKCKD$USESV7$~SHL$OSPACE$ROPI$EBA8$UX$STANDARDLIB$REQ8$PRES8$EABIv2 0x00000000   Number         0  anon$$obj.o ABSOLUTE
    __fp_init_empty                          0x00000000   Number         0  fpinit_empty.o ABSOLUTE
    __ARM_exceptions_init                     - Undefined Weak Reference
    __alloca_initialize                       - Undefined Weak Reference
    __arm_preinit_                            - Undefined Weak Reference
    __cpp_initialize__aeabi_                  - Undefined Weak Reference
    __cxa_finalize                            - Undefined Weak Reference
    __rt_locale                               - Undefined Weak Reference
    __sigvec_lookup                           - Undefined Weak Reference
    _atexit_init                              - Undefined Weak Reference
    _call_atexit_fns                          - Undefined Weak Reference
    _clock_init                               - Undefined Weak Reference
    _fp_trap_init                             - Undefined Weak Reference
    _fp_trap_shutdown                         - Undefined Weak Reference
    _get_lc_collate                           - Undefined Weak Reference
    _get_lc_ctype                             - Undefined Weak Reference
    _get_lc_monetary                          - Undefined Weak Reference
    _get_lc_numeric                           - Undefined Weak Reference
    _get_lc_time                              - Undefined Weak Reference
    _getenv_init                              - Undefined Weak Reference
    _handle_redirection                       - Undefined Weak Reference
    _init_alloc                               - Undefined Weak Reference
    _init_user_alloc                          - Undefined Weak Reference
    _initio                                   - Undefined Weak Reference
    _rand_init                                - Undefined Weak Reference
    _signal_finish                            - Undefined Weak Reference
    _signal_init                              - Undefined Weak Reference
    _terminate_alloc                          - Undefined Weak Reference
    _terminate_user_alloc                     - Undefined Weak Reference
    _terminateio                              - Undefined Weak Reference
    __Vectors_Size                           0x000000ec   Number         0  startup_stm32f10x_md.o ABSOLUTE
    __Vectors                                0x08000000   Data           4  startup_stm32f10x_md.o(RESET)
    __Vectors_End                            0x080000ec   Data           0  startup_stm32f10x_md.o(RESET)
    __main                                   0x080000ed   Thumb Code     8  __main.o(!!!main)
    __scatterload                            0x080000f5   Thumb Code     0  __scatter.o(!!!scatter)
    __scatterload_rt2                        0x080000f5   Thumb Code    44  __scatter.o(!!!scatter)
    __scatterload_rt2_thumb_only             0x080000f5   Thumb Code     0  __scatter.o(!!!scatter)
    __scatterload_null                       0x08000103   Thumb Code     0  __scatter.o(!!!scatter)
    __scatterload_zeroinit                   0x08000129   Thumb Code    28  __scatter_zi.o(!!handler_zi)
    __rt_lib_init                            0x08000145   Thumb Code     0  libinit.o(.ARM.Collect$$libinit$$00000000)
    __rt_lib_init_argv_1                     0x08000147   Thumb Code     0  libinit2.o(.ARM.Collect$$libinit$$00000027)
    __rt_lib_init_atexit_1                   0x08000147   Thumb Code     0  libinit2.o(.ARM.Collect$$libinit$$0000001B)
    __rt_lib_init_clock_1                    0x08000147   Thumb Code     0  libinit2.o(.ARM.Collect$$libinit$$00000021)
    __rt_lib_init_fp_1                       0x08000147   Thumb Code     0  libinit2.o(.ARM.Collect$$libinit$$00000002)
    __rt_lib_init_fp_trap_1                  0x08000147   Thumb Code     0  libinit2.o(.ARM.Collect$$libinit$$0000001F)
    __rt_lib_init_getenv_1                   0x08000147   Thumb Code     0  libinit2.o(.ARM.Collect$$libinit$$00000023)
    __rt_lib_init_heap_1                     0x08000147   Thumb Code     0  libinit2.o(.ARM.Collect$$libinit$$0000000A)
    __rt_lib_init_heapregion_libspace_used   0x08000147   Thumb Code     0  libinit2.o(.ARM.Collect$$libinit$$00000027)
    __rt_lib_init_lc_collate_1               0x08000147   Thumb Code     0  libinit2.o(.ARM.Collect$$libinit$$00000011)
    __rt_lib_init_lc_ctype_1                 0x08000147   Thumb Code     0  libinit2.o(.ARM.Collect$$libinit$$00000013)
    __rt_lib_init_lc_monetary_1              0x08000147   Thumb Code     0  libinit2.o(.ARM.Collect$$libinit$$00000015)
    __rt_lib_init_lc_numeric_1               0x08000147   Thumb Code     0  libinit2.o(.ARM.Collect$$libinit$$00000017)
    __rt_lib_init_lc_time_1                  0x08000147   Thumb Code     0  libinit2.o(.ARM.Collect$$libinit$$00000019)
    __rt_lib_init_preinit_1                  0x08000147   Thumb Code     0  libinit2.o(.ARM.Collect$$libinit$$00000004)
    __rt_lib_init_rand_1                     0x08000147   Thumb Code     0  libinit2.o(.ARM.Collect$$libinit$$0000000E)
    __rt_lib_init_signal_1                   0x08000147   Thumb Code     0  libinit2.o(.ARM.Collect$$libinit$$0000001D)
    __rt_lib_init_stdio_1                    0x08000147   Thumb Code     0  libinit2.o(.ARM.Collect$$libinit$$00000025)
    __rt_lib_init_user_alloc_1               0x08000147   Thumb Code     0  libinit2.o(.ARM.Collect$$libinit$$0000000C)
    __rt_lib_init_alloca_1                   0x0800014f   Thumb Code     0  libinit2.o(.ARM.Collect$$libinit$$0000002E)
    __rt_lib_init_cpp_1                      0x0800014f   Thumb Code     0  libinit2.o(.ARM.Collect$$libinit$$00000032)
    __rt_lib_init_exceptions_1               0x0800014f   Thumb Code     0  libinit2.o(.ARM.Collect$$libinit$$00000030)
    __rt_lib_init_return                     0x0800014f   Thumb Code     0  libinit2.o(.ARM.Collect$$libinit$$00000033)
    __rt_lib_shutdown                        0x08000151   Thumb Code     0  libshutdown.o(.ARM.Collect$$libshutdown$$00000000)
    __rt_lib_shutdown_cpp_1                  0x08000153   Thumb Code     0  libshutdown2.o(.ARM.Collect$$libshutdown$$00000002)
    __rt_lib_shutdown_fp_trap_1              0x08000153   Thumb Code     0  libshutdown2.o(.ARM.Collect$$libshutdown$$00000007)
    __rt_lib_shutdown_heap_1                 0x08000153   Thumb Code     0  libshutdown2.o(.ARM.Collect$$libshutdown$$0000000F)
    __rt_lib_shutdown_return                 0x08000153   Thumb Code     0  libshutdown2.o(.ARM.Collect$$libshutdown$$00000010)
    __rt_lib_shutdown_signal_1               0x08000153   Thumb Code     0  libshutdown2.o(.ARM.Collect$$libshutdown$$0000000A)
    __rt_lib_shutdown_stdio_1                0x08000153   Thumb Code     0  libshutdown2.o(.ARM.Collect$$libshutdown$$00000004)
    __rt_lib_shutdown_user_alloc_1           0x08000153   Thumb Code     0  libshutdown2.o(.ARM.Collect$$libshutdown$$0000000C)
    __rt_entry                               0x08000155   Thumb Code     0  __rtentry.o(.ARM.Collect$$rtentry$$00000000)
    __rt_entry_presh_1                       0x08000155   Thumb Code     0  __rtentry2.o(.ARM.Collect$$rtentry$$00000002)
    __rt_entry_sh                            0x08000155   Thumb Code     0  __rtentry4.o(.ARM.Collect$$rtentry$$00000004)
    __rt_entry_li                            0x0800015b   Thumb Code     0  __rtentry2.o(.ARM.Collect$$rtentry$$0000000A)
    __rt_entry_postsh_1                      0x0800015b   Thumb Code     0  __rtentry2.o(.ARM.Collect$$rtentry$$00000009)
    __rt_entry_main                          0x0800015f   Thumb Code     0  __rtentry2.o(.ARM.Collect$$rtentry$$0000000D)
    __rt_entry_postli_1                      0x0800015f   Thumb Code     0  __rtentry2.o(.ARM.Collect$$rtentry$$0000000C)
    __rt_exit                                0x08000167   Thumb Code     0  rtexit.o(.ARM.Collect$$rtexit$$00000000)
    __rt_exit_ls                             0x08000169   Thumb Code     0  rtexit2.o(.ARM.Collect$$rtexit$$00000003)
    __rt_exit_prels_1                        0x08000169   Thumb Code     0  rtexit2.o(.ARM.Collect$$rtexit$$00000002)
    __rt_exit_exit                           0x0800016d   Thumb Code     0  rtexit2.o(.ARM.Collect$$rtexit$$00000004)
    osSchedulerLaunch                        0x08000175   Thumb Code     0  kernel_1.o(.TEXT)
    PendSV_Handler                           0x08000193   Thumb Code     0  kernel_1.o(.TEXT)
    __ARM_argv_veneer                        0x080001bd   Thumb Code     4  argv_veneer.o(.emb_text)
    Reset_Handler                            0x080001c1   Thumb Code     8  startup_stm32f10x_md.o(.text)
    NMI_Handler                              0x080001c9   Thumb Code     2  startup_stm32f10x_md.o(.text)
    HardFault_Handler                        0x080001cb   Thumb Code     2  startup_stm32f10x_md.o(.text)
    MemManage_Handler                        0x080001cd   Thumb Code     2  startup_stm32f10x_md.o(.text)
    BusFault_Handler                         0x080001cf   Thumb Code     2  startup_stm32f10x_md.o(.text)
    UsageFault_Handler                       0x080001d1   Thumb Code     2  startup_stm32f10x_md.o(.text)
    SVC_Handler                              0x080001d3   Thumb Code     2  startup_stm32f10x_md.o(.text)
    DebugMon_Handler                         0x080001d5   Thumb Code     2  startup_stm32f10x_md.o(.text)
    ADC1_2_IRQHandler                        0x080001db   Thumb Code     0  startup_stm32f10x_md.o(.text)
    CAN1_RX1_IRQHandler                      0x080001db   Thumb Code     0  startup_stm32f10x_md.o(.text)
    CAN1_SCE_IRQHandler                      0x080001db   Thumb Code     0  startup_stm32f10x_md.o(.text)
    DMA1_Channel1_IRQHandler                 0x080001db   Thumb Code     0  startup_stm32f10x_md.o(.text)
    DMA1_Channel2_IRQHandler                 0x080001db   Thumb Code     0  startup_stm32f10x_md.o(.text)
    DMA1_Channel3_IRQHandler                 0x080001db   Thumb Code     0  startup_stm32f10x_md.o(.text)
    DMA1_Channel4_IRQHandler                 0x080001db   Thumb Code     0  startup_stm32f10x_md.o(.text)
    DMA1_Channel5_IRQHandler                 0x080001db   Thumb Code     0  startup_stm32f10x_md.o(.text)
    DMA1_Channel6_IRQHandler                 0x080001db   Thumb Code     0  startup_stm32f10x_md.o(.text)
    DMA1_Channel7_IRQHandler                 0x080001db   Thumb Code     0  startup_stm32f10x_md.o(.text)
    EXTI15_10_IRQHandler                     0x080001db   Thumb Code     0  startup_stm32f10x_md.o(.text)
    EXTI1_IRQHandler                         0x080001db   Thumb Code     0  startup_stm32f10x_md.o(.text)
    EXTI2_IRQHandler                         0x080001db   Thumb Code     0  startup_stm32f10x_md.o(.text)
    EXTI3_IRQHandler                         0x080001db   Thumb Code     0  startup_stm32f10x_md.o(.text)
    EXTI4_IRQHandler                         0x080001db   Thumb Code     0  startup_stm32f10x_md.o(.text)
    EXTI9_5_IRQHandler                       0x080001db   Thumb Code     0  startup_stm32f10x_md.o(.text)
    FLASH_IRQHandler                         0x080001db   Thumb Code     0  startup_stm32f10x_md.o(.text)
    I2C1_ER_IRQHandler                       0x080001db   Thumb Code     0  startup_stm32f10x_md.o(.text)
    I2C1_EV_IRQHandler                       0x080001db   Thumb Code     0  startup_stm32f10x_md.o(.text)
    I2C2_ER_IRQHandler                       0x080001db   Thumb Code     0  startup_stm32f10x_md.o(.text)
    I2C2_EV_IRQHandler                       0x080001db   Thumb Code     0  startup_stm32f10x_md.o(.text)
    PVD_IRQHandler                           0x080001db   Thumb Code     0  startup_stm32f10x_md.o(.text)
    RCC_IRQHandler                           0x080001db   Thumb Code     0  startup_stm32f10x_md.o(.text)
    RTCAlarm_IRQHandler                      0x080001db   Thumb Code     0  startup_stm32f10x_md.o(.text)
    RTC_IRQHandler                           0x080001db   Thumb Code     0  startup_stm32f10x_md.o(.text)
    SPI1_IRQHandler                          0x080001db   Thumb Code     0  startup_stm32f10x_md.o(.text)
    SPI2_IRQHandler                          0x080001db   Thumb Code     0  startup_stm32f10x_md.o(.text)
    TAMPER_IRQHandler                        0x080001db   Thumb Code     0  startup_stm32f10x_md.o(.text)
    TIM1_BRK_IRQHandler                      0x080001db   Thumb Code     0  startup_stm32f10x_md.o(.text)
    TIM1_CC_IRQHandler                       0x080001db   Thumb Code     0  startup_stm32f10x_md.o(.text)
    TIM1_TRG_COM_IRQHandler                  0x080001db   Thumb Code     0  startup_stm32f10x_md.o(.text)
    TIM1_UP_IRQHandler                       0x080001db   Thumb Code     0  startup_stm32f10x_md.o(.text)
    TIM3_IRQHandler                          0x080001db   Thumb Code     0  startup_stm32f10x_md.o(.text)
    TIM4_IRQHandler                          0x080001db   Thumb Code     0  startup_stm32f10x_md.o(.text)
    USART1_IRQHandler                        0x080001db   Thumb Code     0  startup_stm32f10x_md.o(.text)
    USART2_IRQHandler                        0x080001db   Thumb Code     0  startup_stm32f10x_md.o(.text)
    USART3_IRQHandler                        0x080001db   Thumb Code     0  startup_stm32f10x_md.o(.text)
    USBWakeUp_IRQHandler                     0x080001db   Thumb Code     0  startup_stm32f10x_md.o(.text)
    USB_HP_CAN1_TX_IRQHandler                0x080001db   Thumb Code     0  startup_stm32f10x_md.o(.text)
    USB_LP_CAN1_RX0_IRQHandler               0x080001db   Thumb Code     0  startup_stm32f10x_md.o(.text)
    WWDG_IRQHandler                          0x080001db   Thumb Code     0  startup_stm32f10x_md.o(.text)
    __user_initial_stackheap                 0x080001dd   Thumb Code     0  startup_stm32f10x_md.o(.text)
    __use_two_region_memory                  0x08000201   Thumb Code     2  heapauxi.o(.text)
    __rt_heap_escrow$2region                 0x08000203   Thumb Code     2  heapauxi.o(.text)
    __rt_heap_expand$2region                 0x08000205   Thumb Code     2  heapauxi.o(.text)
    __user_setup_stackheap                   0x08000207   Thumb Code    74  sys_stackheap_outer.o(.text)
    exit                                     0x08000251   Thumb Code    18  exit.o(.text)
    __user_libspace                          0x08000265   Thumb Code     8  libspace.o(.text)
    __user_perproc_libspace                  0x08000265   Thumb Code     0  libspace.o(.text)
    __user_perthread_libspace                0x08000265   Thumb Code     0  libspace.o(.text)
    _sys_exit                                0x0800026d   Thumb Code     8  sys_exit.o(.text)
    __argv_alloc                             0x08000279   Thumb Code    34  _get_argv_nomalloc.o(.text)
    __ARM_get_argv                           0x0800029b   Thumb Code   268  _get_argv_nomalloc.o(.text)
    _sys_command_string                      0x080003a7   Thumb Code    24  sys_command.o(.text)
    __I$use$semihosting                      0x080003bf   Thumb Code     0  use_no_semi.o(.text)
    __use_no_semihosting_swi                 0x080003bf   Thumb Code     2  use_no_semi.o(.text)
    __semihosting_library_function           0x080003c1   Thumb Code     0  indicate_semi.o(.text)
    __use_no_heap_region                     0x080003c1   Thumb Code     2  hrguard.o(.text)
    __heap_region$guard                      0x080003c3   Thumb Code     2  hrguard.o(.text)
    __rt_SIGRTMEM                            0x080003c5   Thumb Code    14  defsig_rtmem_outer.o(.text)
    __sig_exit                               0x080003d3   Thumb Code    10  defsig_exit.o(.text)
    __rt_SIGRTMEM_inner                      0x080003dd   Thumb Code    22  defsig_rtmem_inner.o(.text)
    __default_signal_display                 0x0800042d   Thumb Code    50  defsig_general.o(.text)
    _ttywrch                                 0x0800045f   Thumb Code    14  sys_wrch.o(.text)
    EXTI0_IRQHandler                         0x0800046d   Thumb Code    34  kernel.o(.text.EXTI0_IRQHandler)
    EdgeTrigger_Init                         0x08000491   Thumb Code   166  kernel.o(.text.EdgeTrigger_Init)
    SysTick_Handler                          0x08000665   Thumb Code    18  main.o(.text.SysTick_Handler)
    SystemInit                               0x08000679   Thumb Code   102  system_stm32f10x.o(.text.SystemInit)
    TIM2_IRQHandler                          0x080006e1   Thumb Code    26  kernel.o(.text.TIM2_IRQHandler)
    main                                     0x08000775   Thumb Code   120  main.o(.text.main)
    osCooperative_Wait                       0x080007ed   Thumb Code    56  kernel.o(.text.osCooperative_Wait)
    osEdgeTriggerInit                        0x08000825   Thumb Code    26  kernel.o(.text.osEdgeTriggerInit)
    osKernelAddPeriodicThreads               0x08000841   Thumb Code   118  kernel.o(.text.osKernelAddPeriodicThreads)
    osKernelAddThread                        0x080008b9   Thumb Code   164  kernel.o(.text.osKernelAddThread)
    osKernelInit                             0x0800095d   Thumb Code    40  kernel.o(.text.osKernelInit)
    osKernelLaunch                           0x08000985   Thumb Code    92  kernel.o(.text.osKernelLaunch)
    osKernelStackInit                        0x080009e1   Thumb Code   204  kernel.o(.text.osKernelStackInit)
    osPeriodicTask_Init                      0x08000aad   Thumb Code   130  kernel.o(.text.osPeriodicTask_Init)
    osSchedulerPeriodicRoundRobin            0x08000b31   Thumb Code   228  kernel.o(.text.osSchedulerPeriodicRoundRobin)
    osSemaphore_Give                         0x08000c15   Thumb Code    26  kernel.o(.text.osSemaphore_Give)
    osSemaphore_Init                         0x08000c31   Thumb Code    16  kernel.o(.text.osSemaphore_Init)
    osThreadYield                            0x08000c41   Thumb Code    30  kernel.o(.text.osThreadYield)
    periodicTask0                            0x08000c61   Thumb Code    16  main.o(.text.periodicTask0)
    periodic_events_exe                      0x08000c71   Thumb Code   212  kernel.o(.text.periodic_events_exe)
    task0                                    0x08000d45   Thumb Code    44  main.o(.text.task0)
    task1                                    0x08000d71   Thumb Code    44  main.o(.text.task1)
    task2                                    0x08000d9d   Thumb Code    18  main.o(.text.task2)
    Region$$Table$$Base                      0x08000db0   Number         0  anon$$obj.o(Region$$Table)
    Region$$Table$$Limit                     0x08000dc0   Number         0  anon$$obj.o(Region$$Table)
    __libspace_start                         0x20000000   Data          96  libspace.o(.bss)
    MILLIS_PRESCALER                         0x20000060   Data           4  kernel.o(.bss.MILLIS_PRESCALER)
    __temporary_stack_top$libspace           0x20000060   Data           0  libspace.o(.bss)
    PeriodicTask                             0x20000068   Data           4  kernel.o(.bss.PeriodicTask)
    TCB_STACK                                0x200000e4   Data        2000  kernel.o(.bss.TCB_STACK)
    cnt0                                     0x200008b8   Data           4  main.o(.bss.cnt0)
    currentPt                                0x200008bc   Data           4  kernel.o(.bss.currentPt)
    edge_semaphore                           0x200008c0   Data           4  kernel.o(.bss.edge_semaphore)
    i1                                       0x200008c4   Data           4  main.o(.bss.i1)
    i2                                       0x200008c8   Data           4  main.o(.bss.i2)
    i3                                       0x200008cc   Data           4  main.o(.bss.i3)
    semaphore1                               0x200008d4   Data           4  main.o(.bss.semaphore1)
    semaphore2                               0x200008d8   Data           4  main.o(.bss.semaphore2)
    sporadicSemaphore                        0x200008dc   Data           4  main.o(.bss.sporadicSemaphore)
    tcbs                                     0x200008e0   Data          60  kernel.o(.bss.tcbs)



==============================================================================

Memory Map of the image

  Image Entry point : 0x080000ed

  Load Region LR_IROM1 (Base: 0x08000000, Size: 0x00000dc0, Max: 0x00010000, ABSOLUTE)

    Execution Region ER_IROM1 (Exec base: 0x08000000, Load base: 0x08000000, Size: 0x00000dc0, Max: 0x00010000, ABSOLUTE)

    Exec Addr    Load Addr    Size         Type   Attr      Idx    E Section Name        Object

    0x08000000   0x08000000   0x000000ec   Data   RO          134    RESET               startup_stm32f10x_md.o
    0x080000ec   0x080000ec   0x00000008   Code   RO          160  * !!!main             c_w.l(__main.o)
    0x080000f4   0x080000f4   0x00000034   Code   RO          323    !!!scatter          c_w.l(__scatter.o)
    0x08000128   0x08000128   0x0000001c   Code   RO          325    !!handler_zi        c_w.l(__scatter_zi.o)
    0x08000144   0x08000144   0x00000002   Code   RO          187    .ARM.Collect$$libinit$$00000000  c_w.l(libinit.o)
    0x08000146   0x08000146   0x00000000   Code   RO          194    .ARM.Collect$$libinit$$00000002  c_w.l(libinit2.o)
    0x08000146   0x08000146   0x00000000   Code   RO          196    .ARM.Collect$$libinit$$00000004  c_w.l(libinit2.o)
    0x08000146   0x08000146   0x00000000   Code   RO          199    .ARM.Collect$$libinit$$0000000A  c_w.l(libinit2.o)
    0x08000146   0x08000146   0x00000000   Code   RO          201    .ARM.Collect$$libinit$$0000000C  c_w.l(libinit2.o)
    0x08000146   0x08000146   0x00000000   Code   RO          203    .ARM.Collect$$libinit$$0000000E  c_w.l(libinit2.o)
    0x08000146   0x08000146   0x00000000   Code   RO          206    .ARM.Collect$$libinit$$00000011  c_w.l(libinit2.o)
    0x08000146   0x08000146   0x00000000   Code   RO          208    .ARM.Collect$$libinit$$00000013  c_w.l(libinit2.o)
    0x08000146   0x08000146   0x00000000   Code   RO          210    .ARM.Collect$$libinit$$00000015  c_w.l(libinit2.o)
    0x08000146   0x08000146   0x00000000   Code   RO          212    .ARM.Collect$$libinit$$00000017  c_w.l(libinit2.o)
    0x08000146   0x08000146   0x00000000   Code   RO          214    .ARM.Collect$$libinit$$00000019  c_w.l(libinit2.o)
    0x08000146   0x08000146   0x00000000   Code   RO          216    .ARM.Collect$$libinit$$0000001B  c_w.l(libinit2.o)
    0x08000146   0x08000146   0x00000000   Code   RO          218    .ARM.Collect$$libinit$$0000001D  c_w.l(libinit2.o)
    0x08000146   0x08000146   0x00000000   Code   RO          220    .ARM.Collect$$libinit$$0000001F  c_w.l(libinit2.o)
    0x08000146   0x08000146   0x00000000   Code   RO          222    .ARM.Collect$$libinit$$00000021  c_w.l(libinit2.o)
    0x08000146   0x08000146   0x00000000   Code   RO          224    .ARM.Collect$$libinit$$00000023  c_w.l(libinit2.o)
    0x08000146   0x08000146   0x00000000   Code   RO          226    .ARM.Collect$$libinit$$00000025  c_w.l(libinit2.o)
    0x08000146   0x08000146   0x00000008   Code   RO          228    .ARM.Collect$$libinit$$00000027  c_w.l(libinit2.o)
    0x0800014e   0x0800014e   0x00000000   Code   RO          232    .ARM.Collect$$libinit$$0000002E  c_w.l(libinit2.o)
    0x0800014e   0x0800014e   0x00000000   Code   RO          234    .ARM.Collect$$libinit$$00000030  c_w.l(libinit2.o)
    0x0800014e   0x0800014e   0x00000000   Code   RO          236    .ARM.Collect$$libinit$$00000032  c_w.l(libinit2.o)
    0x0800014e   0x0800014e   0x00000002   Code   RO          237    .ARM.Collect$$libinit$$00000033  c_w.l(libinit2.o)
    0x08000150   0x08000150   0x00000002   Code   RO          259    .ARM.Collect$$libshutdown$$00000000  c_w.l(libshutdown.o)
    0x08000152   0x08000152   0x00000000   Code   RO          274    .ARM.Collect$$libshutdown$$00000002  c_w.l(libshutdown2.o)
    0x08000152   0x08000152   0x00000000   Code   RO          276    .ARM.Collect$$libshutdown$$00000004  c_w.l(libshutdown2.o)
    0x08000152   0x08000152   0x00000000   Code   RO          279    .ARM.Collect$$libshutdown$$00000007  c_w.l(libshutdown2.o)
    0x08000152   0x08000152   0x00000000   Code   RO          282    .ARM.Collect$$libshutdown$$0000000A  c_w.l(libshutdown2.o)
    0x08000152   0x08000152   0x00000000   Code   RO          284    .ARM.Collect$$libshutdown$$0000000C  c_w.l(libshutdown2.o)
    0x08000152   0x08000152   0x00000000   Code   RO          287    .ARM.Collect$$libshutdown$$0000000F  c_w.l(libshutdown2.o)
    0x08000152   0x08000152   0x00000002   Code   RO          288    .ARM.Collect$$libshutdown$$00000010  c_w.l(libshutdown2.o)
    0x08000154   0x08000154   0x00000000   Code   RO          162    .ARM.Collect$$rtentry$$00000000  c_w.l(__rtentry.o)
    0x08000154   0x08000154   0x00000000   Code   RO          164    .ARM.Collect$$rtentry$$00000002  c_w.l(__rtentry2.o)
    0x08000154   0x08000154   0x00000006   Code   RO          176    .ARM.Collect$$rtentry$$00000004  c_w.l(__rtentry4.o)
    0x0800015a   0x0800015a   0x00000000   Code   RO          166    .ARM.Collect$$rtentry$$00000009  c_w.l(__rtentry2.o)
    0x0800015a   0x0800015a   0x00000004   Code   RO          167    .ARM.Collect$$rtentry$$0000000A  c_w.l(__rtentry2.o)
    0x0800015e   0x0800015e   0x00000000   Code   RO          169    .ARM.Collect$$rtentry$$0000000C  c_w.l(__rtentry2.o)
    0x0800015e   0x0800015e   0x00000008   Code   RO          170    .ARM.Collect$$rtentry$$0000000D  c_w.l(__rtentry2.o)
    0x08000166   0x08000166   0x00000002   Code   RO          191    .ARM.Collect$$rtexit$$00000000  c_w.l(rtexit.o)
    0x08000168   0x08000168   0x00000000   Code   RO          239    .ARM.Collect$$rtexit$$00000002  c_w.l(rtexit2.o)
    0x08000168   0x08000168   0x00000004   Code   RO          240    .ARM.Collect$$rtexit$$00000003  c_w.l(rtexit2.o)
    0x0800016c   0x0800016c   0x00000006   Code   RO          241    .ARM.Collect$$rtexit$$00000004  c_w.l(rtexit2.o)
    0x08000172   0x08000172   0x00000002   PAD
    0x08000174   0x08000174   0x00000048   Code   RO          116    .TEXT               kernel_1.o
    0x080001bc   0x080001bc   0x00000004   Code   RO          245    .emb_text           c_w.l(argv_veneer.o)
    0x080001c0   0x080001c0   0x00000040   Code   RO          135    .text               startup_stm32f10x_md.o
    0x08000200   0x08000200   0x00000006   Code   RO          158    .text               c_w.l(heapauxi.o)
    0x08000206   0x08000206   0x0000004a   Code   RO          178    .text               c_w.l(sys_stackheap_outer.o)
    0x08000250   0x08000250   0x00000012   Code   RO          180    .text               c_w.l(exit.o)
    0x08000262   0x08000262   0x00000002   PAD
    0x08000264   0x08000264   0x00000008   Code   RO          188    .text               c_w.l(libspace.o)
    0x0800026c   0x0800026c   0x0000000c   Code   RO          249    .text               c_w.l(sys_exit.o)
    0x08000278   0x08000278   0x0000012e   Code   RO          255    .text               c_w.l(_get_argv_nomalloc.o)
    0x080003a6   0x080003a6   0x00000018   Code   RO          260    .text               c_w.l(sys_command.o)
    0x080003be   0x080003be   0x00000002   Code   RO          264    .text               c_w.l(use_no_semi.o)
    0x080003c0   0x080003c0   0x00000000   Code   RO          266    .text               c_w.l(indicate_semi.o)
    0x080003c0   0x080003c0   0x00000004   Code   RO          267    .text               c_w.l(hrguard.o)
    0x080003c4   0x080003c4   0x0000000e   Code   RO          269    .text               c_w.l(defsig_rtmem_outer.o)
    0x080003d2   0x080003d2   0x0000000a   Code   RO          291    .text               c_w.l(defsig_exit.o)
    0x080003dc   0x080003dc   0x00000050   Code   RO          293    .text               c_w.l(defsig_rtmem_inner.o)
    0x0800042c   0x0800042c   0x00000032   Code   RO          297    .text               c_w.l(defsig_general.o)
    0x0800045e   0x0800045e   0x0000000e   Code   RO          299    .text               c_w.l(sys_wrch.o)
    0x0800046c   0x0800046c   0x00000022   Code   RO           76    .text.EXTI0_IRQHandler  kernel.o
    0x0800048e   0x0800048e   0x00000002   PAD
    0x08000490   0x08000490   0x000000a6   Code   RO           72    .text.EdgeTrigger_Init  kernel.o
    0x08000536   0x08000536   0x00000002   PAD
    0x08000538   0x08000538   0x00000008   Code   RO          142    .text.SetSysClock   system_stm32f10x.o
    0x08000540   0x08000540   0x00000122   Code   RO          146    .text.SetSysClockTo72  system_stm32f10x.o
    0x08000662   0x08000662   0x00000002   PAD
    0x08000664   0x08000664   0x00000012   Code   RO           16    .text.SysTick_Handler  main.o
    0x08000676   0x08000676   0x00000002   PAD
    0x08000678   0x08000678   0x00000066   Code   RO          140    .text.SystemInit    system_stm32f10x.o
    0x080006de   0x080006de   0x00000002   PAD
    0x080006e0   0x080006e0   0x0000001a   Code   RO           40    .text.TIM2_IRQHandler  kernel.o
    0x080006fa   0x080006fa   0x00000002   PAD
    0x080006fc   0x080006fc   0x00000034   Code   RO           70    .text.__NVIC_EnableIRQ  kernel.o
    0x08000730   0x08000730   0x00000044   Code   RO           44    .text.__NVIC_SetPriority  kernel.o
    0x08000774   0x08000774   0x00000078   Code   RO           14    .text.main          main.o
    0x080007ec   0x080007ec   0x00000038   Code   RO           62    .text.osCooperative_Wait  kernel.o
    0x08000824   0x08000824   0x0000001a   Code   RO           74    .text.osEdgeTriggerInit  kernel.o
    0x0800083e   0x0800083e   0x00000002   PAD
    0x08000840   0x08000840   0x00000076   Code   RO           52    .text.osKernelAddPeriodicThreads  kernel.o
    0x080008b6   0x080008b6   0x00000002   PAD
    0x080008b8   0x080008b8   0x000000a4   Code   RO           48    .text.osKernelAddThread  kernel.o
    0x0800095c   0x0800095c   0x00000028   Code   RO           36    .text.osKernelInit  kernel.o
    0x08000984   0x08000984   0x0000005c   Code   RO           42    .text.osKernelLaunch  kernel.o
    0x080009e0   0x080009e0   0x000000cc   Code   RO           46    .text.osKernelStackInit  kernel.o
    0x08000aac   0x08000aac   0x00000082   Code   RO           38    .text.osPeriodicTask_Init  kernel.o
    0x08000b2e   0x08000b2e   0x00000002   PAD
    0x08000b30   0x08000b30   0x000000e4   Code   RO           64    .text.osSchedulerPeriodicRoundRobin  kernel.o
    0x08000c14   0x08000c14   0x0000001a   Code   RO           58    .text.osSemaphore_Give  kernel.o
    0x08000c2e   0x08000c2e   0x00000002   PAD
    0x08000c30   0x08000c30   0x00000010   Code   RO           56    .text.osSemaphore_Init  kernel.o
    0x08000c40   0x08000c40   0x0000001e   Code   RO           34    .text.osThreadYield  kernel.o
    0x08000c5e   0x08000c5e   0x00000002   PAD
    0x08000c60   0x08000c60   0x00000010   Code   RO            8    .text.periodicTask0  main.o
    0x08000c70   0x08000c70   0x000000d4   Code   RO           66    .text.periodic_events_exe  kernel.o
    0x08000d44   0x08000d44   0x0000002c   Code   RO            2    .text.task0         main.o
    0x08000d70   0x08000d70   0x0000002c   Code   RO            4    .text.task1         main.o
    0x08000d9c   0x08000d9c   0x00000012   Code   RO            6    .text.task2         main.o
    0x08000dae   0x08000dae   0x00000002   PAD
    0x08000db0   0x08000db0   0x00000010   Data   RO          322    Region$$Table       anon$$obj.o


    Execution Region RW_IRAM1 (Exec base: 0x20000000, Load base: 0x08000dc0, Size: 0x00000f20, Max: 0x00005000, ABSOLUTE)

    Exec Addr    Load Addr    Size         Type   Attr      Idx    E Section Name        Object

    0x20000000        -       0x00000060   Zero   RW          189    .bss                c_w.l(libspace.o)
    0x20000060        -       0x00000004   Zero   RW           91    .bss.MILLIS_PRESCALER  kernel.o
    0x20000064        -       0x00000004   Zero   RW          100    .bss.MaxPeriod      kernel.o
    0x20000068        -       0x00000004   Zero   RW           92    .bss.PeriodicTask   kernel.o
    0x2000006c        -       0x00000078   Zero   RW           98    .bss.PeriodicTasks  kernel.o
    0x200000e4        -       0x000007d0   Zero   RW           93    .bss.TCB_STACK      kernel.o
    0x200008b4        -       0x00000004   Zero   RW           99    .bss.TimeMSec       kernel.o
    0x200008b8        -       0x00000004   Zero   RW           24    .bss.cnt0           main.o
    0x200008bc        -       0x00000004   Zero   RW           95    .bss.currentPt      kernel.o
    0x200008c0        -       0x00000004   Zero   RW          101    .bss.edge_semaphore  kernel.o
    0x200008c4        -       0x00000004   Zero   RW           20    .bss.i1             main.o
    0x200008c8        -       0x00000004   Zero   RW           22    .bss.i2             main.o
    0x200008cc        -       0x00000004   Zero   RW           23    .bss.i3             main.o
    0x200008d0        -       0x00000004   Zero   RW           97    .bss.numberofPeriodicThreads  kernel.o
    0x200008d4        -       0x00000004   Zero   RW           19    .bss.semaphore1     main.o
    0x200008d8        -       0x00000004   Zero   RW           21    .bss.semaphore2     main.o
    0x200008dc        -       0x00000004   Zero   RW           18    .bss.sporadicSemaphore  main.o
    0x200008e0        -       0x0000003c   Zero   RW           94    .bss.tcbs           kernel.o
    0x2000091c   0x08000dc0   0x00000004   PAD
    0x20000920        -       0x00000200   Zero   RW          133    HEAP                startup_stm32f10x_md.o
    0x20000b20        -       0x00000400   Zero   RW          132    STACK               startup_stm32f10x_md.o


==============================================================================

Image component sizes


      Code (inc. data)   RO Data    RW Data    ZI Data      Debug   Object Name

      1688          0          0          0       2208       9874   kernel.o
        72          4          0          0          0        260   kernel_1.o
       260          0          0          0         28       2039   main.o
        64         26        236          0       1536        808   startup_stm32f10x_md.o
       400          0          0          0          0       2810   system_stm32f10x.o

    ----------------------------------------------------------------------
      2508         30        252          0       3776      15791   Object Totals
         0          0         16          0          0          0   (incl. Generated)
        24          0          0          0          4          0   (incl. Padding)

    ----------------------------------------------------------------------

      Code (inc. data)   RO Data    RW Data    ZI Data      Debug   Library Member Name

         8          0          0          0          0         68   __main.o
         0          0          0          0          0          0   __rtentry.o
        12          0          0          0          0          0   __rtentry2.o
         6          0          0          0          0          0   __rtentry4.o
        52          8          0          0          0          0   __scatter.o
        28          0          0          0          0          0   __scatter_zi.o
       302          0          0          0          0        168   _get_argv_nomalloc.o
         4          0          0          0          0         68   argv_veneer.o
        10          0          0          0          0         68   defsig_exit.o
        50          0          0          0          0         88   defsig_general.o
        80         58          0          0          0         76   defsig_rtmem_inner.o
        14          0          0          0          0         80   defsig_rtmem_outer.o
        18          0          0          0          0         80   exit.o
         6          0          0          0          0        152   heapauxi.o
         4          0          0          0          0        136   hrguard.o
         0          0          0          0          0          0   indicate_semi.o
         2          0          0          0          0          0   libinit.o
        10          0          0          0          0          0   libinit2.o
         2          0          0          0          0          0   libshutdown.o
         2          0          0          0          0          0   libshutdown2.o
         8          4          0          0         96         68   libspace.o
         2          0          0          0          0          0   rtexit.o
        10          0          0          0          0          0   rtexit2.o
        24          0          0          0          0         76   sys_command.o
        12          4          0          0          0         68   sys_exit.o
        74          0          0          0          0         80   sys_stackheap_outer.o
        14          0          0          0          0         76   sys_wrch.o
         2          0          0          0          0         68   use_no_semi.o

    ----------------------------------------------------------------------
       760         74          0          0         96       1420   Library Totals
         4          0          0          0          0          0   (incl. Padding)

    ----------------------------------------------------------------------

      Code (inc. data)   RO Data    RW Data    ZI Data      Debug   Library Name

       756         74          0          0         96       1420   c_w.l

    ----------------------------------------------------------------------
       760         74          0          0         96       1420   Library Totals

    ----------------------------------------------------------------------

==============================================================================


      Code (inc. data)   RO Data    RW Data    ZI Data      Debug   

      3268        104        252          0       3872      16483   Grand Totals
      3268        104        252          0       3872      16483   ELF Image Totals
      3268        104        252          0          0          0   ROM Totals

==============================================================================

    Total RO  Size (Code + RO Data)                 3520 (   3.44kB)
    Total RW  Size (RW Data + ZI Data)              3872 (   3.78kB)
    Total ROM Size (Code + RO Data + RW Data)       3520 (   3.44kB)

==============================================================================

